Component: ARM Compiler 5.06 update 6 (build 750) Tool: armlink [4d35ed]

==============================================================================

Section Cross References

    startup_stm32f40_41xxx.o(STACK) refers (Special) to heapauxi.o(.text) for __use_two_region_memory
    startup_stm32f40_41xxx.o(HEAP) refers (Special) to heapauxi.o(.text) for __use_two_region_memory
    startup_stm32f40_41xxx.o(RESET) refers (Special) to heapauxi.o(.text) for __use_two_region_memory
    startup_stm32f40_41xxx.o(RESET) refers to startup_stm32f40_41xxx.o(STACK) for __initial_sp
    startup_stm32f40_41xxx.o(RESET) refers to startup_stm32f40_41xxx.o(.text) for Reset_Handler
    startup_stm32f40_41xxx.o(RESET) refers to stm32f4xx_it.o(i.NMI_Handler) for NMI_Handler
    startup_stm32f40_41xxx.o(RESET) refers to stm32f4xx_it.o(i.HardFault_Handler) for HardFault_Handler
    startup_stm32f40_41xxx.o(RESET) refers to stm32f4xx_it.o(i.MemManage_Handler) for MemManage_Handler
    startup_stm32f40_41xxx.o(RESET) refers to stm32f4xx_it.o(i.BusFault_Handler) for BusFault_Handler
    startup_stm32f40_41xxx.o(RESET) refers to stm32f4xx_it.o(i.UsageFault_Handler) for UsageFault_Handler
    startup_stm32f40_41xxx.o(RESET) refers to stm32f4xx_it.o(i.SVC_Handler) for SVC_Handler
    startup_stm32f40_41xxx.o(RESET) refers to stm32f4xx_it.o(i.DebugMon_Handler) for DebugMon_Handler
    startup_stm32f40_41xxx.o(RESET) refers to os_cpu_a.o(.text) for PendSV_Handler
    startup_stm32f40_41xxx.o(RESET) refers to os_cpu_c.o(i.SysTick_Handler) for SysTick_Handler
    startup_stm32f40_41xxx.o(RESET) refers to ppm.o(i.TIM2_IRQHandler) for TIM2_IRQHandler
    startup_stm32f40_41xxx.o(RESET) refers to serial.o(i.USART1_IRQHandler) for USART1_IRQHandler
    startup_stm32f40_41xxx.o(.text) refers (Special) to heapauxi.o(.text) for __use_two_region_memory
    startup_stm32f40_41xxx.o(.text) refers to main.o(i.main) for main
    startup_stm32f40_41xxx.o(.text) refers to os_cpu_a.o(.text) for SystemInit
    startup_stm32f40_41xxx.o(.text) refers to myscratterload.o(.text) for myScatterLoad
    startup_stm32f40_41xxx.o(.text) refers to startup_stm32f40_41xxx.o(HEAP) for Heap_Mem
    startup_stm32f40_41xxx.o(.text) refers to startup_stm32f40_41xxx.o(STACK) for Stack_Mem
    system_stm32f4xx.o(i.SystemCoreClockUpdate) refers to system_stm32f4xx.o(.data) for SystemCoreClock
    stm32f4xx_adc.o(i.ADC_DeInit) refers to stm32f4xx_rcc.o(i.RCC_APB2PeriphResetCmd) for RCC_APB2PeriphResetCmd
    stm32f4xx_can.o(i.CAN_DeInit) refers to stm32f4xx_rcc.o(i.RCC_APB1PeriphResetCmd) for RCC_APB1PeriphResetCmd
    stm32f4xx_can.o(i.CAN_GetITStatus) refers to stm32f4xx_can.o(i.CheckITStatus) for CheckITStatus
    stm32f4xx_cryp.o(i.CRYP_DeInit) refers to stm32f4xx_rcc.o(i.RCC_AHB2PeriphResetCmd) for RCC_AHB2PeriphResetCmd
    stm32f4xx_cryp_aes.o(i.CRYP_AES_CBC) refers to stm32f4xx_cryp.o(i.CRYP_KeyStructInit) for CRYP_KeyStructInit
    stm32f4xx_cryp_aes.o(i.CRYP_AES_CBC) refers to stm32f4xx_cryp.o(i.CRYP_FIFOFlush) for CRYP_FIFOFlush
    stm32f4xx_cryp_aes.o(i.CRYP_AES_CBC) refers to stm32f4xx_cryp.o(i.CRYP_Init) for CRYP_Init
    stm32f4xx_cryp_aes.o(i.CRYP_AES_CBC) refers to stm32f4xx_cryp.o(i.CRYP_KeyInit) for CRYP_KeyInit
    stm32f4xx_cryp_aes.o(i.CRYP_AES_CBC) refers to stm32f4xx_cryp.o(i.CRYP_Cmd) for CRYP_Cmd
    stm32f4xx_cryp_aes.o(i.CRYP_AES_CBC) refers to stm32f4xx_cryp.o(i.CRYP_GetFlagStatus) for CRYP_GetFlagStatus
    stm32f4xx_cryp_aes.o(i.CRYP_AES_CBC) refers to stm32f4xx_cryp.o(i.CRYP_IVInit) for CRYP_IVInit
    stm32f4xx_cryp_aes.o(i.CRYP_AES_CBC) refers to stm32f4xx_cryp.o(i.CRYP_GetCmdStatus) for CRYP_GetCmdStatus
    stm32f4xx_cryp_aes.o(i.CRYP_AES_CBC) refers to stm32f4xx_cryp.o(i.CRYP_DataIn) for CRYP_DataIn
    stm32f4xx_cryp_aes.o(i.CRYP_AES_CBC) refers to stm32f4xx_cryp.o(i.CRYP_DataOut) for CRYP_DataOut
    stm32f4xx_cryp_aes.o(i.CRYP_AES_CCM) refers to stm32f4xx_cryp.o(i.CRYP_KeyStructInit) for CRYP_KeyStructInit
    stm32f4xx_cryp_aes.o(i.CRYP_AES_CCM) refers to stm32f4xx_cryp.o(i.CRYP_FIFOFlush) for CRYP_FIFOFlush
    stm32f4xx_cryp_aes.o(i.CRYP_AES_CCM) refers to stm32f4xx_cryp.o(i.CRYP_KeyInit) for CRYP_KeyInit
    stm32f4xx_cryp_aes.o(i.CRYP_AES_CCM) refers to stm32f4xx_cryp.o(i.CRYP_IVInit) for CRYP_IVInit
    stm32f4xx_cryp_aes.o(i.CRYP_AES_CCM) refers to stm32f4xx_cryp.o(i.CRYP_Init) for CRYP_Init
    stm32f4xx_cryp_aes.o(i.CRYP_AES_CCM) refers to stm32f4xx_cryp.o(i.CRYP_PhaseConfig) for CRYP_PhaseConfig
    stm32f4xx_cryp_aes.o(i.CRYP_AES_CCM) refers to stm32f4xx_cryp.o(i.CRYP_DataIn) for CRYP_DataIn
    stm32f4xx_cryp_aes.o(i.CRYP_AES_CCM) refers to stm32f4xx_cryp.o(i.CRYP_Cmd) for CRYP_Cmd
    stm32f4xx_cryp_aes.o(i.CRYP_AES_CCM) refers to stm32f4xx_cryp.o(i.CRYP_GetCmdStatus) for CRYP_GetCmdStatus
    stm32f4xx_cryp_aes.o(i.CRYP_AES_CCM) refers to stm32f4xx_cryp.o(i.CRYP_GetFlagStatus) for CRYP_GetFlagStatus
    stm32f4xx_cryp_aes.o(i.CRYP_AES_CCM) refers to stm32f4xx_cryp.o(i.CRYP_DataOut) for CRYP_DataOut
[...]
    i.OSTmr_InitTask                         0x08001d44   Section        0  os_tmr.o(i.OSTmr_InitTask)
    OSTmr_InitTask                           0x08001d45   Thumb Code    50  os_tmr.o(i.OSTmr_InitTask)
    i.OSTmr_Link                             0x08001d94   Section        0  os_tmr.o(i.OSTmr_Link)
    OSTmr_Link                               0x08001d95   Thumb Code   106  os_tmr.o(i.OSTmr_Link)
    i.OSTmr_Task                             0x08001e08   Section        0  os_tmr.o(i.OSTmr_Task)
    OSTmr_Task                               0x08001e09   Thumb Code   120  os_tmr.o(i.OSTmr_Task)
    i.OSTmr_Unlink                           0x08001e8c   Section        0  os_tmr.o(i.OSTmr_Unlink)
    OSTmr_Unlink                             0x08001e8d   Thumb Code    68  os_tmr.o(i.OSTmr_Unlink)
    i.OS_Dummy                               0x08001ed4   Section        0  os_core.o(i.OS_Dummy)
    i.OS_EventTaskRdy                        0x08001ed8   Section        0  os_core.o(i.OS_EventTaskRdy)
    i.OS_EventTaskRemove                     0x08001f6c   Section        0  os_core.o(i.OS_EventTaskRemove)
    i.OS_EventTaskRemoveMulti                0x08001f9a   Section        0  os_core.o(i.OS_EventTaskRemoveMulti)
    i.OS_EventTaskWait                       0x08001fd4   Section        0  os_core.o(i.OS_EventTaskWait)
    i.OS_EventWaitListInit                   0x08002050   Section        0  os_core.o(i.OS_EventWaitListInit)
    i.OS_FlagInit                            0x0800206c   Section        0  os_flag.o(i.OS_FlagInit)
    i.OS_FlagUnlink                          0x080020c4   Section        0  os_flag.o(i.OS_FlagUnlink)
    i.OS_InitEventList                       0x080020e8   Section        0  os_core.o(i.OS_InitEventList)
    OS_InitEventList                         0x080020e9   Thumb Code    82  os_core.o(i.OS_InitEventList)
    i.OS_InitMisc                            0x08002148   Section        0  os_core.o(i.OS_InitMisc)
    OS_InitMisc                              0x08002149   Thumb Code    48  os_core.o(i.OS_InitMisc)
    i.OS_InitRdyList                         0x080021a4   Section        0  os_core.o(i.OS_InitRdyList)
    OS_InitRdyList                           0x080021a5   Thumb Code    44  os_core.o(i.OS_InitRdyList)
    i.OS_InitTCBList                         0x080021e8   Section        0  os_core.o(i.OS_InitTCBList)
    OS_InitTCBList                           0x080021e9   Thumb Code   106  os_core.o(i.OS_InitTCBList)
    i.OS_InitTaskIdle                        0x08002268   Section        0  os_core.o(i.OS_InitTaskIdle)
    OS_InitTaskIdle                          0x08002269   Thumb Code    50  os_core.o(i.OS_InitTaskIdle)
    i.OS_InitTaskStat                        0x080022b8   Section        0  os_core.o(i.OS_InitTaskStat)
    OS_InitTaskStat                          0x080022b9   Thumb Code    50  os_core.o(i.OS_InitTaskStat)
    i.OS_MemClr                              0x08002308   Section        0  os_core.o(i.OS_MemClr)
    i.OS_MemInit                             0x0800231c   Section        0  os_mem.o(i.OS_MemInit)
    i.OS_QInit                               0x08002374   Section        0  os_q.o(i.OS_QInit)
    i.OS_Sched                               0x080023c4   Section        0  os_core.o(i.OS_Sched)
    i.OS_SchedNew                            0x08002444   Section        0  os_core.o(i.OS_SchedNew)
    OS_SchedNew                              0x08002445   Thumb Code    26  os_core.o(i.OS_SchedNew)
    i.OS_TCBInit                             0x08002470   Section        0  os_core.o(i.OS_TCBInit)
    i.OS_TaskIdle                            0x080025d8   Section        0  os_core.o(i.OS_TaskIdle)
    i.OS_TaskReturn                          0x08002608   Section        0  os_task.o(i.OS_TaskReturn)
    i.OS_TaskStat                            0x08002620   Section        0  os_core.o(i.OS_TaskStat)
    i.OS_TaskStatStkChk                      0x08002710   Section        0  os_core.o(i.OS_TaskStatStkChk)
    i.OS_TaskStkClr                          0x0800274c   Section        0  os_task.o(i.OS_TaskStkClr)
    i.PPM_Init                               0x08002768   Section        0  ppm.o(i.PPM_Init)
    i.PWM_Init                               0x08002838   Section        0  pwm.o(i.PWM_Init)
    i.PWM_SetCompare1                        0x0800295c   Section        0  pwm.o(i.PWM_SetCompare1)
    i.RCC_AHB1PeriphClockCmd                 0x08002970   Section        0  stm32f4xx_rcc.o(i.RCC_AHB1PeriphClockCmd)
    i.RCC_APB1PeriphClockCmd                 0x08002990   Section        0  stm32f4xx_rcc.o(i.RCC_APB1PeriphClockCmd)
    i.RCC_APB2PeriphClockCmd                 0x080029b0   Section        0  stm32f4xx_rcc.o(i.RCC_APB2PeriphClockCmd)
    i.RCC_GetClocksFreq                      0x080029d0   Section        0  stm32f4xx_rcc.o(i.RCC_GetClocksFreq)
    i.SVC_Handler                            0x08002ab8   Section        0  stm32f4xx_it.o(i.SVC_Handler)
    i.Serial_Pow                             0x08002aba   Section        0  serial.o(i.Serial_Pow)
    i.Serial_SendByte                        0x08002ad0   Section        0  serial.o(i.Serial_SendByte)
    i.Serial_SendNumber                      0x08002af0   Section        0  serial.o(i.Serial_SendNumber)
    i.Serial_init                            0x08002b2c   Section        0  serial.o(i.Serial_init)
    i.SysTick_Handler                        0x08002bf8   Section        0  os_cpu_c.o(i.SysTick_Handler)
    i.TI1_Config                             0x08002c1e   Section        0  stm32f4xx_tim.o(i.TI1_Config)
    TI1_Config                               0x08002c1f   Thumb Code    58  stm32f4xx_tim.o(i.TI1_Config)
    i.TI2_Config                             0x08002c58   Section        0  stm32f4xx_tim.o(i.TI2_Config)
    TI2_Config                               0x08002c59   Thumb Code    80  stm32f4xx_tim.o(i.TI2_Config)
    i.TI3_Config                             0x08002ca8   Section        0  stm32f4xx_tim.o(i.TI3_Config)
    TI3_Config                               0x08002ca9   Thumb Code    72  stm32f4xx_tim.o(i.TI3_Config)
    i.TI4_Config                             0x08002cf0   Section        0  stm32f4xx_tim.o(i.TI4_Config)
    TI4_Config                               0x08002cf1   Thumb Code    80  stm32f4xx_tim.o(i.TI4_Config)
    i.TIM2_IRQHandler                        0x08002d40   Section        0  ppm.o(i.TIM2_IRQHandler)
    i.TIM_Cmd                                0x08002e1c   Section        0  stm32f4xx_tim.o(i.TIM_Cmd)
    i.TIM_GetCapture2                        0x08002e34   Section        0  stm32f4xx_tim.o(i.TIM_GetCapture2)
    i.TIM_ICInit                             0x08002e3a   Section        0  stm32f4xx_tim.o(i.TIM_ICInit)
    i.TIM_ITConfig                           0x08002ea8   Section        0  stm32f4xx_tim.o(i.TIM_ITConfig)
    i.TIM_InternalClockConfig                0x08002eba   Section        0  stm32f4xx_tim.o(i.TIM_InternalClockConfig)
    i.TIM_OC1Init                            0x08002ec8   Section        0  stm32f4xx_tim.o(i.TIM_OC1Init)
    i.TIM_OC1PreloadConfig                   0x08002f44   Section        0  stm32f4xx_tim.o(i.TIM_OC1PreloadConfig)
    i.TIM_OC2Init                            0x08002f58   Section        0  stm32f4xx_tim.o(i.TIM_OC2Init)
    i.TIM_OC2PreloadConfig                   0x08002ffc   Section        0  stm32f4xx_tim.o(i.TIM_OC2PreloadConfig)
    i.TIM_OC3Init                            0x08003018   Section        0  stm32f4xx_tim.o(i.TIM_OC3Init)
    i.TIM_OC3PreloadConfig                   0x080030b8   Section        0  stm32f4xx_tim.o(i.TIM_OC3PreloadConfig)
    i.TIM_OC4Init                            0x080030cc   Section        0  stm32f4xx_tim.o(i.TIM_OC4Init)
    i.TIM_OC4PreloadConfig                   0x08003144   Section        0  stm32f4xx_tim.o(i.TIM_OC4PreloadConfig)
    i.TIM_SelectInputTrigger                 0x0800315e   Section        0  stm32f4xx_tim.o(i.TIM_SelectInputTrigger)
    i.TIM_SelectSlaveMode                    0x08003170   Section        0  stm32f4xx_tim.o(i.TIM_SelectSlaveMode)
    i.TIM_SetCompare1                        0x08003182   Section        0  stm32f4xx_tim.o(i.TIM_SetCompare1)
    i.TIM_SetIC1Prescaler                    0x08003186   Section        0  stm32f4xx_tim.o(i.TIM_SetIC1Prescaler)
    i.TIM_SetIC2Prescaler                    0x08003198   Section        0  stm32f4xx_tim.o(i.TIM_SetIC2Prescaler)
    i.TIM_SetIC3Prescaler                    0x080031b2   Section        0  stm32f4xx_tim.o(i.TIM_SetIC3Prescaler)
    i.TIM_SetIC4Prescaler                    0x080031c4   Section        0  stm32f4xx_tim.o(i.TIM_SetIC4Prescaler)
    i.TIM_TimeBaseInit                       0x080031e0   Section        0  stm32f4xx_tim.o(i.TIM_TimeBaseInit)
    i.Task_GetInfo                           0x08003264   Section        0  app.o(i.Task_GetInfo)
    i.Task_SendInfo                          0x0800327c   Section        0  app.o(i.Task_SendInfo)
    i.Task_Start                             0x08003320   Section        0  app.o(i.Task_Start)
    i.Task_motor                             0x08003374   Section        0  app.o(i.Task_motor)
    i.USART1_IRQHandler                      0x080033fc   Section        0  serial.o(i.USART1_IRQHandler)
    i.USART_ClearITPendingBit                0x08003454   Section        0  stm32f4xx_usart.o(i.USART_ClearITPendingBit)
    i.USART_Cmd                              0x08003472   Section        0  stm32f4xx_usart.o(i.USART_Cmd)
    i.USART_GetFlagStatus                    0x0800348a   Section        0  stm32f4xx_usart.o(i.USART_GetFlagStatus)
    i.USART_GetITStatus                      0x080034a4   Section        0  stm32f4xx_usart.o(i.USART_GetITStatus)
    i.USART_ITConfig                         0x080034f8   Section        0  stm32f4xx_usart.o(i.USART_ITConfig)
    i.USART_Init                             0x08003544   Section        0  stm32f4xx_usart.o(i.USART_Init)
    i.USART_ReceiveData                      0x08003618   Section        0  stm32f4xx_usart.o(i.USART_ReceiveData)
    i.USART_SendData                         0x08003622   Section        0  stm32f4xx_usart.o(i.USART_SendData)
    i.UsageFault_Handler                     0x0800362a   Section        0  stm32f4xx_it.o(i.UsageFault_Handler)
    i.hardware_Init                          0x0800362e   Section        0  hardwareinit.o(i.hardware_Init)
    i.main                                   0x08003654   Section        0  main.o(i.main)
    x$fpl$fpinit                             0x0800367c   Section       10  fpinit.o(x$fpl$fpinit)
    $v0                                      0x0800367c   Number         0  fpinit.o(x$fpl$fpinit)
    .constdata                               0x08003688   Section      118  os_dbg_r.o(.constdata)
    .constdata                               0x080036fe   Section      256  os_core.o(.constdata)
    .constdata                               0x080037fe   Section     1520  oled.o(.constdata)
    .data                                    0x20000000   Section       16  stm32f4xx_rcc.o(.data)
    APBAHBPrescTable                         0x20000000   Data          16  stm32f4xx_rcc.o(.data)
    .data                                    0x20000010   Section      100  os_core.o(.data)
    .data                                    0x20000074   Section       12  os_cpu_c.o(.data)
    OSTmrCtr                                 0x20000078   Data           2  os_cpu_c.o(.data)
    .data                                    0x20000080   Section        2  serial.o(.data)
    .data                                    0x20000084   Section       20  ppm.o(.data)
    .data                                    0x20000098   Section        3  app.o(.data)
    .bss                                     0x2000009c   Section     5048  os_core.o(.bss)
    .bss                                     0x20001454   Section     1024  os_cpu_c.o(.bss)
    .bss                                     0x20001854   Section       32  ppm.o(.bss)
    .bss                                     0x20001874   Section     1548  app.o(.bss)
    .bss                                     0x20001e80   Section      512  main.o(.bss)
    startup_task_stk                         0x20001e80   Data         512  main.o(.bss)
    .bss                                     0x20002080   Section       96  libspace.o(.bss)
    HEAP                                     0x200020e0   Section      512  startup_stm32f40_41xxx.o(HEAP)
    Heap_Mem                                 0x200020e0   Data         512  startup_stm32f40_41xxx.o(HEAP)
    STACK                                    0x200022e0   Section     1024  startup_stm32f40_41xxx.o(STACK)
    Stack_Mem                                0x200022e0   Data        1024  startup_stm32f40_41xxx.o(STACK)
    __initial_sp                             0x200026e0   Data           0  startup_stm32f40_41xxx.o(STACK)

    Global Symbols

    Symbol Name                              Value     Ov Type        Size  Object(Section)

    BuildAttributes$$THM_ISAv4$E$P$D$K$B$S$7EM$VFPi3$EXTD16$VFPS$VFMA$PE$A:L22UL41UL21$X:L11$S22US41US21$IEEE1$IW$USESV6$~STKCKD$USESV7$~SHL$OSPACE$ROPI$EBA8$UX$STANDARDLIB$REQ8$PRES8$EABIv2 0x00000000   Number         0  anon$$obj.o ABSOLUTE
    __ARM_use_no_argv                        0x00000000   Number         0  main.o ABSOLUTE
    __ARM_exceptions_init                     - Undefined Weak Reference
    __alloca_initialize                       - Undefined Weak Reference
    __arm_preinit_                            - Undefined Weak Reference
    __cpp_initialize__aeabi_                  - Undefined Weak Reference
    __cxa_finalize                            - Undefined Weak Reference
    __rt_locale                               - Undefined Weak Reference
    __sigvec_lookup                           - Undefined Weak Reference
    _atexit_init                              - Undefined Weak Reference
    _call_atexit_fns                          - Undefined Weak Reference
    _clock_init                               - Undefined Weak Reference
    _fp_trap_init                             - Undefined Weak Reference
    _fp_trap_shutdown                         - Undefined Weak Reference
    _get_lc_collate                           - Undefined Weak Reference
    _get_lc_ctype                             - Undefined Weak Reference
    _get_lc_monetary                          - Undefined Weak Reference
    _get_lc_numeric                           - Undefined Weak Reference
    _get_lc_time                              - Undefined Weak Reference
    _getenv_init                              - Undefined Weak Reference
    _handle_redirection                       - Undefined Weak Reference
    _init_alloc                               - Undefined Weak Reference
    _init_user_alloc                          - Undefined Weak Reference
    _initio                                   - Undefined Weak Reference
    _rand_init                                - Undefined Weak Reference
    _signal_finish                            - Undefined Weak Reference
    _signal_init                              - Undefined Weak Reference
    _terminate_alloc                          - Undefined Weak Reference
    _terminate_user_alloc                     - Undefined Weak Reference
    _terminateio                              - Undefined Weak Reference
    Image$$RW_IRAM1$$Length                  0x0000009c   Number         0  anon$$obj.o ABSOLUTE
    __Vectors_Size                           0x00000188   Number         0  startup_stm32f40_41xxx.o ABSOLUTE
    Image$$RW_IRAM1$$ZI$$Length              0x00002644   Number         0  anon$$obj.o ABSOLUTE
    __Vectors                                0x08000000   Data           4  startup_stm32f40_41xxx.o(RESET)
    __Vectors_End                            0x08000188   Data           0  startup_stm32f40_41xxx.o(RESET)
    __main                                   0x08000189   Thumb Code     8  __main.o(!!!main)
    __scatterload                            0x08000191   Thumb Code     0  __scatter.o(!!!scatter)
    __scatterload_rt2                        0x08000191   Thumb Code    44  __scatter.o(!!!scatter)
    __scatterload_rt2_thumb_only             0x08000191   Thumb Code     0  __scatter.o(!!!scatter)
    __scatterload_null                       0x0800019f   Thumb Code     0  __scatter.o(!!!scatter)
    __scatterload_copy                       0x080001c5   Thumb Code    26  __scatter_copy.o(!!handler_copy)
    __scatterload_zeroinit                   0x080001e1   Thumb Code    28  __scatter_zi.o(!!handler_zi)
    __rt_lib_init                            0x080001fd   Thumb Code     0  libinit.o(.ARM.Collect$$libinit$$00000000)
    __rt_lib_init_fp_1                       0x080001ff   Thumb Code     0  libinit2.o(.ARM.Collect$$libinit$$00000001)
    __rt_lib_init_alloca_1                   0x08000203   Thumb Code     0  libinit2.o(.ARM.Collect$$libinit$$0000002E)
    __rt_lib_init_argv_1                     0x08000203   Thumb Code     0  libinit2.o(.ARM.Collect$$libinit$$0000002C)
    __rt_lib_init_atexit_1                   0x08000203   Thumb Code     0  libinit2.o(.ARM.Collect$$libinit$$0000001B)
    __rt_lib_init_clock_1                    0x08000203   Thumb Code     0  libinit2.o(.ARM.Collect$$libinit$$00000021)
    __rt_lib_init_cpp_1                      0x08000203   Thumb Code     0  libinit2.o(.ARM.Collect$$libinit$$00000032)
    __rt_lib_init_exceptions_1               0x08000203   Thumb Code     0  libinit2.o(.ARM.Collect$$libinit$$00000030)
    __rt_lib_init_fp_trap_1                  0x08000203   Thumb Code     0  libinit2.o(.ARM.Collect$$libinit$$0000001F)
    __rt_lib_init_getenv_1                   0x08000203   Thumb Code     0  libinit2.o(.ARM.Collect$$libinit$$00000023)
    __rt_lib_init_heap_1                     0x08000203   Thumb Code     0  libinit2.o(.ARM.Collect$$libinit$$0000000A)
    __rt_lib_init_lc_collate_1               0x08000203   Thumb Code     0  libinit2.o(.ARM.Collect$$libinit$$00000011)
    __rt_lib_init_lc_ctype_1                 0x08000203   Thumb Code     0  libinit2.o(.ARM.Collect$$libinit$$00000013)
    __rt_lib_init_lc_monetary_1              0x08000203   Thumb Code     0  libinit2.o(.ARM.Collect$$libinit$$00000015)
    __rt_lib_init_lc_numeric_1               0x08000203   Thumb Code     0  libinit2.o(.ARM.Collect$$libinit$$00000017)
    __rt_lib_init_lc_time_1                  0x08000203   Thumb Code     0  libinit2.o(.ARM.Collect$$libinit$$00000019)
    __rt_lib_init_preinit_1                  0x08000203   Thumb Code     0  libinit2.o(.ARM.Collect$$libinit$$00000004)
    __rt_lib_init_rand_1                     0x08000203   Thumb Code     0  libinit2.o(.ARM.Collect$$libinit$$0000000E)
    __rt_lib_init_return                     0x08000203   Thumb Code     0  libinit2.o(.ARM.Collect$$libinit$$00000033)
    __rt_lib_init_signal_1                   0x08000203   Thumb Code     0  libinit2.o(.ARM.Collect$$libinit$$0000001D)
    __rt_lib_init_stdio_1                    0x08000203   Thumb Code     0  libinit2.o(.ARM.Collect$$libinit$$00000025)
    __rt_lib_init_user_alloc_1               0x08000203   Thumb Code     0  libinit2.o(.ARM.Collect$$libinit$$0000000C)
    __rt_lib_shutdown                        0x08000205   Thumb Code     0  libshutdown.o(.ARM.Collect$$libshutdown$$00000000)
    __rt_lib_shutdown_cpp_1                  0x08000207   Thumb Code     0  libshutdown2.o(.ARM.Collect$$libshutdown$$00000002)
    __rt_lib_shutdown_fp_trap_1              0x08000207   Thumb Code     0  libshutdown2.o(.ARM.Collect$$libshutdown$$00000007)
    __rt_lib_shutdown_heap_1                 0x08000207   Thumb Code     0  libshutdown2.o(.ARM.Collect$$libshutdown$$0000000F)
    __rt_lib_shutdown_return                 0x08000207   Thumb Code     0  libshutdown2.o(.ARM.Collect$$libshutdown$$00000010)
    __rt_lib_shutdown_signal_1               0x08000207   Thumb Code     0  libshutdown2.o(.ARM.Collect$$libshutdown$$0000000A)
    __rt_lib_shutdown_stdio_1                0x08000207   Thumb Code     0  libshutdown2.o(.ARM.Collect$$libshutdown$$00000004)
    __rt_lib_shutdown_user_alloc_1           0x08000207   Thumb Code     0  libshutdown2.o(.ARM.Collect$$libshutdown$$0000000C)
    __rt_entry                               0x08000209   Thumb Code     0  __rtentry.o(.ARM.Collect$$rtentry$$00000000)
    __rt_entry_presh_1                       0x08000209   Thumb Code     0  __rtentry2.o(.ARM.Collect$$rtentry$$00000002)
    __rt_entry_sh                            0x08000209   Thumb Code     0  __rtentry4.o(.ARM.Collect$$rtentry$$00000004)
    __rt_entry_li                            0x0800020f   Thumb Code     0  __rtentry2.o(.ARM.Collect$$rtentry$$0000000A)
    __rt_entry_postsh_1                      0x0800020f   Thumb Code     0  __rtentry2.o(.ARM.Collect$$rtentry$$00000009)
    __rt_entry_main                          0x08000213   Thumb Code     0  __rtentry2.o(.ARM.Collect$$rtentry$$0000000D)
    __rt_entry_postli_1                      0x08000213   Thumb Code     0  __rtentry2.o(.ARM.Collect$$rtentry$$0000000C)
    __rt_exit                                0x0800021b   Thumb Code     0  rtexit.o(.ARM.Collect$$rtexit$$00000000)
    __rt_exit_ls                             0x0800021d   Thumb Code     0  rtexit2.o(.ARM.Collect$$rtexit$$00000003)
    __rt_exit_prels_1                        0x0800021d   Thumb Code     0  rtexit2.o(.ARM.Collect$$rtexit$$00000002)
    __rt_exit_exit                           0x08000221   Thumb Code     0  rtexit2.o(.ARM.Collect$$rtexit$$00000004)
    Reset_Handler                            0x08000229   Thumb Code    14  startup_stm32f40_41xxx.o(.text)
    ADC_IRQHandler                           0x08000249   Thumb Code     0  startup_stm32f40_41xxx.o(.text)
    CAN1_RX0_IRQHandler                      0x08000249   Thumb Code     0  startup_stm32f40_41xxx.o(.text)
    CAN1_RX1_IRQHandler                      0x08000249   Thumb Code     0  startup_stm32f40_41xxx.o(.text)
    CAN1_SCE_IRQHandler                      0x08000249   Thumb Code     0  startup_stm32f40_41xxx.o(.text)
    CAN1_TX_IRQHandler                       0x08000249   Thumb Code     0  startup_stm32f40_41xxx.o(.text)
    CAN2_RX0_IRQHandler                      0x08000249   Thumb Code     0  startup_stm32f40_41xxx.o(.text)
    CAN2_RX1_IRQHandler                      0x08000249   Thumb Code     0  startup_stm32f40_41xxx.o(.text)
    CAN2_SCE_IRQHandler                      0x08000249   Thumb Code     0  startup_stm32f40_41xxx.o(.text)
    CAN2_TX_IRQHandler                       0x08000249   Thumb Code     0  startup_stm32f40_41xxx.o(.text)
    CRYP_IRQHandler                          0x08000249   Thumb Code     0  startup_stm32f40_41xxx.o(.text)
    DCMI_IRQHandler                          0x08000249   Thumb Code     0  startup_stm32f40_41xxx.o(.text)
    DMA1_Stream0_IRQHandler                  0x08000249   Thumb Code     0  startup_stm32f40_41xxx.o(.text)
    DMA1_Stream1_IRQHandler                  0x08000249   Thumb Code     0  startup_stm32f40_41xxx.o(.text)
    DMA1_Stream2_IRQHandler                  0x08000249   Thumb Code     0  startup_stm32f40_41xxx.o(.text)
    DMA1_Stream3_IRQHandler                  0x08000249   Thumb Code     0  startup_stm32f40_41xxx.o(.text)
    DMA1_Stream4_IRQHandler                  0x08000249   Thumb Code     0  startup_stm32f40_41xxx.o(.text)
    DMA1_Stream5_IRQHandler                  0x08000249   Thumb Code     0  startup_stm32f40_41xxx.o(.text)
    DMA1_Stream6_IRQHandler                  0x08000249   Thumb Code     0  startup_stm32f40_41xxx.o(.text)
    DMA1_Stream7_IRQHandler                  0x08000249   Thumb Code     0  startup_stm32f40_41xxx.o(.text)
    DMA2_Stream0_IRQHandler                  0x08000249   Thumb Code     0  startup_stm32f40_41xxx.o(.text)
    DMA2_Stream1_IRQHandler                  0x08000249   Thumb Code     0  startup_stm32f40_41xxx.o(.text)
    DMA2_Stream2_IRQHandler                  0x08000249   Thumb Code     0  startup_stm32f40_41xxx.o(.text)
    DMA2_Stream3_IRQHandler                  0x08000249   Thumb Code     0  startup_stm32f40_41xxx.o(.text)
    DMA2_Stream4_IRQHandler                  0x08000249   Thumb Code     0  startup_stm32f40_41xxx.o(.text)
    DMA2_Stream5_IRQHandler                  0x08000249   Thumb Code     0  startup_stm32f40_41xxx.o(.text)
    DMA2_Stream6_IRQHandler                  0x08000249   Thumb Code     0  startup_stm32f40_41xxx.o(.text)
    DMA2_Stream7_IRQHandler                  0x08000249   Thumb Code     0  startup_stm32f40_41xxx.o(.text)
    ETH_IRQHandler                           0x08000249   Thumb Code     0  startup_stm32f40_41xxx.o(.text)
    ETH_WKUP_IRQHandler                      0x08000249   Thumb Code     0  startup_stm32f40_41xxx.o(.text)
    EXTI0_IRQHandler                         0x08000249   Thumb Code     0  startup_stm32f40_41xxx.o(.text)
    EXTI15_10_IRQHandler                     0x08000249   Thumb Code     0  startup_stm32f40_41xxx.o(.text)
    EXTI1_IRQHandler                         0x08000249   Thumb Code     0  startup_stm32f40_41xxx.o(.text)
    EXTI2_IRQHandler                         0x08000249   Thumb Code     0  startup_stm32f40_41xxx.o(.text)
    EXTI3_IRQHandler                         0x08000249   Thumb Code     0  startup_stm32f40_41xxx.o(.text)
    EXTI4_IRQHandler                         0x08000249   Thumb Code     0  startup_stm32f40_41xxx.o(.text)
    EXTI9_5_IRQHandler                       0x08000249   Thumb Code     0  startup_stm32f40_41xxx.o(.text)
    FLASH_IRQHandler                         0x08000249   Thumb Code     0  startup_stm32f40_41xxx.o(.text)
    FPU_IRQHandler                           0x08000249   Thumb Code     0  startup_stm32f40_41xxx.o(.text)
    FSMC_IRQHandler                          0x08000249   Thumb Code     0  startup_stm32f40_41xxx.o(.text)
    HASH_RNG_IRQHandler                      0x08000249   Thumb Code     0  startup_stm32f40_41xxx.o(.text)
    I2C1_ER_IRQHandler                       0x08000249   Thumb Code     0  startup_stm32f40_41xxx.o(.text)
    I2C1_EV_IRQHandler                       0x08000249   Thumb Code     0  startup_stm32f40_41xxx.o(.text)
    I2C2_ER_IRQHandler                       0x08000249   Thumb Code     0  startup_stm32f40_41xxx.o(.text)
    I2C2_EV_IRQHandler                       0x08000249   Thumb Code     0  startup_stm32f40_41xxx.o(.text)
    I2C3_ER_IRQHandler                       0x08000249   Thumb Code     0  startup_stm32f40_41xxx.o(.text)
    I2C3_EV_IRQHandler                       0x08000249   Thumb Code     0  startup_stm32f40_41xxx.o(.text)
    OTG_FS_IRQHandler                        0x08000249   Thumb Code     0  startup_stm32f40_41xxx.o(.text)
    OTG_FS_WKUP_IRQHandler                   0x08000249   Thumb Code     0  startup_stm32f40_41xxx.o(.text)
    OTG_HS_EP1_IN_IRQHandler                 0x08000249   Thumb Code     0  startup_stm32f40_41xxx.o(.text)
    OTG_HS_EP1_OUT_IRQHandler                0x08000249   Thumb Code     0  startup_stm32f40_41xxx.o(.text)
    OTG_HS_IRQHandler                        0x08000249   Thumb Code     0  startup_stm32f40_41xxx.o(.text)
    OTG_HS_WKUP_IRQHandler                   0x08000249   Thumb Code     0  startup_stm32f40_41xxx.o(.text)
    PVD_IRQHandler                           0x08000249   Thumb Code     0  startup_stm32f40_41xxx.o(.text)
    RCC_IRQHandler                           0x08000249   Thumb Code     0  startup_stm32f40_41xxx.o(.text)
    RTC_Alarm_IRQHandler                     0x08000249   Thumb Code     0  startup_stm32f40_41xxx.o(.text)
    RTC_WKUP_IRQHandler                      0x08000249   Thumb Code     0  startup_stm32f40_41xxx.o(.text)
    SDIO_IRQHandler                          0x08000249   Thumb Code     0  startup_stm32f40_41xxx.o(.text)
    SPI1_IRQHandler                          0x08000249   Thumb Code     0  startup_stm32f40_41xxx.o(.text)
    SPI2_IRQHandler                          0x08000249   Thumb Code     0  startup_stm32f40_41xxx.o(.text)
    SPI3_IRQHandler                          0x08000249   Thumb Code     0  startup_stm32f40_41xxx.o(.text)
    TAMP_STAMP_IRQHandler                    0x08000249   Thumb Code     0  startup_stm32f40_41xxx.o(.text)
    TIM1_BRK_TIM9_IRQHandler                 0x08000249   Thumb Code     0  startup_stm32f40_41xxx.o(.text)
    TIM1_CC_IRQHandler                       0x08000249   Thumb Code     0  startup_stm32f40_41xxx.o(.text)
    TIM1_TRG_COM_TIM11_IRQHandler            0x08000249   Thumb Code     0  startup_stm32f40_41xxx.o(.text)
    TIM1_UP_TIM10_IRQHandler                 0x08000249   Thumb Code     0  startup_stm32f40_41xxx.o(.text)
    TIM3_IRQHandler                          0x08000249   Thumb Code     0  startup_stm32f40_41xxx.o(.text)
    TIM4_IRQHandler                          0x08000249   Thumb Code     0  startup_stm32f40_41xxx.o(.text)
    TIM5_IRQHandler                          0x08000249   Thumb Code     0  startup_stm32f40_41xxx.o(.text)
    TIM6_DAC_IRQHandler                      0x08000249   Thumb Code     0  startup_stm32f40_41xxx.o(.text)
    TIM7_IRQHandler                          0x08000249   Thumb Code     0  startup_stm32f40_41xxx.o(.text)
    TIM8_BRK_TIM12_IRQHandler                0x08000249   Thumb Code     0  startup_stm32f40_41xxx.o(.text)
    TIM8_CC_IRQHandler                       0x08000249   Thumb Code     0  startup_stm32f40_41xxx.o(.text)
    TIM8_TRG_COM_TIM14_IRQHandler            0x08000249   Thumb Code     0  startup_stm32f40_41xxx.o(.text)
    TIM8_UP_TIM13_IRQHandler                 0x08000249   Thumb Code     0  startup_stm32f40_41xxx.o(.text)
    UART4_IRQHandler                         0x08000249   Thumb Code     0  startup_stm32f40_41xxx.o(.text)
    UART5_IRQHandler                         0x08000249   Thumb Code     0  startup_stm32f40_41xxx.o(.text)
    USART2_IRQHandler                        0x08000249   Thumb Code     0  startup_stm32f40_41xxx.o(.text)
    USART3_IRQHandler                        0x08000249   Thumb Code     0  startup_stm32f40_41xxx.o(.text)
    USART6_IRQHandler                        0x08000249   Thumb Code     0  startup_stm32f40_41xxx.o(.text)
    WWDG_IRQHandler                          0x08000249   Thumb Code     0  startup_stm32f40_41xxx.o(.text)
    __user_initial_stackheap                 0x0800024d   Thumb Code     0  startup_stm32f40_41xxx.o(.text)
    myScatterLoad                            0x08000271   Thumb Code    36  myscratterload.o(.text)
    OS_CPU_SR_Save                           0x080002a9   Thumb Code     0  os_cpu_a.o(.text)
    OS_CPU_SR_Restore                        0x080002c5   Thumb Code     0  os_cpu_a.o(.text)
    OSStartHighRdy                           0x080002d7   Thumb Code     0  os_cpu_a.o(.text)
    OSCtxSw                                  0x0800032f   Thumb Code     0  os_cpu_a.o(.text)
    OSIntCtxSw                               0x0800032f   Thumb Code     0  os_cpu_a.o(.text)
    PendSV_Handler                           0x08000339   Thumb Code     0  os_cpu_a.o(.text)
    SystemInit                               0x08000383   Thumb Code     0  os_cpu_a.o(.text)
    __use_two_region_memory                  0x08000451   Thumb Code     2  heapauxi.o(.text)
    __rt_heap_escrow$2region                 0x08000453   Thumb Code     2  heapauxi.o(.text)
    __rt_heap_expand$2region                 0x08000455   Thumb Code     2  heapauxi.o(.text)
    __user_setup_stackheap                   0x08000457   Thumb Code    74  sys_stackheap_outer.o(.text)
    exit                                     0x080004a1   Thumb Code    18  exit.o(.text)
    __user_libspace                          0x080004b5   Thumb Code     8  libspace.o(.text)
    __user_perproc_libspace                  0x080004b5   Thumb Code     0  libspace.o(.text)
    __user_perthread_libspace                0x080004b5   Thumb Code     0  libspace.o(.text)
    _sys_exit                                0x080004bd   Thumb Code     8  sys_exit.o(.text)
    __I$use$semihosting                      0x080004c9   Thumb Code     0  use_no_semi.o(.text)
    __use_no_semihosting_swi                 0x080004c9   Thumb Code     2  use_no_semi.o(.text)
    App_TCBInitHook                          0x080004cb   Thumb Code     2  myhook.o(i.App_TCBInitHook)
    __semihosting_library_function           0x080004cb   Thumb Code     0  indicate_semi.o(.text)
    App_TaskCreateHook                       0x080004cd   Thumb Code     2  myhook.o(i.App_TaskCreateHook)
    App_TaskDelHook                          0x080004cf   Thumb Code     2  myhook.o(i.App_TaskDelHook)
    App_TaskIdleHook                         0x080004d1   Thumb Code     2  myhook.o(i.App_TaskIdleHook)
    App_TaskReturnHook                       0x080004d3   Thumb Code     2  myhook.o(i.App_TaskReturnHook)
    App_TaskStatHook                         0x080004d5   Thumb Code     2  myhook.o(i.App_TaskStatHook)
    App_TaskSwHook                           0x080004d7   Thumb Code     2  myhook.o(i.App_TaskSwHook)
    App_TimeTickHook                         0x080004d9   Thumb Code     2  myhook.o(i.App_TimeTickHook)
    BusFault_Handler                         0x080004db   Thumb Code     4  stm32f4xx_it.o(i.BusFault_Handler)
    DebugMon_Handler                         0x080004df   Thumb Code     2  stm32f4xx_it.o(i.DebugMon_Handler)
    Delay_ms                                 0x080004e1   Thumb Code    20  delay.o(i.Delay_ms)
    Delay_us                                 0x080004f5   Thumb Code    18  delay.o(i.Delay_us)
    GPIO_INIT                                0x08000509   Thumb Code    48  hardwareinit.o(i.GPIO_INIT)
    GPIO_Init                                0x0800053d   Thumb Code   144  stm32f4xx_gpio.o(i.GPIO_Init)
    GPIO_PinAFConfig                         0x080005cd   Thumb Code    70  stm32f4xx_gpio.o(i.GPIO_PinAFConfig)
    GPIO_ReadInputDataBit                    0x08000613   Thumb Code    18  stm32f4xx_gpio.o(i.GPIO_ReadInputDataBit)
    GPIO_SetBits                             0x08000625   Thumb Code     4  stm32f4xx_gpio.o(i.GPIO_SetBits)
    GPIO_WriteBit                            0x08000629   Thumb Code    10  stm32f4xx_gpio.o(i.GPIO_WriteBit)
    HMC5883L_GetData1                        0x08000633   Thumb Code   106  hmc5883l.o(i.HMC5883L_GetData1)
    HMC5883L_Init                            0x0800069d   Thumb Code    48  hmc5883l.o(i.HMC5883L_Init)
    HMC5883L_ReadReg                         0x080006cd   Thumb Code    62  hmc5883l.o(i.HMC5883L_ReadReg)
    HMC5883L_WriteReg                        0x0800070b   Thumb Code    46  hmc5883l.o(i.HMC5883L_WriteReg)
    HardFault_Handler                        0x08000739   Thumb Code     4  stm32f4xx_it.o(i.HardFault_Handler)
    MPU6050_GetData                          0x0800073d   Thumb Code   172  mpu6050.o(i.MPU6050_GetData)
    MPU6050_Init                             0x080007e9   Thumb Code    56  mpu6050.o(i.MPU6050_Init)
    MPU6050_ReadReg                          0x08000821   Thumb Code    62  mpu6050.o(i.MPU6050_ReadReg)
    MPU6050_WriteReg                         0x0800085f   Thumb Code    46  mpu6050.o(i.MPU6050_WriteReg)
    MemManage_Handler                        0x0800088d   Thumb Code     4  stm32f4xx_it.o(i.MemManage_Handler)
    MyI2C_Init                               0x08000891   Thumb Code    58  myi2c.o(i.MyI2C_Init)
    MyI2C_R_SDA                              0x080008d1   Thumb Code    24  myi2c.o(i.MyI2C_R_SDA)
    MyI2C_ReceiveAck                         0x080008ed   Thumb Code    28  myi2c.o(i.MyI2C_ReceiveAck)
    MyI2C_ReceiveByte                        0x08000909   Thumb Code    52  myi2c.o(i.MyI2C_ReceiveByte)
    MyI2C_SendAck                            0x0800093d   Thumb Code    24  myi2c.o(i.MyI2C_SendAck)
    MyI2C_SendByte                           0x08000955   Thumb Code    42  myi2c.o(i.MyI2C_SendByte)
    MyI2C_Start                              0x0800097f   Thumb Code    28  myi2c.o(i.MyI2C_Start)
    MyI2C_Stop                               0x0800099b   Thumb Code    22  myi2c.o(i.MyI2C_Stop)
    MyI2C_W_SCL                              0x080009b1   Thumb Code    24  myi2c.o(i.MyI2C_W_SCL)
    MyI2C_W_SDA                              0x080009cd   Thumb Code    24  myi2c.o(i.MyI2C_W_SDA)
    NMI_Handler                              0x080009e9   Thumb Code     2  stm32f4xx_it.o(i.NMI_Handler)
    NVIC_Init                                0x080009ed   Thumb Code   106  misc.o(i.NVIC_Init)
    NVIC_PriorityGroupConfig                 0x08000a65   Thumb Code    10  misc.o(i.NVIC_PriorityGroupConfig)
    OLED_Clear                               0x08000a79   Thumb Code    42  oled.o(i.OLED_Clear)
    OLED_I2C_Init                            0x08000aa5   Thumb Code    68  oled.o(i.OLED_I2C_Init)
    OLED_I2C_SendByte                        0x08000aed   Thumb Code    78  oled.o(i.OLED_I2C_SendByte)
    OLED_I2C_Start                           0x08000b41   Thumb Code    46  oled.o(i.OLED_I2C_Start)
    OLED_I2C_Stop                            0x08000b75   Thumb Code    34  oled.o(i.OLED_I2C_Stop)
    OLED_Init                                0x08000b9d   Thumb Code   174  oled.o(i.OLED_Init)
    OLED_Pow                                 0x08000c4b   Thumb Code    20  oled.o(i.OLED_Pow)
    OLED_SetCursor                           0x08000c5f   Thumb Code    34  oled.o(i.OLED_SetCursor)
    OLED_ShowChar                            0x08000c81   Thumb Code   110  oled.o(i.OLED_ShowChar)
    OLED_ShowHexNum                          0x08000cf5   Thumb Code    84  oled.o(i.OLED_ShowHexNum)
    OLED_WriteCommand                        0x08000d49   Thumb Code    32  oled.o(i.OLED_WriteCommand)
    OLED_WriteData                           0x08000d69   Thumb Code    32  oled.o(i.OLED_WriteData)
    OSDebugInit                              0x08000d89   Thumb Code   118  os_dbg_r.o(i.OSDebugInit)
    OSEventNameSet                           0x08000ee5   Thumb Code   110  os_core.o(i.OSEventNameSet)
    OSInit                                   0x08000f59   Thumb Code    56  os_core.o(i.OSInit)
    OSInitHookBegin                          0x08000f91   Thumb Code    48  os_cpu_c.o(i.OSInitHookBegin)
    OSInitHookEnd                            0x08000fd5   Thumb Code     2  os_cpu_c.o(i.OSInitHookEnd)
    OSIntEnter                               0x08000fd9   Thumb Code    28  os_core.o(i.OSIntEnter)
    OSIntExit                                0x08000ffd   Thumb Code   122  os_core.o(i.OSIntExit)
    OSSchedLock                              0x08001099   Thumb Code    60  os_core.o(i.OSSchedLock)
    OSSchedUnlock                            0x080010e1   Thumb Code   100  os_core.o(i.OSSchedUnlock)
    OSSemCreate                              0x08001151   Thumb Code    82  os_sem.o(i.OSSemCreate)
    OSSemPend                                0x080011b1   Thumb Code   266  os_sem.o(i.OSSemPend)
    OSSemPost                                0x080012c9   Thumb Code   112  os_sem.o(i.OSSemPost)
    OSStart                                  0x08001339   Thumb Code    48  os_core.o(i.OSStart)
    OSTCBInitHook                            0x08001381   Thumb Code    12  os_cpu_c.o(i.OSTCBInitHook)
    OSTaskCreate                             0x0800138d   Thumb Code   186  os_task.o(i.OSTaskCreate)
    OSTaskCreateExt                          0x08001455   Thumb Code   206  os_task.o(i.OSTaskCreateExt)
    OSTaskCreateHook                         0x08001531   Thumb Code    12  os_cpu_c.o(i.OSTaskCreateHook)
    OSTaskDel                                0x0800153d   Thumb Code   346  os_task.o(i.OSTaskDel)
    OSTaskDelHook                            0x080016c5   Thumb Code    12  os_cpu_c.o(i.OSTaskDelHook)
    OSTaskIdleHook                           0x080016d1   Thumb Code     8  os_cpu_c.o(i.OSTaskIdleHook)
    OSTaskNameSet                            0x080016d9   Thumb Code   138  os_task.o(i.OSTaskNameSet)
    OSTaskResume                             0x08001771   Thumb Code   196  os_task.o(i.OSTaskResume)
    OSTaskReturnHook                         0x08001845   Thumb Code    12  os_cpu_c.o(i.OSTaskReturnHook)
    OSTaskStatHook                           0x08001851   Thumb Code     8  os_cpu_c.o(i.OSTaskStatHook)
    OSTaskStkChk                             0x08001859   Thumb Code   168  os_task.o(i.OSTaskStkChk)
    OSTaskStkInit                            0x08001909   Thumb Code   170  os_cpu_c.o(i.OSTaskStkInit)
    OSTaskSuspend                            0x080019b9   Thumb Code   190  os_task.o(i.OSTaskSuspend)
    OSTaskSwHook                             0x08001a89   Thumb Code     8  os_cpu_c.o(i.OSTaskSwHook)
    OSTimeDly                                0x08001a91   Thumb Code   110  os_time.o(i.OSTimeDly)
    OSTimeTick                               0x08001b15   Thumb Code   230  os_core.o(i.OSTimeTick)
    OSTimeTickHook                           0x08001c15   Thumb Code    34  os_cpu_c.o(i.OSTimeTickHook)
    OSTmrSignal                              0x08001c3d   Thumb Code    16  os_tmr.o(i.OSTmrSignal)
    OSTmr_Init                               0x08001c51   Thumb Code   168  os_tmr.o(i.OSTmr_Init)
    OS_Dummy                                 0x08001ed5   Thumb Code     2  os_core.o(i.OS_Dummy)
    OS_EventTaskRdy                          0x08001ed9   Thumb Code   132  os_core.o(i.OS_EventTaskRdy)
    OS_EventTaskRemove                       0x08001f6d   Thumb Code    46  os_core.o(i.OS_EventTaskRemove)
    OS_EventTaskRemoveMulti                  0x08001f9b   Thumb Code    58  os_core.o(i.OS_EventTaskRemoveMulti)
    OS_EventTaskWait                         0x08001fd5   Thumb Code   112  os_core.o(i.OS_EventTaskWait)
    OS_EventWaitListInit                     0x08002051   Thumb Code    28  os_core.o(i.OS_EventWaitListInit)
    OS_FlagInit                              0x0800206d   Thumb Code    74  os_flag.o(i.OS_FlagInit)
    OS_FlagUnlink                            0x080020c5   Thumb Code    36  os_flag.o(i.OS_FlagUnlink)
    OS_MemClr                                0x08002309   Thumb Code    18  os_core.o(i.OS_MemClr)
    OS_MemInit                               0x0800231d   Thumb Code    74  os_mem.o(i.OS_MemInit)
    OS_QInit                                 0x08002375   Thumb Code    72  os_q.o(i.OS_QInit)
    OS_Sched                                 0x080023c5   Thumb Code    98  os_core.o(i.OS_Sched)
    OS_TCBInit                               0x08002471   Thumb Code   330  os_core.o(i.OS_TCBInit)
    OS_TaskIdle                              0x080025d9   Thumb Code    42  os_core.o(i.OS_TaskIdle)
    OS_TaskReturn                            0x08002609   Thumb Code    18  os_task.o(i.OS_TaskReturn)
    OS_TaskStat                              0x08002621   Thumb Code   218  os_core.o(i.OS_TaskStat)
    OS_TaskStatStkChk                        0x08002711   Thumb Code    54  os_core.o(i.OS_TaskStatStkChk)
    OS_TaskStkClr                            0x0800274d   Thumb Code    26  os_task.o(i.OS_TaskStkClr)
    PPM_Init                                 0x08002769   Thumb Code   204  ppm.o(i.PPM_Init)
    PWM_Init                                 0x08002839   Thumb Code   280  pwm.o(i.PWM_Init)
    PWM_SetCompare1                          0x0800295d   Thumb Code    14  pwm.o(i.PWM_SetCompare1)
    RCC_AHB1PeriphClockCmd                   0x08002971   Thumb Code    26  stm32f4xx_rcc.o(i.RCC_AHB1PeriphClockCmd)
    RCC_APB1PeriphClockCmd                   0x08002991   Thumb Code    26  stm32f4xx_rcc.o(i.RCC_APB1PeriphClockCmd)
    RCC_APB2PeriphClockCmd                   0x080029b1   Thumb Code    26  stm32f4xx_rcc.o(i.RCC_APB2PeriphClockCmd)
    RCC_GetClocksFreq                        0x080029d1   Thumb Code   214  stm32f4xx_rcc.o(i.RCC_GetClocksFreq)
    SVC_Handler                              0x08002ab9   Thumb Code     2  stm32f4xx_it.o(i.SVC_Handler)
    Serial_Pow                               0x08002abb   Thumb Code    20  serial.o(i.Serial_Pow)
    Serial_SendByte                          0x08002ad1   Thumb Code    28  serial.o(i.Serial_SendByte)
    Serial_SendNumber                        0x08002af1   Thumb Code    58  serial.o(i.Serial_SendNumber)
    Serial_init                              0x08002b2d   Thumb Code   196  serial.o(i.Serial_init)
    SysTick_Handler                          0x08002bf9   Thumb Code    38  os_cpu_c.o(i.SysTick_Handler)
    TIM2_IRQHandler                          0x08002d41   Thumb Code   188  ppm.o(i.TIM2_IRQHandler)
    TIM_Cmd                                  0x08002e1d   Thumb Code    24  stm32f4xx_tim.o(i.TIM_Cmd)
    TIM_GetCapture2                          0x08002e35   Thumb Code     6  stm32f4xx_tim.o(i.TIM_GetCapture2)
    TIM_ICInit                               0x08002e3b   Thumb Code   110  stm32f4xx_tim.o(i.TIM_ICInit)
    TIM_ITConfig                             0x08002ea9   Thumb Code    18  stm32f4xx_tim.o(i.TIM_ITConfig)
    TIM_InternalClockConfig                  0x08002ebb   Thumb Code    12  stm32f4xx_tim.o(i.TIM_InternalClockConfig)
    TIM_OC1Init                              0x08002ec9   Thumb Code   114  stm32f4xx_tim.o(i.TIM_OC1Init)
    TIM_OC1PreloadConfig                     0x08002f45   Thumb Code    18  stm32f4xx_tim.o(i.TIM_OC1PreloadConfig)
    TIM_OC2Init                              0x08002f59   Thumb Code   154  stm32f4xx_tim.o(i.TIM_OC2Init)
    TIM_OC2PreloadConfig                     0x08002ffd   Thumb Code    26  stm32f4xx_tim.o(i.TIM_OC2PreloadConfig)
    TIM_OC3Init                              0x08003019   Thumb Code   150  stm32f4xx_tim.o(i.TIM_OC3Init)
    TIM_OC3PreloadConfig                     0x080030b9   Thumb Code    18  stm32f4xx_tim.o(i.TIM_OC3PreloadConfig)
    TIM_OC4Init                              0x080030cd   Thumb Code   112  stm32f4xx_tim.o(i.TIM_OC4Init)
    TIM_OC4PreloadConfig                     0x08003145   Thumb Code    26  stm32f4xx_tim.o(i.TIM_OC4PreloadConfig)
    TIM_SelectInputTrigger                   0x0800315f   Thumb Code    18  stm32f4xx_tim.o(i.TIM_SelectInputTrigger)
    TIM_SelectSlaveMode                      0x08003171   Thumb Code    18  stm32f4xx_tim.o(i.TIM_SelectSlaveMode)
    TIM_SetCompare1                          0x08003183   Thumb Code     4  stm32f4xx_tim.o(i.TIM_SetCompare1)
    TIM_SetIC1Prescaler                      0x08003187   Thumb Code    18  stm32f4xx_tim.o(i.TIM_SetIC1Prescaler)
    TIM_SetIC2Prescaler                      0x08003199   Thumb Code    26  stm32f4xx_tim.o(i.TIM_SetIC2Prescaler)
    TIM_SetIC3Prescaler                      0x080031b3   Thumb Code    18  stm32f4xx_tim.o(i.TIM_SetIC3Prescaler)
    TIM_SetIC4Prescaler                      0x080031c5   Thumb Code    26  stm32f4xx_tim.o(i.TIM_SetIC4Prescaler)
    TIM_TimeBaseInit                         0x080031e1   Thumb Code   104  stm32f4xx_tim.o(i.TIM_TimeBaseInit)
    Task_GetInfo                             0x08003265   Thumb Code    24  app.o(i.Task_GetInfo)
    Task_SendInfo                            0x0800327d   Thumb Code   162  app.o(i.Task_SendInfo)
    Task_Start                               0x08003321   Thumb Code    54  app.o(i.Task_Start)
    Task_motor                               0x08003375   Thumb Code   114  app.o(i.Task_motor)
    USART1_IRQHandler                        0x080033fd   Thumb Code    70  serial.o(i.USART1_IRQHandler)
    USART_ClearITPendingBit                  0x08003455   Thumb Code    30  stm32f4xx_usart.o(i.USART_ClearITPendingBit)
    USART_Cmd                                0x08003473   Thumb Code    24  stm32f4xx_usart.o(i.USART_Cmd)
    USART_GetFlagStatus                      0x0800348b   Thumb Code    26  stm32f4xx_usart.o(i.USART_GetFlagStatus)
    USART_GetITStatus                        0x080034a5   Thumb Code    84  stm32f4xx_usart.o(i.USART_GetITStatus)
    USART_ITConfig                           0x080034f9   Thumb Code    74  stm32f4xx_usart.o(i.USART_ITConfig)
    USART_Init                               0x08003545   Thumb Code   204  stm32f4xx_usart.o(i.USART_Init)
    USART_ReceiveData                        0x08003619   Thumb Code    10  stm32f4xx_usart.o(i.USART_ReceiveData)
    USART_SendData                           0x08003623   Thumb Code     8  stm32f4xx_usart.o(i.USART_SendData)
    UsageFault_Handler                       0x0800362b   Thumb Code     4  stm32f4xx_it.o(i.UsageFault_Handler)
    hardware_Init                            0x0800362f   Thumb Code    36  hardwareinit.o(i.hardware_Init)
    main                                     0x08003655   Thumb Code    30  main.o(i.main)
    _fp_init                                 0x0800367d   Thumb Code    10  fpinit.o(x$fpl$fpinit)
    __fplib_config_fpu_vfp                   0x08003685   Thumb Code     0  fpinit.o(x$fpl$fpinit)
    __fplib_config_pureend_doubles           0x08003685   Thumb Code     0  fpinit.o(x$fpl$fpinit)
    OSDebugEn                                0x08003688   Data           2  os_dbg_r.o(.constdata)
    OSEndiannessTest                         0x0800368c   Data           4  os_dbg_r.o(.constdata)
    OSEventEn                                0x08003690   Data           2  os_dbg_r.o(.constdata)
    OSEventMax                               0x08003692   Data           2  os_dbg_r.o(.constdata)
    OSEventNameEn                            0x08003694   Data           2  os_dbg_r.o(.constdata)
    OSEventSize                              0x08003696   Data           2  os_dbg_r.o(.constdata)
    OSEventTblSize                           0x08003698   Data           2  os_dbg_r.o(.constdata)
    OSEventMultiEn                           0x0800369a   Data           2  os_dbg_r.o(.constdata)
    OSFlagEn                                 0x0800369c   Data           2  os_dbg_r.o(.constdata)
    OSFlagGrpSize                            0x0800369e   Data           2  os_dbg_r.o(.constdata)
    OSFlagNodeSize                           0x080036a0   Data           2  os_dbg_r.o(.constdata)
    OSFlagWidth                              0x080036a2   Data           2  os_dbg_r.o(.constdata)
    OSFlagMax                                0x080036a4   Data           2  os_dbg_r.o(.constdata)
    OSFlagNameEn                             0x080036a6   Data           2  os_dbg_r.o(.constdata)
    OSLowestPrio                             0x080036a8   Data           2  os_dbg_r.o(.constdata)
    OSMboxEn                                 0x080036aa   Data           2  os_dbg_r.o(.constdata)
    OSMemEn                                  0x080036ac   Data           2  os_dbg_r.o(.constdata)
    OSMemMax                                 0x080036ae   Data           2  os_dbg_r.o(.constdata)
    OSMemNameEn                              0x080036b0   Data           2  os_dbg_r.o(.constdata)
    OSMemSize                                0x080036b2   Data           2  os_dbg_r.o(.constdata)
    OSMemTblSize                             0x080036b4   Data           2  os_dbg_r.o(.constdata)
    OSMutexEn                                0x080036b6   Data           2  os_dbg_r.o(.constdata)
    OSPtrSize                                0x080036b8   Data           2  os_dbg_r.o(.constdata)
    OSQEn                                    0x080036ba   Data           2  os_dbg_r.o(.constdata)
    OSQMax                                   0x080036bc   Data           2  os_dbg_r.o(.constdata)
    OSQSize                                  0x080036be   Data           2  os_dbg_r.o(.constdata)
    OSRdyTblSize                             0x080036c0   Data           2  os_dbg_r.o(.constdata)
    OSSemEn                                  0x080036c2   Data           2  os_dbg_r.o(.constdata)
    OSStkWidth                               0x080036c4   Data           2  os_dbg_r.o(.constdata)
    OSTaskCreateEn                           0x080036c6   Data           2  os_dbg_r.o(.constdata)
    OSTaskCreateExtEn                        0x080036c8   Data           2  os_dbg_r.o(.constdata)
    OSTaskDelEn                              0x080036ca   Data           2  os_dbg_r.o(.constdata)
    OSTaskIdleStkSize                        0x080036cc   Data           2  os_dbg_r.o(.constdata)
    OSTaskProfileEn                          0x080036ce   Data           2  os_dbg_r.o(.constdata)
    OSTaskMax                                0x080036d0   Data           2  os_dbg_r.o(.constdata)
    OSTaskNameEn                             0x080036d2   Data           2  os_dbg_r.o(.constdata)
    OSTaskStatEn                             0x080036d4   Data           2  os_dbg_r.o(.constdata)
    OSTaskStatStkSize                        0x080036d6   Data           2  os_dbg_r.o(.constdata)
    OSTaskStatStkChkEn                       0x080036d8   Data           2  os_dbg_r.o(.constdata)
    OSTaskSwHookEn                           0x080036da   Data           2  os_dbg_r.o(.constdata)
    OSTaskRegTblSize                         0x080036dc   Data           2  os_dbg_r.o(.constdata)
    OSTCBPrioTblMax                          0x080036de   Data           2  os_dbg_r.o(.constdata)
    OSTCBSize                                0x080036e0   Data           2  os_dbg_r.o(.constdata)
    OSTicksPerSec                            0x080036e2   Data           2  os_dbg_r.o(.constdata)
    OSTimeTickHookEn                         0x080036e4   Data           2  os_dbg_r.o(.constdata)
    OSVersionNbr                             0x080036e6   Data           2  os_dbg_r.o(.constdata)
    OS_TLS_TblSize                           0x080036e8   Data           2  os_dbg_r.o(.constdata)
    OSTmrEn                                  0x080036ea   Data           2  os_dbg_r.o(.constdata)
    OSTmrCfgMax                              0x080036ec   Data           2  os_dbg_r.o(.constdata)
    OSTmrCfgNameEn                           0x080036ee   Data           2  os_dbg_r.o(.constdata)
    OSTmrCfgWheelSize                        0x080036f0   Data           2  os_dbg_r.o(.constdata)
    OSTmrCfgTicksPerSec                      0x080036f2   Data           2  os_dbg_r.o(.constdata)
    OSTmrSize                                0x080036f4   Data           2  os_dbg_r.o(.constdata)
    OSTmrTblSize                             0x080036f6   Data           2  os_dbg_r.o(.constdata)
    OSTmrWheelSize                           0x080036f8   Data           2  os_dbg_r.o(.constdata)
    OSTmrWheelTblSize                        0x080036fa   Data           2  os_dbg_r.o(.constdata)
    OSDataSize                               0x080036fc   Data           2  os_dbg_r.o(.constdata)
    OSUnMapTbl                               0x080036fe   Data         256  os_core.o(.constdata)
    OLED_F8x16                               0x080037fe   Data        1520  oled.o(.constdata)
    Region$$Table$$Base                      0x08003df0   Number         0  anon$$obj.o(Region$$Table)
    Load$$RW_IRAM1$$Base                     0x08003e10   Number         0  anon$$obj.o ABSOLUTE
    Region$$Table$$Limit                     0x08003e10   Number         0  anon$$obj.o(Region$$Table)
    Image$$RW_IRAM1$$Base                    0x20000000   Number         0  anon$$obj.o ABSOLUTE
    OSCtxSwCtr                               0x20000010   Data           4  os_core.o(.data)
    OSEventFreeList                          0x20000014   Data           4  os_core.o(.data)
    OSFlagFreeList                           0x20000018   Data           4  os_core.o(.data)
    OSCPUUsage                               0x2000001c   Data           1  os_core.o(.data)
    OSIdleCtrMax                             0x20000020   Data           4  os_core.o(.data)
    OSIdleCtrRun                             0x20000024   Data           4  os_core.o(.data)
    OSStatRdy                                0x20000028   Data           1  os_core.o(.data)
    OSIntNesting                             0x20000029   Data           1  os_core.o(.data)
    OSLockNesting                            0x2000002a   Data           1  os_core.o(.data)
    OSPrioCur                                0x2000002b   Data           1  os_core.o(.data)
    OSPrioHighRdy                            0x2000002c   Data           1  os_core.o(.data)
    OSRdyGrp                                 0x2000002d   Data           1  os_core.o(.data)
    OSRdyTbl                                 0x2000002e   Data           8  os_core.o(.data)
    OSRunning                                0x20000036   Data           1  os_core.o(.data)
    OSTaskCtr                                0x20000037   Data           1  os_core.o(.data)
    OSIdleCtr                                0x20000038   Data           4  os_core.o(.data)
    OSTCBCur                                 0x2000003c   Data           4  os_core.o(.data)
    OSTCBFreeList                            0x20000040   Data           4  os_core.o(.data)
    OSTCBHighRdy                             0x20000044   Data           4  os_core.o(.data)
    OSTCBList                                0x20000048   Data           4  os_core.o(.data)
    OSTickStepState                          0x2000004c   Data           1  os_core.o(.data)
    OSMemFreeList                            0x20000050   Data           4  os_core.o(.data)
    OSQFreeList                              0x20000054   Data           4  os_core.o(.data)
    OSTaskRegNextAvailID                     0x20000058   Data           1  os_core.o(.data)
    OSTime                                   0x2000005c   Data           4  os_core.o(.data)
    OSTmrFree                                0x20000060   Data           2  os_core.o(.data)
    OSTmrUsed                                0x20000062   Data           2  os_core.o(.data)
    OSTmrTime                                0x20000064   Data           4  os_core.o(.data)
    OSTmrSem                                 0x20000068   Data           4  os_core.o(.data)
    OSTmrSemSignal                           0x2000006c   Data           4  os_core.o(.data)
    OSTmrFreeList                            0x20000070   Data           4  os_core.o(.data)
    OS_CPU_ExceptStkBase                     0x20000074   Data           4  os_cpu_c.o(.data)
    OS_KA_BASEPRI_Boundary                   0x2000007c   Data           4  os_cpu_c.o(.data)
    Serial_RxData                            0x20000080   Data           1  serial.o(.data)
    Serial_RxFlag                            0x20000081   Data           1  serial.o(.data)
    Time                                     0x20000084   Data           4  ppm.o(.data)
    finish                                   0x20000088   Data           4  ppm.o(.data)
    ch                                       0x2000008c   Data           4  ppm.o(.data)
    past                                     0x20000090   Data           4  ppm.o(.data)
    delta                                    0x20000094   Data           4  ppm.o(.data)
    ppm_head                                 0x20000098   Data           1  app.o(.data)
    ppm_tail                                 0x20000099   Data           1  app.o(.data)
    ppm_count                                0x2000009a   Data           1  app.o(.data)
    Image$$RW_IRAM1$$ZI$$Base                0x2000009c   Number         0  anon$$obj.o ABSOLUTE
    OSEventTbl                               0x2000009c   Data         240  os_core.o(.bss)
    OSFlagTbl                                0x2000018c   Data          80  os_core.o(.bss)
    OSTaskStatStk                            0x200001dc   Data         512  os_core.o(.bss)
    OSTaskIdleStk                            0x200003dc   Data         512  os_core.o(.bss)
    OSTCBPrioTbl                             0x200005dc   Data         256  os_core.o(.bss)
    OSTCBTbl                                 0x200006dc   Data        2024  os_core.o(.bss)
    OSMemTbl                                 0x20000ec4   Data         120  os_core.o(.bss)
    OSQTbl                                   0x20000f3c   Data          96  os_core.o(.bss)
    OSTmrTbl                                 0x20000f9c   Data         640  os_core.o(.bss)
    OSTmrTaskStk                             0x2000121c   Data         512  os_core.o(.bss)
    OSTmrWheelTbl                            0x2000141c   Data          56  os_core.o(.bss)
    OS_CPU_ExceptStk                         0x20001454   Data        1024  os_cpu_c.o(.bss)
    PPM_Data                                 0x20001854   Data          32  ppm.o(.bss)
    ppm_buffer                               0x20001874   Data          10  app.o(.bss)
    task_motor_stk                           0x20001880   Data         512  app.o(.bss)
    task_sendInfo_stk                        0x20001a80   Data         512  app.o(.bss)
    task_getInfo_stk                         0x20001c80   Data         512  app.o(.bss)
    __libspace_start                         0x20002080   Data          96  libspace.o(.bss)
    __temporary_stack_top$libspace           0x200020e0   Data           0  libspace.o(.bss)



==============================================================================

Memory Map of the image

  Image Entry point : 0x08000189

  Load Region LR_IROM1 (Base: 0x08000000, Size: 0x00003eac, Max: 0x00080000, ABSOLUTE)

    Execution Region ER_IROM1 (Exec base: 0x08000000, Load base: 0x08000000, Size: 0x00003e10, Max: 0x00080000, ABSOLUTE)

    Exec Addr    Load Addr    Size         Type   Attr      Idx    E Section Name        Object

    0x08000000   0x08000000   0x00000188   Data   RO            3    RESET               startup_stm32f40_41xxx.o
    0x08000188   0x08000188   0x00000008   Code   RO         6745  * !!!main             c_w.l(__main.o)
    0x08000190   0x08000190   0x00000034   Code   RO         6902    !!!scatter          c_w.l(__scatter.o)
    0x080001c4   0x080001c4   0x0000001a   Code   RO         6904    !!handler_copy      c_w.l(__scatter_copy.o)
    0x080001de   0x080001de   0x00000002   PAD
    0x080001e0   0x080001e0   0x0000001c   Code   RO         6906    !!handler_zi        c_w.l(__scatter_zi.o)
    0x080001fc   0x080001fc   0x00000002   Code   RO         6772    .ARM.Collect$$libinit$$00000000  c_w.l(libinit.o)
    0x080001fe   0x080001fe   0x00000004   Code   RO         6778    .ARM.Collect$$libinit$$00000001  c_w.l(libinit2.o)
    0x08000202   0x08000202   0x00000000   Code   RO         6781    .ARM.Collect$$libinit$$00000004  c_w.l(libinit2.o)
    0x08000202   0x08000202   0x00000000   Code   RO         6784    .ARM.Collect$$libinit$$0000000A  c_w.l(libinit2.o)
    0x08000202   0x08000202   0x00000000   Code   RO         6786    .ARM.Collect$$libinit$$0000000C  c_w.l(libinit2.o)
    0x08000202   0x08000202   0x00000000   Code   RO         6788    .ARM.Collect$$libinit$$0000000E  c_w.l(libinit2.o)
    0x08000202   0x08000202   0x00000000   Code   RO         6791    .ARM.Collect$$libinit$$00000011  c_w.l(libinit2.o)
    0x08000202   0x08000202   0x00000000   Code   RO         6793    .ARM.Collect$$libinit$$00000013  c_w.l(libinit2.o)
    0x08000202   0x08000202   0x00000000   Code   RO         6795    .ARM.Collect$$libinit$$00000015  c_w.l(libinit2.o)
    0x08000202   0x08000202   0x00000000   Code   RO         6797    .ARM.Collect$$libinit$$00000017  c_w.l(libinit2.o)
    0x08000202   0x08000202   0x00000000   Code   RO         6799    .ARM.Collect$$libinit$$00000019  c_w.l(libinit2.o)
    0x08000202   0x08000202   0x00000000   Code   RO         6801    .ARM.Collect$$libinit$$0000001B  c_w.l(libinit2.o)
    0x08000202   0x08000202   0x00000000   Code   RO         6803    .ARM.Collect$$libinit$$0000001D  c_w.l(libinit2.o)
    0x08000202   0x08000202   0x00000000   Code   RO         6805    .ARM.Collect$$libinit$$0000001F  c_w.l(libinit2.o)
    0x08000202   0x08000202   0x00000000   Code   RO         6807    .ARM.Collect$$libinit$$00000021  c_w.l(libinit2.o)
    0x08000202   0x08000202   0x00000000   Code   RO         6809    .ARM.Collect$$libinit$$00000023  c_w.l(libinit2.o)
    0x08000202   0x08000202   0x00000000   Code   RO         6811    .ARM.Collect$$libinit$$00000025  c_w.l(libinit2.o)
    0x08000202   0x08000202   0x00000000   Code   RO         6815    .ARM.Collect$$libinit$$0000002C  c_w.l(libinit2.o)
    0x08000202   0x08000202   0x00000000   Code   RO         6817    .ARM.Collect$$libinit$$0000002E  c_w.l(libinit2.o)
    0x08000202   0x08000202   0x00000000   Code   RO         6819    .ARM.Collect$$libinit$$00000030  c_w.l(libinit2.o)
    0x08000202   0x08000202   0x00000000   Code   RO         6821    .ARM.Collect$$libinit$$00000032  c_w.l(libinit2.o)
    0x08000202   0x08000202   0x00000002   Code   RO         6822    .ARM.Collect$$libinit$$00000033  c_w.l(libinit2.o)
    0x08000204   0x08000204   0x00000002   Code   RO         6842    .ARM.Collect$$libshutdown$$00000000  c_w.l(libshutdown.o)
    0x08000206   0x08000206   0x00000000   Code   RO         6855    .ARM.Collect$$libshutdown$$00000002  c_w.l(libshutdown2.o)
    0x08000206   0x08000206   0x00000000   Code   RO         6857    .ARM.Collect$$libshutdown$$00000004  c_w.l(libshutdown2.o)
    0x08000206   0x08000206   0x00000000   Code   RO         6860    .ARM.Collect$$libshutdown$$00000007  c_w.l(libshutdown2.o)
    0x08000206   0x08000206   0x00000000   Code   RO         6863    .ARM.Collect$$libshutdown$$0000000A  c_w.l(libshutdown2.o)
    0x08000206   0x08000206   0x00000000   Code   RO         6865    .ARM.Collect$$libshutdown$$0000000C  c_w.l(libshutdown2.o)
    0x08000206   0x08000206   0x00000000   Code   RO         6868    .ARM.Collect$$libshutdown$$0000000F  c_w.l(libshutdown2.o)
    0x08000206   0x08000206   0x00000002   Code   RO         6869    .ARM.Collect$$libshutdown$$00000010  c_w.l(libshutdown2.o)
    0x08000208   0x08000208   0x00000000   Code   RO         6747    .ARM.Collect$$rtentry$$00000000  c_w.l(__rtentry.o)
    0x08000208   0x08000208   0x00000000   Code   RO         6749    .ARM.Collect$$rtentry$$00000002  c_w.l(__rtentry2.o)
    0x08000208   0x08000208   0x00000006   Code   RO         6761    .ARM.Collect$$rtentry$$00000004  c_w.l(__rtentry4.o)
    0x0800020e   0x0800020e   0x00000000   Code   RO         6751    .ARM.Collect$$rtentry$$00000009  c_w.l(__rtentry2.o)
    0x0800020e   0x0800020e   0x00000004   Code   RO         6752    .ARM.Collect$$rtentry$$0000000A  c_w.l(__rtentry2.o)
    0x08000212   0x08000212   0x00000000   Code   RO         6754    .ARM.Collect$$rtentry$$0000000C  c_w.l(__rtentry2.o)
    0x08000212   0x08000212   0x00000008   Code   RO         6755    .ARM.Collect$$rtentry$$0000000D  c_w.l(__rtentry2.o)
    0x0800021a   0x0800021a   0x00000002   Code   RO         6776    .ARM.Collect$$rtexit$$00000000  c_w.l(rtexit.o)
    0x0800021c   0x0800021c   0x00000000   Code   RO         6824    .ARM.Collect$$rtexit$$00000002  c_w.l(rtexit2.o)
    0x0800021c   0x0800021c   0x00000004   Code   RO         6825    .ARM.Collect$$rtexit$$00000003  c_w.l(rtexit2.o)
    0x08000220   0x08000220   0x00000006   Code   RO         6826    .ARM.Collect$$rtexit$$00000004  c_w.l(rtexit2.o)
    0x08000226   0x08000226   0x00000002   PAD
    0x08000228   0x08000228   0x00000048   Code   RO            4    .text               startup_stm32f40_41xxx.o
    0x08000270   0x08000270   0x00000038   Code   RO          146    .text               myscratterload.o
    0x080002a8   0x080002a8   0x000001a8   Code   RO         5932    .text               os_cpu_a.o
    0x08000450   0x08000450   0x00000006   Code   RO         6743    .text               c_w.l(heapauxi.o)
    0x08000456   0x08000456   0x0000004a   Code   RO         6763    .text               c_w.l(sys_stackheap_outer.o)
    0x080004a0   0x080004a0   0x00000012   Code   RO         6765    .text               c_w.l(exit.o)
    0x080004b2   0x080004b2   0x00000002   PAD
    0x080004b4   0x080004b4   0x00000008   Code   RO         6773    .text               c_w.l(libspace.o)
    0x080004bc   0x080004bc   0x0000000c   Code   RO         6834    .text               c_w.l(sys_exit.o)
    0x080004c8   0x080004c8   0x00000002   Code   RO         6845    .text               c_w.l(use_no_semi.o)
    0x080004ca   0x080004ca   0x00000000   Code   RO         6847    .text               c_w.l(indicate_semi.o)
    0x080004ca   0x080004ca   0x00000002   Code   RO         5862    i.App_TCBInitHook   myhook.o
    0x080004cc   0x080004cc   0x00000002   Code   RO         5863    i.App_TaskCreateHook  myhook.o
    0x080004ce   0x080004ce   0x00000002   Code   RO         5864    i.App_TaskDelHook   myhook.o
    0x080004d0   0x080004d0   0x00000002   Code   RO         5865    i.App_TaskIdleHook  myhook.o
    0x080004d2   0x080004d2   0x00000002   Code   RO         5866    i.App_TaskReturnHook  myhook.o
    0x080004d4   0x080004d4   0x00000002   Code   RO         5867    i.App_TaskStatHook  myhook.o
    0x080004d6   0x080004d6   0x00000002   Code   RO         5868    i.App_TaskSwHook    myhook.o
    0x080004d8   0x080004d8   0x00000002   Code   RO         5869    i.App_TimeTickHook  myhook.o
    0x080004da   0x080004da   0x00000004   Code   RO         6591    i.BusFault_Handler  stm32f4xx_it.o
    0x080004de   0x080004de   0x00000002   Code   RO         6592    i.DebugMon_Handler  stm32f4xx_it.o
    0x080004e0   0x080004e0   0x00000014   Code   RO         6220    i.Delay_ms          delay.o
    0x080004f4   0x080004f4   0x00000012   Code   RO         6221    i.Delay_us          delay.o
    0x08000506   0x08000506   0x00000002   PAD
    0x08000508   0x08000508   0x00000034   Code   RO         6027    i.GPIO_INIT         hardwareinit.o
    0x0800053c   0x0800053c   0x00000090   Code   RO         1897    i.GPIO_Init         stm32f4xx_gpio.o
    0x080005cc   0x080005cc   0x00000046   Code   RO         1898    i.GPIO_PinAFConfig  stm32f4xx_gpio.o
    0x08000612   0x08000612   0x00000012   Code   RO         1901    i.GPIO_ReadInputDataBit  stm32f4xx_gpio.o
    0x08000624   0x08000624   0x00000004   Code   RO         1905    i.GPIO_SetBits      stm32f4xx_gpio.o
    0x08000628   0x08000628   0x0000000a   Code   RO         1909    i.GPIO_WriteBit     stm32f4xx_gpio.o
    0x08000632   0x08000632   0x0000006a   Code   RO         6329    i.HMC5883L_GetData1  hmc5883l.o
    0x0800069c   0x0800069c   0x00000030   Code   RO         6330    i.HMC5883L_Init     hmc5883l.o
    0x080006cc   0x080006cc   0x0000003e   Code   RO         6331    i.HMC5883L_ReadReg  hmc5883l.o
    0x0800070a   0x0800070a   0x0000002e   Code   RO         6332    i.HMC5883L_WriteReg  hmc5883l.o
    0x08000738   0x08000738   0x00000004   Code   RO         6593    i.HardFault_Handler  stm32f4xx_it.o
    0x0800073c   0x0800073c   0x000000ac   Code   RO         6094    i.MPU6050_GetData   mpu6050.o
    0x080007e8   0x080007e8   0x00000038   Code   RO         6096    i.MPU6050_Init      mpu6050.o
    0x08000820   0x08000820   0x0000003e   Code   RO         6097    i.MPU6050_ReadReg   mpu6050.o
    0x0800085e   0x0800085e   0x0000002e   Code   RO         6098    i.MPU6050_WriteReg  mpu6050.o
    0x0800088c   0x0800088c   0x00000004   Code   RO         6594    i.MemManage_Handler  stm32f4xx_it.o
    0x08000890   0x08000890   0x00000040   Code   RO         6142    i.MyI2C_Init        myi2c.o
    0x080008d0   0x080008d0   0x0000001c   Code   RO         6143    i.MyI2C_R_SDA       myi2c.o
    0x080008ec   0x080008ec   0x0000001c   Code   RO         6144    i.MyI2C_ReceiveAck  myi2c.o
    0x08000908   0x08000908   0x00000034   Code   RO         6145    i.MyI2C_ReceiveByte  myi2c.o
    0x0800093c   0x0800093c   0x00000018   Code   RO         6146    i.MyI2C_SendAck     myi2c.o
    0x08000954   0x08000954   0x0000002a   Code   RO         6147    i.MyI2C_SendByte    myi2c.o
    0x0800097e   0x0800097e   0x0000001c   Code   RO         6148    i.MyI2C_Start       myi2c.o
    0x0800099a   0x0800099a   0x00000016   Code   RO         6149    i.MyI2C_Stop        myi2c.o
    0x080009b0   0x080009b0   0x0000001c   Code   RO         6150    i.MyI2C_W_SCL       myi2c.o
    0x080009cc   0x080009cc   0x0000001c   Code   RO         6151    i.MyI2C_W_SDA       myi2c.o
    0x080009e8   0x080009e8   0x00000002   Code   RO         6595    i.NMI_Handler       stm32f4xx_it.o
    0x080009ea   0x080009ea   0x00000002   PAD
    0x080009ec   0x080009ec   0x00000078   Code   RO          153    i.NVIC_Init         misc.o
    0x08000a64   0x08000a64   0x00000014   Code   RO          154    i.NVIC_PriorityGroupConfig  misc.o
    0x08000a78   0x08000a78   0x0000002a   Code   RO         6382    i.OLED_Clear        oled.o
    0x08000aa2   0x08000aa2   0x00000002   PAD
    0x08000aa4   0x08000aa4   0x00000048   Code   RO         6383    i.OLED_I2C_Init     oled.o
    0x08000aec   0x08000aec   0x00000054   Code   RO         6384    i.OLED_I2C_SendByte  oled.o
    0x08000b40   0x08000b40   0x00000034   Code   RO         6385    i.OLED_I2C_Start    oled.o
    0x08000b74   0x08000b74   0x00000028   Code   RO         6386    i.OLED_I2C_Stop     oled.o
    0x08000b9c   0x08000b9c   0x000000ae   Code   RO         6387    i.OLED_Init         oled.o
    0x08000c4a   0x08000c4a   0x00000014   Code   RO         6388    i.OLED_Pow          oled.o
    0x08000c5e   0x08000c5e   0x00000022   Code   RO         6389    i.OLED_SetCursor    oled.o
    0x08000c80   0x08000c80   0x00000074   Code   RO         6391    i.OLED_ShowChar     oled.o
    0x08000cf4   0x08000cf4   0x00000054   Code   RO         6392    i.OLED_ShowHexNum   oled.o
    0x08000d48   0x08000d48   0x00000020   Code   RO         6396    i.OLED_WriteCommand  oled.o
    0x08000d68   0x08000d68   0x00000020   Code   RO         6397    i.OLED_WriteData    oled.o
    0x08000d88   0x08000d88   0x0000015c   Code   RO         5024    i.OSDebugInit       os_dbg_r.o
    0x08000ee4   0x08000ee4   0x00000074   Code   RO         5146    i.OSEventNameSet    os_core.o
    0x08000f58   0x08000f58   0x00000038   Code   RO         5148    i.OSInit            os_core.o
    0x08000f90   0x08000f90   0x00000044   Code   RO         5935    i.OSInitHookBegin   os_cpu_c.o
    0x08000fd4   0x08000fd4   0x00000002   Code   RO         5936    i.OSInitHookEnd     os_cpu_c.o
    0x08000fd6   0x08000fd6   0x00000002   PAD
    0x08000fd8   0x08000fd8   0x00000024   Code   RO         5149    i.OSIntEnter        os_core.o
    0x08000ffc   0x08000ffc   0x0000009c   Code   RO         5150    i.OSIntExit         os_core.o
    0x08001098   0x08001098   0x00000048   Code   RO         5151    i.OSSchedLock       os_core.o
    0x080010e0   0x080010e0   0x00000070   Code   RO         5152    i.OSSchedUnlock     os_core.o
    0x08001150   0x08001150   0x00000060   Code   RO         5578    i.OSSemCreate       os_sem.o
    0x080011b0   0x080011b0   0x00000118   Code   RO         5580    i.OSSemPend         os_sem.o
    0x080012c8   0x080012c8   0x00000070   Code   RO         5582    i.OSSemPost         os_sem.o
    0x08001338   0x08001338   0x00000048   Code   RO         5153    i.OSStart           os_core.o
    0x08001380   0x08001380   0x0000000c   Code   RO         5937    i.OSTCBInitHook     os_cpu_c.o
    0x0800138c   0x0800138c   0x000000c8   Code   RO         5632    i.OSTaskCreate      os_task.o
    0x08001454   0x08001454   0x000000dc   Code   RO         5633    i.OSTaskCreateExt   os_task.o
    0x08001530   0x08001530   0x0000000c   Code   RO         5938    i.OSTaskCreateHook  os_cpu_c.o
    0x0800153c   0x0800153c   0x00000188   Code   RO         5634    i.OSTaskDel         os_task.o
    0x080016c4   0x080016c4   0x0000000c   Code   RO         5939    i.OSTaskDelHook     os_cpu_c.o
    0x080016d0   0x080016d0   0x00000008   Code   RO         5940    i.OSTaskIdleHook    os_cpu_c.o
    0x080016d8   0x080016d8   0x00000098   Code   RO         5637    i.OSTaskNameSet     os_task.o
    0x08001770   0x08001770   0x000000d4   Code   RO         5642    i.OSTaskResume      os_task.o
    0x08001844   0x08001844   0x0000000c   Code   RO         5941    i.OSTaskReturnHook  os_cpu_c.o
    0x08001850   0x08001850   0x00000008   Code   RO         5942    i.OSTaskStatHook    os_cpu_c.o
    0x08001858   0x08001858   0x000000b0   Code   RO         5643    i.OSTaskStkChk      os_task.o
    0x08001908   0x08001908   0x000000b0   Code   RO         5943    i.OSTaskStkInit     os_cpu_c.o
    0x080019b8   0x080019b8   0x000000d0   Code   RO         5644    i.OSTaskSuspend     os_task.o
    0x08001a88   0x08001a88   0x00000008   Code   RO         5944    i.OSTaskSwHook      os_cpu_c.o
    0x08001a90   0x08001a90   0x00000084   Code   RO         5733    i.OSTimeDly         os_time.o
    0x08001b14   0x08001b14   0x00000100   Code   RO         5155    i.OSTimeTick        os_core.o
    0x08001c14   0x08001c14   0x00000028   Code   RO         5945    i.OSTimeTickHook    os_cpu_c.o
    0x08001c3c   0x08001c3c   0x00000014   Code   RO         5773    i.OSTmrSignal       os_tmr.o
    0x08001c50   0x08001c50   0x000000f4   Code   RO         5779    i.OSTmr_Init        os_tmr.o
    0x08001d44   0x08001d44   0x00000050   Code   RO         5780    i.OSTmr_InitTask    os_tmr.o
    0x08001d94   0x08001d94   0x00000074   Code   RO         5781    i.OSTmr_Link        os_tmr.o
    0x08001e08   0x08001e08   0x00000084   Code   RO         5782    i.OSTmr_Task        os_tmr.o
    0x08001e8c   0x08001e8c   0x00000048   Code   RO         5783    i.OSTmr_Unlink      os_tmr.o
    0x08001ed4   0x08001ed4   0x00000002   Code   RO         5157    i.OS_Dummy          os_core.o
    0x08001ed6   0x08001ed6   0x00000002   PAD
    0x08001ed8   0x08001ed8   0x00000094   Code   RO         5158    i.OS_EventTaskRdy   os_core.o
    0x08001f6c   0x08001f6c   0x0000002e   Code   RO         5159    i.OS_EventTaskRemove  os_core.o
    0x08001f9a   0x08001f9a   0x0000003a   Code   RO         5160    i.OS_EventTaskRemoveMulti  os_core.o
    0x08001fd4   0x08001fd4   0x0000007c   Code   RO         5161    i.OS_EventTaskWait  os_core.o
    0x08002050   0x08002050   0x0000001c   Code   RO         5163    i.OS_EventWaitListInit  os_core.o
    0x0800206c   0x0800206c   0x00000058   Code   RO         5073    i.OS_FlagInit       os_flag.o
    0x080020c4   0x080020c4   0x00000024   Code   RO         5075    i.OS_FlagUnlink     os_flag.o
    0x080020e8   0x080020e8   0x00000060   Code   RO         5164    i.OS_InitEventList  os_core.o
    0x08002148   0x08002148   0x0000005c   Code   RO         5165    i.OS_InitMisc       os_core.o
    0x080021a4   0x080021a4   0x00000044   Code   RO         5166    i.OS_InitRdyList    os_core.o
    0x080021e8   0x080021e8   0x00000080   Code   RO         5167    i.OS_InitTCBList    os_core.o
    0x08002268   0x08002268   0x00000050   Code   RO         5168    i.OS_InitTaskIdle   os_core.o
    0x080022b8   0x080022b8   0x00000050   Code   RO         5169    i.OS_InitTaskStat   os_core.o
    0x08002308   0x08002308   0x00000012   Code   RO         5170    i.OS_MemClr         os_core.o
    0x0800231a   0x0800231a   0x00000002   PAD
    0x0800231c   0x0800231c   0x00000058   Code   RO         5416    i.OS_MemInit        os_mem.o
    0x08002374   0x08002374   0x00000050   Code   RO         5515    i.OS_QInit          os_q.o
    0x080023c4   0x080023c4   0x00000080   Code   RO         5172    i.OS_Sched          os_core.o
    0x08002444   0x08002444   0x0000002c   Code   RO         5173    i.OS_SchedNew       os_core.o
    0x08002470   0x08002470   0x00000168   Code   RO         5175    i.OS_TCBInit        os_core.o
    0x080025d8   0x080025d8   0x00000030   Code   RO         5176    i.OS_TaskIdle       os_core.o
    0x08002608   0x08002608   0x00000018   Code   RO         5645    i.OS_TaskReturn     os_task.o
    0x08002620   0x08002620   0x000000f0   Code   RO         5177    i.OS_TaskStat       os_core.o
    0x08002710   0x08002710   0x0000003c   Code   RO         5178    i.OS_TaskStatStkChk  os_core.o
    0x0800274c   0x0800274c   0x0000001a   Code   RO         5646    i.OS_TaskStkClr     os_task.o
    0x08002766   0x08002766   0x00000002   PAD
    0x08002768   0x08002768   0x000000d0   Code   RO         6553    i.PPM_Init          ppm.o
    0x08002838   0x08002838   0x00000124   Code   RO         6505    i.PWM_Init          pwm.o
    0x0800295c   0x0800295c   0x00000014   Code   RO         6506    i.PWM_SetCompare1   pwm.o
    0x08002970   0x08002970   0x00000020   Code   RO         2823    i.RCC_AHB1PeriphClockCmd  stm32f4xx_rcc.o
    0x08002990   0x08002990   0x00000020   Code   RO         2832    i.RCC_APB1PeriphClockCmd  stm32f4xx_rcc.o
    0x080029b0   0x080029b0   0x00000020   Code   RO         2835    i.RCC_APB2PeriphClockCmd  stm32f4xx_rcc.o
    0x080029d0   0x080029d0   0x000000e8   Code   RO         2844    i.RCC_GetClocksFreq  stm32f4xx_rcc.o
    0x08002ab8   0x08002ab8   0x00000002   Code   RO         6596    i.SVC_Handler       stm32f4xx_it.o
    0x08002aba   0x08002aba   0x00000014   Code   RO         6252    i.Serial_Pow        serial.o
    0x08002ace   0x08002ace   0x00000002   PAD
    0x08002ad0   0x08002ad0   0x00000020   Code   RO         6254    i.Serial_SendByte   serial.o
    0x08002af0   0x08002af0   0x0000003a   Code   RO         6255    i.Serial_SendNumber  serial.o
    0x08002b2a   0x08002b2a   0x00000002   PAD
    0x08002b2c   0x08002b2c   0x000000cc   Code   RO         6257    i.Serial_init       serial.o
    0x08002bf8   0x08002bf8   0x00000026   Code   RO         5946    i.SysTick_Handler   os_cpu_c.o
    0x08002c1e   0x08002c1e   0x0000003a   Code   RO         4203    i.TI1_Config        stm32f4xx_tim.o
    0x08002c58   0x08002c58   0x00000050   Code   RO         4204    i.TI2_Config        stm32f4xx_tim.o
    0x08002ca8   0x08002ca8   0x00000048   Code   RO         4205    i.TI3_Config        stm32f4xx_tim.o
    0x08002cf0   0x08002cf0   0x00000050   Code   RO         4206    i.TI4_Config        stm32f4xx_tim.o
    0x08002d40   0x08002d40   0x000000dc   Code   RO         6554    i.TIM2_IRQHandler   ppm.o
    0x08002e1c   0x08002e1c   0x00000018   Code   RO         4219    i.TIM_Cmd           stm32f4xx_tim.o
    0x08002e34   0x08002e34   0x00000006   Code   RO         4235    i.TIM_GetCapture2   stm32f4xx_tim.o
    0x08002e3a   0x08002e3a   0x0000006e   Code   RO         4242    i.TIM_ICInit        stm32f4xx_tim.o
    0x08002ea8   0x08002ea8   0x00000012   Code   RO         4244    i.TIM_ITConfig      stm32f4xx_tim.o
    0x08002eba   0x08002eba   0x0000000c   Code   RO         4246    i.TIM_InternalClockConfig  stm32f4xx_tim.o
    0x08002ec6   0x08002ec6   0x00000002   PAD
    0x08002ec8   0x08002ec8   0x0000007c   Code   RO         4248    i.TIM_OC1Init       stm32f4xx_tim.o
    0x08002f44   0x08002f44   0x00000012   Code   RO         4251    i.TIM_OC1PreloadConfig  stm32f4xx_tim.o
    0x08002f56   0x08002f56   0x00000002   PAD
    0x08002f58   0x08002f58   0x000000a4   Code   RO         4253    i.TIM_OC2Init       stm32f4xx_tim.o
    0x08002ffc   0x08002ffc   0x0000001a   Code   RO         4256    i.TIM_OC2PreloadConfig  stm32f4xx_tim.o
    0x08003016   0x08003016   0x00000002   PAD
    0x08003018   0x08003018   0x000000a0   Code   RO         4258    i.TIM_OC3Init       stm32f4xx_tim.o
    0x080030b8   0x080030b8   0x00000012   Code   RO         4261    i.TIM_OC3PreloadConfig  stm32f4xx_tim.o
    0x080030ca   0x080030ca   0x00000002   PAD
    0x080030cc   0x080030cc   0x00000078   Code   RO         4263    i.TIM_OC4Init       stm32f4xx_tim.o
    0x08003144   0x08003144   0x0000001a   Code   RO         4265    i.TIM_OC4PreloadConfig  stm32f4xx_tim.o
    0x0800315e   0x0800315e   0x00000012   Code   RO         4273    i.TIM_SelectInputTrigger  stm32f4xx_tim.o
    0x08003170   0x08003170   0x00000012   Code   RO         4278    i.TIM_SelectSlaveMode  stm32f4xx_tim.o
    0x08003182   0x08003182   0x00000004   Code   RO         4281    i.TIM_SetCompare1   stm32f4xx_tim.o
    0x08003186   0x08003186   0x00000012   Code   RO         4286    i.TIM_SetIC1Prescaler  stm32f4xx_tim.o
    0x08003198   0x08003198   0x0000001a   Code   RO         4287    i.TIM_SetIC2Prescaler  stm32f4xx_tim.o
    0x080031b2   0x080031b2   0x00000012   Code   RO         4288    i.TIM_SetIC3Prescaler  stm32f4xx_tim.o
    0x080031c4   0x080031c4   0x0000001a   Code   RO         4289    i.TIM_SetIC4Prescaler  stm32f4xx_tim.o
    0x080031de   0x080031de   0x00000002   PAD
    0x080031e0   0x080031e0   0x00000084   Code   RO         4291    i.TIM_TimeBaseInit  stm32f4xx_tim.o
    0x08003264   0x08003264   0x00000018   Code   RO         6662    i.Task_GetInfo      app.o
    0x0800327c   0x0800327c   0x000000a2   Code   RO         6663    i.Task_SendInfo     app.o
    0x0800331e   0x0800331e   0x00000002   PAD
    0x08003320   0x08003320   0x00000054   Code   RO         6664    i.Task_Start        app.o
    0x08003374   0x08003374   0x00000088   Code   RO         6665    i.Task_motor        app.o
    0x080033fc   0x080033fc   0x00000058   Code   RO         6258    i.USART1_IRQHandler  serial.o
    0x08003454   0x08003454   0x0000001e   Code   RO         4770    i.USART_ClearITPendingBit  stm32f4xx_usart.o
    0x08003472   0x08003472   0x00000018   Code   RO         4773    i.USART_Cmd         stm32f4xx_usart.o
    0x0800348a   0x0800348a   0x0000001a   Code   RO         4776    i.USART_GetFlagStatus  stm32f4xx_usart.o
    0x080034a4   0x080034a4   0x00000054   Code   RO         4777    i.USART_GetITStatus  stm32f4xx_usart.o
    0x080034f8   0x080034f8   0x0000004a   Code   RO         4779    i.USART_ITConfig    stm32f4xx_usart.o
    0x08003542   0x08003542   0x00000002   PAD
    0x08003544   0x08003544   0x000000d4   Code   RO         4780    i.USART_Init        stm32f4xx_usart.o
    0x08003618   0x08003618   0x0000000a   Code   RO         4787    i.USART_ReceiveData  stm32f4xx_usart.o
    0x08003622   0x08003622   0x00000008   Code   RO         4790    i.USART_SendData    stm32f4xx_usart.o
    0x0800362a   0x0800362a   0x00000004   Code   RO         6598    i.UsageFault_Handler  stm32f4xx_it.o
    0x0800362e   0x0800362e   0x00000024   Code   RO         6028    i.hardware_Init     hardwareinit.o
    0x08003652   0x08003652   0x00000002   PAD
    0x08003654   0x08003654   0x00000028   Code   RO         6713    i.main              main.o
    0x0800367c   0x0800367c   0x0000000a   Code   RO         6832    x$fpl$fpinit        fz_wm.l(fpinit.o)
    0x08003686   0x08003686   0x00000002   PAD
    0x08003688   0x08003688   0x00000076   Data   RO         5025    .constdata          os_dbg_r.o
    0x080036fe   0x080036fe   0x00000100   Data   RO         5180    .constdata          os_core.o
    0x080037fe   0x080037fe   0x000005f0   Data   RO         6398    .constdata          oled.o
    0x08003dee   0x08003dee   0x00000002   PAD
    0x08003df0   0x08003df0   0x00000020   Data   RO         6900    Region$$Table       anon$$obj.o


    Execution Region RW_IRAM1 (Exec base: 0x20000000, Load base: 0x08003e10, Size: 0x000026e0, Max: 0x00018000, ABSOLUTE)

    Exec Addr    Load Addr    Size         Type   Attr      Idx    E Section Name        Object

    0x20000000   0x08003e10   0x00000010   Data   RW         2876    .data               stm32f4xx_rcc.o
    0x20000010   0x08003e20   0x00000064   Data   RW         5181    .data               os_core.o
    0x20000074   0x08003e84   0x0000000c   Data   RW         5948    .data               os_cpu_c.o
    0x20000080   0x08003e90   0x00000002   Data   RW         6259    .data               serial.o
    0x20000082   0x08003e92   0x00000002   PAD
    0x20000084   0x08003e94   0x00000014   Data   RW         6556    .data               ppm.o
    0x20000098   0x08003ea8   0x00000003   Data   RW         6667    .data               app.o
    0x2000009b   0x08003eab   0x00000001   PAD
    0x2000009c        -       0x000013b8   Zero   RW         5179    .bss                os_core.o
    0x20001454        -       0x00000400   Zero   RW         5947    .bss                os_cpu_c.o
    0x20001854        -       0x00000020   Zero   RW         6555    .bss                ppm.o
    0x20001874        -       0x0000060c   Zero   RW         6666    .bss                app.o
    0x20001e80        -       0x00000200   Zero   RW         6714    .bss                main.o
    0x20002080        -       0x00000060   Zero   RW         6774    .bss                c_w.l(libspace.o)
    0x200020e0        -       0x00000200   Zero   RW            2    HEAP                startup_stm32f40_41xxx.o
    0x200022e0        -       0x00000400   Zero   RW            1    STACK               startup_stm32f40_41xxx.o


==============================================================================

Image component sizes


      Code (inc. data)   RO Data    RW Data    ZI Data      Debug   Object Name

       406         52          0          3       1548       3289   app.o
        38          0          0          0          0       1014   delay.o
        88          4          0          0          0       1004   hardwareinit.o
       262          0          0          0          0       2831   hmc5883l.o
        40         10          0          0        512       1306   main.o
       140         24          0          0          0       1487   misc.o
       336          0          0          0          0       2938   mpu6050.o
        16          0          0          0          0       3648   myhook.o
       344         18          0          0          0       5178   myi2c.o
        56         20          0          0          0        388   myscratterload.o
       782         28       1520          0          0       7294   oled.o
      2724        426        256        100       5048      25134   os_core.o
       424         62          0          0          0        368   os_cpu_a.o
       396         32          0         12       1024      16235   os_cpu_c.o
       348        230        118          0          0      13225   os_dbg_r.o
       124         14          0          0          0       1202   os_flag.o
        88         14          0          0          0        541   os_mem.o
        80          8          0          0          0        563   os_q.o
       488         28          0          0          0       2462   os_sem.o
      1610        136          0          0          0       7687   os_task.o
       132         22          0          0          0        632   os_time.o
       664        136          0          0          0       3863   os_tmr.o
       428         36          0         20         32       1970   ppm.o
       312         18          0          0          0       1257   pwm.o
       402         30          0          2          0       3175   serial.o
        72         28        392          0       1536        872   startup_stm32f40_41xxx.o
       246          0          0          0          0       3466   stm32f4xx_gpio.o
        22          0          0          0          0       3135   stm32f4xx_it.o
       328         36          0         16          0       4559   stm32f4xx_rcc.o
      1376         66          0          0          0      16074   stm32f4xx_tim.o
       468          8          0          0          0       5979   stm32f4xx_usart.o
         0          0          0          0          0     290712   system_stm32f4xx.o

    ----------------------------------------------------------------------
     13274       1486       2320        156       9700     433488   Object Totals
         0          0         32          0          0          0   (incl. Generated)
        34          0          2          3          0          0   (incl. Padding)

    ----------------------------------------------------------------------

      Code (inc. data)   RO Data    RW Data    ZI Data      Debug   Library Member Name

         8          0          0          0          0         68   __main.o
         0          0          0          0          0          0   __rtentry.o
        12          0          0          0          0          0   __rtentry2.o
         6          0          0          0          0          0   __rtentry4.o
        52          8          0          0          0          0   __scatter.o
        26          0          0          0          0          0   __scatter_copy.o
        28          0          0          0          0          0   __scatter_zi.o
        18          0          0          0          0         80   exit.o
         6          0          0          0          0        152   heapauxi.o
         0          0          0          0          0          0   indicate_semi.o
         2          0          0          0          0          0   libinit.o
         6          0          0          0          0          0   libinit2.o
         2          0          0          0          0          0   libshutdown.o
         2          0          0          0          0          0   libshutdown2.o
         8          4          0          0         96         68   libspace.o
         2          0          0          0          0          0   rtexit.o
        10          0          0          0          0          0   rtexit2.o
        12          4          0          0          0         68   sys_exit.o
        74          0          0          0          0         80   sys_stackheap_outer.o
         2          0          0          0          0         68   use_no_semi.o
        10          0          0          0          0        116   fpinit.o

    ----------------------------------------------------------------------
       294         16          0          0         96        700   Library Totals
         8          0          0          0          0          0   (incl. Padding)

    ----------------------------------------------------------------------

      Code (inc. data)   RO Data    RW Data    ZI Data      Debug   Library Name

       276         16          0          0         96        584   c_w.l
        10          0          0          0          0        116   fz_wm.l

    ----------------------------------------------------------------------
       294         16          0          0         96        700   Library Totals

    ----------------------------------------------------------------------

==============================================================================


      Code (inc. data)   RO Data    RW Data    ZI Data      Debug   

     13568       1502       2320        156       9796     417532   Grand Totals
     13568       1502       2320        156       9796     417532   ELF Image Totals
     13568       1502       2320        156          0          0   ROM Totals

==============================================================================

    Total RO  Size (Code + RO Data)                15888 (  15.52kB)
    Total RW  Size (RW Data + ZI Data)              9952 (   9.72kB)
    Total ROM Size (Code + RO Data + RW Data)      16044 (  15.67kB)

==============================================================================

