Component: ARM Compiler 5.06 update 5 (build 528) Tool: armlink [4d35e2]

==============================================================================

Section Cross References

    startup_stm32f40_41xxx.o(STACK) refers (Special) to heapauxi.o(.text) for __use_two_region_memory
    startup_stm32f40_41xxx.o(HEAP) refers (Special) to heapauxi.o(.text) for __use_two_region_memory
    startup_stm32f40_41xxx.o(RESET) refers (Special) to heapauxi.o(.text) for __use_two_region_memory
    startup_stm32f40_41xxx.o(RESET) refers to startup_stm32f40_41xxx.o(STACK) for __initial_sp
    startup_stm32f40_41xxx.o(RESET) refers to startup_stm32f40_41xxx.o(.text) for Reset_Handler
    startup_stm32f40_41xxx.o(RESET) refers to stm32f4xx_it.o(i.NMI_Handler) for NMI_Handler
    startup_stm32f40_41xxx.o(RESET) refers to stm32f4xx_it.o(i.HardFault_Handler) for HardFault_Handler
    startup_stm32f40_41xxx.o(RESET) refers to stm32f4xx_it.o(i.MemManage_Handler) for MemManage_Handler
    startup_stm32f40_41xxx.o(RESET) refers to stm32f4xx_it.o(i.BusFault_Handler) for BusFault_Handler
    startup_stm32f40_41xxx.o(RESET) refers to stm32f4xx_it.o(i.UsageFault_Handler) for UsageFault_Handler
    startup_stm32f40_41xxx.o(RESET) refers to stm32f4xx_it.o(i.SVC_Handler) for SVC_Handler
    startup_stm32f40_41xxx.o(RESET) refers to stm32f4xx_it.o(i.DebugMon_Handler) for DebugMon_Handler
    startup_stm32f40_41xxx.o(RESET) refers to os_cpu_a.o(.text) for PendSV_Handler
    startup_stm32f40_41xxx.o(RESET) refers to os_cpu_c.o(i.SysTick_Handler) for SysTick_Handler
    startup_stm32f40_41xxx.o(RESET) refers to ppm.o(i.TIM2_IRQHandler) for TIM2_IRQHandler
    startup_stm32f40_41xxx.o(RESET) refers to serial.o(i.USART1_IRQHandler) for USART1_IRQHandler
    startup_stm32f40_41xxx.o(.text) refers (Special) to heapauxi.o(.text) for __use_two_region_memory
    startup_stm32f40_41xxx.o(.text) refers to main.o(i.main) for main
    startup_stm32f40_41xxx.o(.text) refers to os_cpu_a.o(.text) for SystemInit
    startup_stm32f40_41xxx.o(.text) refers to myscratterload.o(.text) for myScatterLoad
    startup_stm32f40_41xxx.o(.text) refers to startup_stm32f40_41xxx.o(HEAP) for Heap_Mem
    startup_stm32f40_41xxx.o(.text) refers to startup_stm32f40_41xxx.o(STACK) for Stack_Mem
    system_stm32f4xx.o(i.SystemCoreClockUpdate) refers to system_stm32f4xx.o(.data) for SystemCoreClock
    stm32f4xx_adc.o(i.ADC_DeInit) refers to stm32f4xx_rcc.o(i.RCC_APB2PeriphResetCmd) for RCC_APB2PeriphResetCmd
    stm32f4xx_can.o(i.CAN_DeInit) refers to stm32f4xx_rcc.o(i.RCC_APB1PeriphResetCmd) for RCC_APB1PeriphResetCmd
    stm32f4xx_can.o(i.CAN_GetITStatus) refers to stm32f4xx_can.o(i.CheckITStatus) for CheckITStatus
    stm32f4xx_cryp.o(i.CRYP_DeInit) refers to stm32f4xx_rcc.o(i.RCC_AHB2PeriphResetCmd) for RCC_AHB2PeriphResetCmd
    stm32f4xx_cryp_aes.o(i.CRYP_AES_CBC) refers to stm32f4xx_cryp.o(i.CRYP_KeyStructInit) for CRYP_KeyStructInit
    stm32f4xx_cryp_aes.o(i.CRYP_AES_CBC) refers to stm32f4xx_cryp.o(i.CRYP_FIFOFlush) for CRYP_FIFOFlush
    stm32f4xx_cryp_aes.o(i.CRYP_AES_CBC) refers to stm32f4xx_cryp.o(i.CRYP_Init) for CRYP_Init
    stm32f4xx_cryp_aes.o(i.CRYP_AES_CBC) refers to stm32f4xx_cryp.o(i.CRYP_KeyInit) for CRYP_KeyInit
    stm32f4xx_cryp_aes.o(i.CRYP_AES_CBC) refers to stm32f4xx_cryp.o(i.CRYP_Cmd) for CRYP_Cmd
    stm32f4xx_cryp_aes.o(i.CRYP_AES_CBC) refers to stm32f4xx_cryp.o(i.CRYP_GetFlagStatus) for CRYP_GetFlagStatus
    stm32f4xx_cryp_aes.o(i.CRYP_AES_CBC) refers to stm32f4xx_cryp.o(i.CRYP_IVInit) for CRYP_IVInit
    stm32f4xx_cryp_aes.o(i.CRYP_AES_CBC) refers to stm32f4xx_cryp.o(i.CRYP_GetCmdStatus) for CRYP_GetCmdStatus
    stm32f4xx_cryp_aes.o(i.CRYP_AES_CBC) refers to stm32f4xx_cryp.o(i.CRYP_DataIn) for CRYP_DataIn
    stm32f4xx_cryp_aes.o(i.CRYP_AES_CBC) refers to stm32f4xx_cryp.o(i.CRYP_DataOut) for CRYP_DataOut
    stm32f4xx_cryp_aes.o(i.CRYP_AES_CCM) refers to stm32f4xx_cryp.o(i.CRYP_KeyStructInit) for CRYP_KeyStructInit
    stm32f4xx_cryp_aes.o(i.CRYP_AES_CCM) refers to stm32f4xx_cryp.o(i.CRYP_FIFOFlush) for CRYP_FIFOFlush
    stm32f4xx_cryp_aes.o(i.CRYP_AES_CCM) refers to stm32f4xx_cryp.o(i.CRYP_KeyInit) for CRYP_KeyInit
    stm32f4xx_cryp_aes.o(i.CRYP_AES_CCM) refers to stm32f4xx_cryp.o(i.CRYP_IVInit) for CRYP_IVInit
    stm32f4xx_cryp_aes.o(i.CRYP_AES_CCM) refers to stm32f4xx_cryp.o(i.CRYP_Init) for CRYP_Init
    stm32f4xx_cryp_aes.o(i.CRYP_AES_CCM) refers to stm32f4xx_cryp.o(i.CRYP_PhaseConfig) for CRYP_PhaseConfig
    stm32f4xx_cryp_aes.o(i.CRYP_AES_CCM) refers to stm32f4xx_cryp.o(i.CRYP_DataIn) for CRYP_DataIn
    stm32f4xx_cryp_aes.o(i.CRYP_AES_CCM) refers to stm32f4xx_cryp.o(i.CRYP_Cmd) for CRYP_Cmd
    stm32f4xx_cryp_aes.o(i.CRYP_AES_CCM) refers to stm32f4xx_cryp.o(i.CRYP_GetCmdStatus) for CRYP_GetCmdStatus
    stm32f4xx_cryp_aes.o(i.CRYP_AES_CCM) refers to stm32f4xx_cryp.o(i.CRYP_GetFlagStatus) for CRYP_GetFlagStatus
    stm32f4xx_cryp_aes.o(i.CRYP_AES_CCM) refers to stm32f4xx_cryp.o(i.CRYP_DataOut) for CRYP_DataOut
[...]
    __alloca_initialize                       - Undefined Weak Reference
    __arm_preinit_                            - Undefined Weak Reference
    __cpp_initialize__aeabi_                  - Undefined Weak Reference
    __cxa_finalize                            - Undefined Weak Reference
    __rt_locale                               - Undefined Weak Reference
    __sigvec_lookup                           - Undefined Weak Reference
    _atexit_init                              - Undefined Weak Reference
    _call_atexit_fns                          - Undefined Weak Reference
    _clock_init                               - Undefined Weak Reference
    _fp_trap_init                             - Undefined Weak Reference
    _fp_trap_shutdown                         - Undefined Weak Reference
    _get_lc_collate                           - Undefined Weak Reference
    _get_lc_ctype                             - Undefined Weak Reference
    _get_lc_monetary                          - Undefined Weak Reference
    _get_lc_numeric                           - Undefined Weak Reference
    _get_lc_time                              - Undefined Weak Reference
    _getenv_init                              - Undefined Weak Reference
    _handle_redirection                       - Undefined Weak Reference
    _init_alloc                               - Undefined Weak Reference
    _init_user_alloc                          - Undefined Weak Reference
    _initio                                   - Undefined Weak Reference
    _rand_init                                - Undefined Weak Reference
    _signal_finish                            - Undefined Weak Reference
    _signal_init                              - Undefined Weak Reference
    _terminate_alloc                          - Undefined Weak Reference
    _terminate_user_alloc                     - Undefined Weak Reference
    _terminateio                              - Undefined Weak Reference
    Image$$RW_IRAM1$$Length                  0x000000e0   Number         0  anon$$obj.o ABSOLUTE
    __Vectors_Size                           0x00000188   Number         0  startup_stm32f40_41xxx.o ABSOLUTE
    Image$$RW_IRAM1$$ZI$$Length              0x00002648   Number         0  anon$$obj.o ABSOLUTE
    __Vectors                                0x08000000   Data           4  startup_stm32f40_41xxx.o(RESET)
    __Vectors_End                            0x08000188   Data           0  startup_stm32f40_41xxx.o(RESET)
    __main                                   0x08000189   Thumb Code     8  __main.o(!!!main)
    __scatterload                            0x08000191   Thumb Code     0  __scatter.o(!!!scatter)
    __scatterload_rt2                        0x08000191   Thumb Code    44  __scatter.o(!!!scatter)
    __scatterload_rt2_thumb_only             0x08000191   Thumb Code     0  __scatter.o(!!!scatter)
    __scatterload_null                       0x0800019f   Thumb Code     0  __scatter.o(!!!scatter)
    __scatterload_copy                       0x080001c5   Thumb Code    26  __scatter_copy.o(!!handler_copy)
    __scatterload_zeroinit                   0x080001e1   Thumb Code    28  __scatter_zi.o(!!handler_zi)
    __rt_lib_init                            0x080001fd   Thumb Code     0  libinit.o(.ARM.Collect$$libinit$$00000000)
    __rt_lib_init_fp_1                       0x080001ff   Thumb Code     0  libinit2.o(.ARM.Collect$$libinit$$00000001)
    __rt_lib_init_alloca_1                   0x08000203   Thumb Code     0  libinit2.o(.ARM.Collect$$libinit$$0000002E)
    __rt_lib_init_argv_1                     0x08000203   Thumb Code     0  libinit2.o(.ARM.Collect$$libinit$$0000002C)
    __rt_lib_init_atexit_1                   0x08000203   Thumb Code     0  libinit2.o(.ARM.Collect$$libinit$$0000001B)
    __rt_lib_init_clock_1                    0x08000203   Thumb Code     0  libinit2.o(.ARM.Collect$$libinit$$00000021)
    __rt_lib_init_cpp_1                      0x08000203   Thumb Code     0  libinit2.o(.ARM.Collect$$libinit$$00000032)
    __rt_lib_init_exceptions_1               0x08000203   Thumb Code     0  libinit2.o(.ARM.Collect$$libinit$$00000030)
    __rt_lib_init_fp_trap_1                  0x08000203   Thumb Code     0  libinit2.o(.ARM.Collect$$libinit$$0000001F)
    __rt_lib_init_getenv_1                   0x08000203   Thumb Code     0  libinit2.o(.ARM.Collect$$libinit$$00000023)
    __rt_lib_init_heap_1                     0x08000203   Thumb Code     0  libinit2.o(.ARM.Collect$$libinit$$0000000A)
    __rt_lib_init_lc_collate_1               0x08000203   Thumb Code     0  libinit2.o(.ARM.Collect$$libinit$$00000011)
    __rt_lib_init_lc_ctype_1                 0x08000203   Thumb Code     0  libinit2.o(.ARM.Collect$$libinit$$00000013)
    __rt_lib_init_lc_monetary_1              0x08000203   Thumb Code     0  libinit2.o(.ARM.Collect$$libinit$$00000015)
    __rt_lib_init_lc_numeric_1               0x08000203   Thumb Code     0  libinit2.o(.ARM.Collect$$libinit$$00000017)
    __rt_lib_init_lc_time_1                  0x08000203   Thumb Code     0  libinit2.o(.ARM.Collect$$libinit$$00000019)
    __rt_lib_init_preinit_1                  0x08000203   Thumb Code     0  libinit2.o(.ARM.Collect$$libinit$$00000004)
    __rt_lib_init_rand_1                     0x08000203   Thumb Code     0  libinit2.o(.ARM.Collect$$libinit$$0000000E)
    __rt_lib_init_return                     0x08000203   Thumb Code     0  libinit2.o(.ARM.Collect$$libinit$$00000033)
    __rt_lib_init_signal_1                   0x08000203   Thumb Code     0  libinit2.o(.ARM.Collect$$libinit$$0000001D)
    __rt_lib_init_stdio_1                    0x08000203   Thumb Code     0  libinit2.o(.ARM.Collect$$libinit$$00000025)
    __rt_lib_init_user_alloc_1               0x08000203   Thumb Code     0  libinit2.o(.ARM.Collect$$libinit$$0000000C)
    __rt_lib_shutdown                        0x08000205   Thumb Code     0  libshutdown.o(.ARM.Collect$$libshutdown$$00000000)
    __rt_lib_shutdown_cpp_1                  0x08000207   Thumb Code     0  libshutdown2.o(.ARM.Collect$$libshutdown$$00000002)
    __rt_lib_shutdown_fp_trap_1              0x08000207   Thumb Code     0  libshutdown2.o(.ARM.Collect$$libshutdown$$00000007)
    __rt_lib_shutdown_heap_1                 0x08000207   Thumb Code     0  libshutdown2.o(.ARM.Collect$$libshutdown$$0000000F)
    __rt_lib_shutdown_return                 0x08000207   Thumb Code     0  libshutdown2.o(.ARM.Collect$$libshutdown$$00000010)
    __rt_lib_shutdown_signal_1               0x08000207   Thumb Code     0  libshutdown2.o(.ARM.Collect$$libshutdown$$0000000A)
    __rt_lib_shutdown_stdio_1                0x08000207   Thumb Code     0  libshutdown2.o(.ARM.Collect$$libshutdown$$00000004)
    __rt_lib_shutdown_user_alloc_1           0x08000207   Thumb Code     0  libshutdown2.o(.ARM.Collect$$libshutdown$$0000000C)
    __rt_entry                               0x08000209   Thumb Code     0  __rtentry.o(.ARM.Collect$$rtentry$$00000000)
    __rt_entry_presh_1                       0x08000209   Thumb Code     0  __rtentry2.o(.ARM.Collect$$rtentry$$00000002)
    __rt_entry_sh                            0x08000209   Thumb Code     0  __rtentry4.o(.ARM.Collect$$rtentry$$00000004)
    __rt_entry_li                            0x0800020f   Thumb Code     0  __rtentry2.o(.ARM.Collect$$rtentry$$0000000A)
    __rt_entry_postsh_1                      0x0800020f   Thumb Code     0  __rtentry2.o(.ARM.Collect$$rtentry$$00000009)
    __rt_entry_main                          0x08000213   Thumb Code     0  __rtentry2.o(.ARM.Collect$$rtentry$$0000000D)
    __rt_entry_postli_1                      0x08000213   Thumb Code     0  __rtentry2.o(.ARM.Collect$$rtentry$$0000000C)
    __rt_exit                                0x0800021b   Thumb Code     0  rtexit.o(.ARM.Collect$$rtexit$$00000000)
    __rt_exit_ls                             0x0800021d   Thumb Code     0  rtexit2.o(.ARM.Collect$$rtexit$$00000003)
    __rt_exit_prels_1                        0x0800021d   Thumb Code     0  rtexit2.o(.ARM.Collect$$rtexit$$00000002)
    __rt_exit_exit                           0x08000221   Thumb Code     0  rtexit2.o(.ARM.Collect$$rtexit$$00000004)
    Reset_Handler                            0x08000229   Thumb Code    14  startup_stm32f40_41xxx.o(.text)
    ADC_IRQHandler                           0x08000249   Thumb Code     0  startup_stm32f40_41xxx.o(.text)
    CAN1_RX0_IRQHandler                      0x08000249   Thumb Code     0  startup_stm32f40_41xxx.o(.text)
    CAN1_RX1_IRQHandler                      0x08000249   Thumb Code     0  startup_stm32f40_41xxx.o(.text)
    CAN1_SCE_IRQHandler                      0x08000249   Thumb Code     0  startup_stm32f40_41xxx.o(.text)
    CAN1_TX_IRQHandler                       0x08000249   Thumb Code     0  startup_stm32f40_41xxx.o(.text)
    CAN2_RX0_IRQHandler                      0x08000249   Thumb Code     0  startup_stm32f40_41xxx.o(.text)
    CAN2_RX1_IRQHandler                      0x08000249   Thumb Code     0  startup_stm32f40_41xxx.o(.text)
    CAN2_SCE_IRQHandler                      0x08000249   Thumb Code     0  startup_stm32f40_41xxx.o(.text)
    CAN2_TX_IRQHandler                       0x08000249   Thumb Code     0  startup_stm32f40_41xxx.o(.text)
    CRYP_IRQHandler                          0x08000249   Thumb Code     0  startup_stm32f40_41xxx.o(.text)
    DCMI_IRQHandler                          0x08000249   Thumb Code     0  startup_stm32f40_41xxx.o(.text)
    DMA1_Stream0_IRQHandler                  0x08000249   Thumb Code     0  startup_stm32f40_41xxx.o(.text)
    DMA1_Stream1_IRQHandler                  0x08000249   Thumb Code     0  startup_stm32f40_41xxx.o(.text)
    DMA1_Stream2_IRQHandler                  0x08000249   Thumb Code     0  startup_stm32f40_41xxx.o(.text)
    DMA1_Stream3_IRQHandler                  0x08000249   Thumb Code     0  startup_stm32f40_41xxx.o(.text)
    DMA1_Stream4_IRQHandler                  0x08000249   Thumb Code     0  startup_stm32f40_41xxx.o(.text)
    DMA1_Stream5_IRQHandler                  0x08000249   Thumb Code     0  startup_stm32f40_41xxx.o(.text)
    DMA1_Stream6_IRQHandler                  0x08000249   Thumb Code     0  startup_stm32f40_41xxx.o(.text)
    DMA1_Stream7_IRQHandler                  0x08000249   Thumb Code     0  startup_stm32f40_41xxx.o(.text)
    DMA2_Stream0_IRQHandler                  0x08000249   Thumb Code     0  startup_stm32f40_41xxx.o(.text)
    DMA2_Stream1_IRQHandler                  0x08000249   Thumb Code     0  startup_stm32f40_41xxx.o(.text)
    DMA2_Stream2_IRQHandler                  0x08000249   Thumb Code     0  startup_stm32f40_41xxx.o(.text)
    DMA2_Stream3_IRQHandler                  0x08000249   Thumb Code     0  startup_stm32f40_41xxx.o(.text)
    DMA2_Stream4_IRQHandler                  0x08000249   Thumb Code     0  startup_stm32f40_41xxx.o(.text)
    DMA2_Stream5_IRQHandler                  0x08000249   Thumb Code     0  startup_stm32f40_41xxx.o(.text)
    DMA2_Stream6_IRQHandler                  0x08000249   Thumb Code     0  startup_stm32f40_41xxx.o(.text)
    DMA2_Stream7_IRQHandler                  0x08000249   Thumb Code     0  startup_stm32f40_41xxx.o(.text)
    ETH_IRQHandler                           0x08000249   Thumb Code     0  startup_stm32f40_41xxx.o(.text)
    ETH_WKUP_IRQHandler                      0x08000249   Thumb Code     0  startup_stm32f40_41xxx.o(.text)
    EXTI0_IRQHandler                         0x08000249   Thumb Code     0  startup_stm32f40_41xxx.o(.text)
    EXTI15_10_IRQHandler                     0x08000249   Thumb Code     0  startup_stm32f40_41xxx.o(.text)
    EXTI1_IRQHandler                         0x08000249   Thumb Code     0  startup_stm32f40_41xxx.o(.text)
    EXTI2_IRQHandler                         0x08000249   Thumb Code     0  startup_stm32f40_41xxx.o(.text)
    EXTI3_IRQHandler                         0x08000249   Thumb Code     0  startup_stm32f40_41xxx.o(.text)
    EXTI4_IRQHandler                         0x08000249   Thumb Code     0  startup_stm32f40_41xxx.o(.text)
    EXTI9_5_IRQHandler                       0x08000249   Thumb Code     0  startup_stm32f40_41xxx.o(.text)
    FLASH_IRQHandler                         0x08000249   Thumb Code     0  startup_stm32f40_41xxx.o(.text)
    FPU_IRQHandler                           0x08000249   Thumb Code     0  startup_stm32f40_41xxx.o(.text)
    FSMC_IRQHandler                          0x08000249   Thumb Code     0  startup_stm32f40_41xxx.o(.text)
    HASH_RNG_IRQHandler                      0x08000249   Thumb Code     0  startup_stm32f40_41xxx.o(.text)
    I2C1_ER_IRQHandler                       0x08000249   Thumb Code     0  startup_stm32f40_41xxx.o(.text)
    I2C1_EV_IRQHandler                       0x08000249   Thumb Code     0  startup_stm32f40_41xxx.o(.text)
    I2C2_ER_IRQHandler                       0x08000249   Thumb Code     0  startup_stm32f40_41xxx.o(.text)
    I2C2_EV_IRQHandler                       0x08000249   Thumb Code     0  startup_stm32f40_41xxx.o(.text)
    I2C3_ER_IRQHandler                       0x08000249   Thumb Code     0  startup_stm32f40_41xxx.o(.text)
    I2C3_EV_IRQHandler                       0x08000249   Thumb Code     0  startup_stm32f40_41xxx.o(.text)
    OTG_FS_IRQHandler                        0x08000249   Thumb Code     0  startup_stm32f40_41xxx.o(.text)
    OTG_FS_WKUP_IRQHandler                   0x08000249   Thumb Code     0  startup_stm32f40_41xxx.o(.text)
    OTG_HS_EP1_IN_IRQHandler                 0x08000249   Thumb Code     0  startup_stm32f40_41xxx.o(.text)
    OTG_HS_EP1_OUT_IRQHandler                0x08000249   Thumb Code     0  startup_stm32f40_41xxx.o(.text)
    OTG_HS_IRQHandler                        0x08000249   Thumb Code     0  startup_stm32f40_41xxx.o(.text)
    OTG_HS_WKUP_IRQHandler                   0x08000249   Thumb Code     0  startup_stm32f40_41xxx.o(.text)
    PVD_IRQHandler                           0x08000249   Thumb Code     0  startup_stm32f40_41xxx.o(.text)
    RCC_IRQHandler                           0x08000249   Thumb Code     0  startup_stm32f40_41xxx.o(.text)
    RTC_Alarm_IRQHandler                     0x08000249   Thumb Code     0  startup_stm32f40_41xxx.o(.text)
    RTC_WKUP_IRQHandler                      0x08000249   Thumb Code     0  startup_stm32f40_41xxx.o(.text)
    SDIO_IRQHandler                          0x08000249   Thumb Code     0  startup_stm32f40_41xxx.o(.text)
    SPI1_IRQHandler                          0x08000249   Thumb Code     0  startup_stm32f40_41xxx.o(.text)
    SPI2_IRQHandler                          0x08000249   Thumb Code     0  startup_stm32f40_41xxx.o(.text)
    SPI3_IRQHandler                          0x08000249   Thumb Code     0  startup_stm32f40_41xxx.o(.text)
    TAMP_STAMP_IRQHandler                    0x08000249   Thumb Code     0  startup_stm32f40_41xxx.o(.text)
    TIM1_BRK_TIM9_IRQHandler                 0x08000249   Thumb Code     0  startup_stm32f40_41xxx.o(.text)
    TIM1_CC_IRQHandler                       0x08000249   Thumb Code     0  startup_stm32f40_41xxx.o(.text)
    TIM1_TRG_COM_TIM11_IRQHandler            0x08000249   Thumb Code     0  startup_stm32f40_41xxx.o(.text)
    TIM1_UP_TIM10_IRQHandler                 0x08000249   Thumb Code     0  startup_stm32f40_41xxx.o(.text)
    TIM3_IRQHandler                          0x08000249   Thumb Code     0  startup_stm32f40_41xxx.o(.text)
    TIM4_IRQHandler                          0x08000249   Thumb Code     0  startup_stm32f40_41xxx.o(.text)
    TIM5_IRQHandler                          0x08000249   Thumb Code     0  startup_stm32f40_41xxx.o(.text)
    TIM6_DAC_IRQHandler                      0x08000249   Thumb Code     0  startup_stm32f40_41xxx.o(.text)
    TIM7_IRQHandler                          0x08000249   Thumb Code     0  startup_stm32f40_41xxx.o(.text)
    TIM8_BRK_TIM12_IRQHandler                0x08000249   Thumb Code     0  startup_stm32f40_41xxx.o(.text)
    TIM8_CC_IRQHandler                       0x08000249   Thumb Code     0  startup_stm32f40_41xxx.o(.text)
    TIM8_TRG_COM_TIM14_IRQHandler            0x08000249   Thumb Code     0  startup_stm32f40_41xxx.o(.text)
    TIM8_UP_TIM13_IRQHandler                 0x08000249   Thumb Code     0  startup_stm32f40_41xxx.o(.text)
    UART4_IRQHandler                         0x08000249   Thumb Code     0  startup_stm32f40_41xxx.o(.text)
    UART5_IRQHandler                         0x08000249   Thumb Code     0  startup_stm32f40_41xxx.o(.text)
    USART2_IRQHandler                        0x08000249   Thumb Code     0  startup_stm32f40_41xxx.o(.text)
    USART3_IRQHandler                        0x08000249   Thumb Code     0  startup_stm32f40_41xxx.o(.text)
    USART6_IRQHandler                        0x08000249   Thumb Code     0  startup_stm32f40_41xxx.o(.text)
    WWDG_IRQHandler                          0x08000249   Thumb Code     0  startup_stm32f40_41xxx.o(.text)
    __user_initial_stackheap                 0x0800024d   Thumb Code     0  startup_stm32f40_41xxx.o(.text)
    myScatterLoad                            0x08000271   Thumb Code    36  myscratterload.o(.text)
    OS_CPU_SR_Save                           0x080002a9   Thumb Code     0  os_cpu_a.o(.text)
    OS_CPU_SR_Restore                        0x080002c5   Thumb Code     0  os_cpu_a.o(.text)
    OSStartHighRdy                           0x080002d7   Thumb Code     0  os_cpu_a.o(.text)
    OSCtxSw                                  0x0800032f   Thumb Code     0  os_cpu_a.o(.text)
    OSIntCtxSw                               0x0800032f   Thumb Code     0  os_cpu_a.o(.text)
    PendSV_Handler                           0x08000339   Thumb Code     0  os_cpu_a.o(.text)
    SystemInit                               0x08000383   Thumb Code     0  os_cpu_a.o(.text)
    __use_two_region_memory                  0x08000465   Thumb Code     2  heapauxi.o(.text)
    __rt_heap_escrow$2region                 0x08000467   Thumb Code     2  heapauxi.o(.text)
    __rt_heap_expand$2region                 0x08000469   Thumb Code     2  heapauxi.o(.text)
    __read_errno                             0x0800046b   Thumb Code    10  _rserrno.o(.text)
    __set_errno                              0x08000475   Thumb Code    12  _rserrno.o(.text)
    __aeabi_errno_addr                       0x08000481   Thumb Code     8  rt_errno_addr_intlibspace.o(.text)
    __errno$intlibspace                      0x08000481   Thumb Code     0  rt_errno_addr_intlibspace.o(.text)
    __rt_errno_addr$intlibspace              0x08000481   Thumb Code     0  rt_errno_addr_intlibspace.o(.text)
    __user_libspace                          0x08000489   Thumb Code     8  libspace.o(.text)
    __user_perproc_libspace                  0x08000489   Thumb Code     0  libspace.o(.text)
    __user_perthread_libspace                0x08000489   Thumb Code     0  libspace.o(.text)
    __user_setup_stackheap                   0x08000491   Thumb Code    74  sys_stackheap_outer.o(.text)
    exit                                     0x080004db   Thumb Code    18  exit.o(.text)
    _sys_exit                                0x080004ed   Thumb Code     8  sys_exit.o(.text)
    __I$use$semihosting                      0x080004f9   Thumb Code     0  use_no_semi.o(.text)
    __use_no_semihosting_swi                 0x080004f9   Thumb Code     2  use_no_semi.o(.text)
    App_TCBInitHook                          0x080004fb   Thumb Code     2  myhook.o(i.App_TCBInitHook)
    __semihosting_library_function           0x080004fb   Thumb Code     0  indicate_semi.o(.text)
    App_TaskCreateHook                       0x080004fd   Thumb Code     2  myhook.o(i.App_TaskCreateHook)
    App_TaskDelHook                          0x080004ff   Thumb Code     2  myhook.o(i.App_TaskDelHook)
    App_TaskIdleHook                         0x08000501   Thumb Code     2  myhook.o(i.App_TaskIdleHook)
    App_TaskReturnHook                       0x08000503   Thumb Code     2  myhook.o(i.App_TaskReturnHook)
    App_TaskStatHook                         0x08000505   Thumb Code     2  myhook.o(i.App_TaskStatHook)
    App_TaskSwHook                           0x08000507   Thumb Code     2  myhook.o(i.App_TaskSwHook)
    App_TimeTickHook                         0x08000509   Thumb Code     2  myhook.o(i.App_TimeTickHook)
    BusFault_Handler                         0x0800050b   Thumb Code     4  stm32f4xx_it.o(i.BusFault_Handler)
    DebugMon_Handler                         0x0800050f   Thumb Code     2  stm32f4xx_it.o(i.DebugMon_Handler)
    Delay_ms                                 0x08000511   Thumb Code    20  delay.o(i.Delay_ms)
    GPIO_INIT                                0x08000525   Thumb Code    48  hardwareinit.o(i.GPIO_INIT)
    GPIO_Init                                0x08000559   Thumb Code   144  stm32f4xx_gpio.o(i.GPIO_Init)
    GPIO_PinAFConfig                         0x080005e9   Thumb Code    70  stm32f4xx_gpio.o(i.GPIO_PinAFConfig)
    GPIO_WriteBit                            0x0800062f   Thumb Code    10  stm32f4xx_gpio.o(i.GPIO_WriteBit)
    HMC5883L_Init                            0x08000639   Thumb Code    70  hmc5883l.o(i.HMC5883L_Init)
    HMC5883L_WaitEvent                       0x08000681   Thumb Code    56  hmc5883l.o(i.HMC5883L_WaitEvent)
    HMC5883L_WriteReg                        0x080006d5   Thumb Code    86  hmc5883l.o(i.HMC5883L_WriteReg)
    HardFault_Handler                        0x08000739   Thumb Code     4  stm32f4xx_it.o(i.HardFault_Handler)
    I2C_AcknowledgeConfig                    0x0800073d   Thumb Code    24  stm32f4xx_i2c.o(i.I2C_AcknowledgeConfig)
    I2C_CheckEvent                           0x08000755   Thumb Code    42  stm32f4xx_i2c.o(i.I2C_CheckEvent)
    I2C_Cmd                                  0x0800077f   Thumb Code    24  stm32f4xx_i2c.o(i.I2C_Cmd)
    I2C_GenerateSTART                        0x08000797   Thumb Code    24  stm32f4xx_i2c.o(i.I2C_GenerateSTART)
    I2C_GenerateSTOP                         0x080007af   Thumb Code    24  stm32f4xx_i2c.o(i.I2C_GenerateSTOP)
    I2C_Init                                 0x080007c9   Thumb Code   218  stm32f4xx_i2c.o(i.I2C_Init)
    I2C_ReceiveData                          0x080008b1   Thumb Code     8  stm32f4xx_i2c.o(i.I2C_ReceiveData)
    I2C_Send7bitAddress                      0x080008b9   Thumb Code    16  stm32f4xx_i2c.o(i.I2C_Send7bitAddress)
    I2C_SendData                             0x080008c9   Thumb Code     4  stm32f4xx_i2c.o(i.I2C_SendData)
    IMU_update                               0x080008cd   Thumb Code  2352  imu.o(i.IMU_update)
    MPU6050_GetData                          0x080011fd   Thumb Code   172  mpu6050.o(i.MPU6050_GetData)
    MPU6050_Init                             0x080012a9   Thumb Code    64  mpu6050.o(i.MPU6050_Init)
    MPU6050_ReadReg                          0x080012e9   Thumb Code   138  mpu6050.o(i.MPU6050_ReadReg)
    MPU6050_WaitEvent                        0x08001381   Thumb Code    56  mpu6050.o(i.MPU6050_WaitEvent)
    MPU6050_WriteReg                         0x080013d5   Thumb Code    86  mpu6050.o(i.MPU6050_WriteReg)
    MPU_get_HMCData                          0x08001439   Thumb Code   166  hmc5883l.o(i.MPU_get_HMCData)
    MemManage_Handler                        0x080014e5   Thumb Code     4  stm32f4xx_it.o(i.MemManage_Handler)
    MyI2C_Init                               0x080014e9   Thumb Code   132  mpu6050.o(i.MyI2C_Init)
    NMI_Handler                              0x08001575   Thumb Code     2  stm32f4xx_it.o(i.NMI_Handler)
    NVIC_Init                                0x08001579   Thumb Code   106  misc.o(i.NVIC_Init)
    NVIC_PriorityGroupConfig                 0x080015f1   Thumb Code    10  misc.o(i.NVIC_PriorityGroupConfig)
    OLED_Clear                               0x08001605   Thumb Code    42  oled.o(i.OLED_Clear)
    OLED_I2C_Init                            0x08001631   Thumb Code    68  oled.o(i.OLED_I2C_Init)
    OLED_I2C_SendByte                        0x08001679   Thumb Code    78  oled.o(i.OLED_I2C_SendByte)
    OLED_I2C_Start                           0x080016cd   Thumb Code    46  oled.o(i.OLED_I2C_Start)
    OLED_I2C_Stop                            0x08001701   Thumb Code    34  oled.o(i.OLED_I2C_Stop)
    OLED_Init                                0x08001729   Thumb Code   174  oled.o(i.OLED_Init)
    OLED_Pow                                 0x080017d7   Thumb Code    20  oled.o(i.OLED_Pow)
    OLED_SetCursor                           0x080017eb   Thumb Code    34  oled.o(i.OLED_SetCursor)
    OLED_ShowChar                            0x0800180d   Thumb Code   110  oled.o(i.OLED_ShowChar)
    OLED_ShowFNum                            0x08001881   Thumb Code   220  oled.o(i.OLED_ShowFNum)
    OLED_ShowString                          0x0800195d   Thumb Code    40  oled.o(i.OLED_ShowString)
    OLED_WriteCommand                        0x08001985   Thumb Code    32  oled.o(i.OLED_WriteCommand)
    OLED_WriteData                           0x080019a5   Thumb Code    32  oled.o(i.OLED_WriteData)
    OSDebugInit                              0x080019c5   Thumb Code   118  ucos_ii.o(i.OSDebugInit)
    OSEventNameSet                           0x08001b21   Thumb Code   110  ucos_ii.o(i.OSEventNameSet)
    OSInit                                   0x08001b95   Thumb Code    56  ucos_ii.o(i.OSInit)
    OSInitHookBegin                          0x08001bcd   Thumb Code    48  os_cpu_c.o(i.OSInitHookBegin)
    OSInitHookEnd                            0x08001c11   Thumb Code     2  os_cpu_c.o(i.OSInitHookEnd)
    OSIntEnter                               0x08001c15   Thumb Code    28  ucos_ii.o(i.OSIntEnter)
    OSIntExit                                0x08001c39   Thumb Code   122  ucos_ii.o(i.OSIntExit)
    OSSchedLock                              0x08001cd5   Thumb Code    60  ucos_ii.o(i.OSSchedLock)
    OSSchedUnlock                            0x08001d1d   Thumb Code   100  ucos_ii.o(i.OSSchedUnlock)
    OSSemCreate                              0x08001d8d   Thumb Code    82  ucos_ii.o(i.OSSemCreate)
    OSSemPend                                0x08001ded   Thumb Code   266  ucos_ii.o(i.OSSemPend)
    OSSemPost                                0x08001f05   Thumb Code   112  ucos_ii.o(i.OSSemPost)
    OSStart                                  0x08001f75   Thumb Code    48  ucos_ii.o(i.OSStart)
    OSTCBInitHook                            0x08001fbd   Thumb Code    12  os_cpu_c.o(i.OSTCBInitHook)
    OSTaskCreate                             0x08001fc9   Thumb Code   186  ucos_ii.o(i.OSTaskCreate)
    OSTaskCreateExt                          0x08002091   Thumb Code   206  ucos_ii.o(i.OSTaskCreateExt)
    OSTaskCreateHook                         0x0800216d   Thumb Code    12  os_cpu_c.o(i.OSTaskCreateHook)
    OSTaskDel                                0x08002179   Thumb Code   346  ucos_ii.o(i.OSTaskDel)
    OSTaskDelHook                            0x08002301   Thumb Code    12  os_cpu_c.o(i.OSTaskDelHook)
    OSTaskIdleHook                           0x0800230d   Thumb Code     8  os_cpu_c.o(i.OSTaskIdleHook)
    OSTaskNameSet                            0x08002315   Thumb Code   138  ucos_ii.o(i.OSTaskNameSet)
    OSTaskResume                             0x080023ad   Thumb Code   196  ucos_ii.o(i.OSTaskResume)
    OSTaskReturnHook                         0x08002481   Thumb Code    12  os_cpu_c.o(i.OSTaskReturnHook)
    OSTaskStatHook                           0x0800248d   Thumb Code     8  os_cpu_c.o(i.OSTaskStatHook)
    OSTaskStkChk                             0x08002495   Thumb Code   168  ucos_ii.o(i.OSTaskStkChk)
    OSTaskStkInit                            0x08002545   Thumb Code   170  os_cpu_c.o(i.OSTaskStkInit)
    OSTaskSuspend                            0x080025f5   Thumb Code   190  ucos_ii.o(i.OSTaskSuspend)
    OSTaskSwHook                             0x080026c5   Thumb Code     8  os_cpu_c.o(i.OSTaskSwHook)
    OSTimeDly                                0x080026cd   Thumb Code   110  ucos_ii.o(i.OSTimeDly)
    OSTimeTick                               0x08002751   Thumb Code   230  ucos_ii.o(i.OSTimeTick)
    OSTimeTickHook                           0x08002851   Thumb Code    34  os_cpu_c.o(i.OSTimeTickHook)
    OSTmrSignal                              0x08002879   Thumb Code    16  ucos_ii.o(i.OSTmrSignal)
    OSTmr_Init                               0x0800288d   Thumb Code   168  ucos_ii.o(i.OSTmr_Init)
    OS_Dummy                                 0x08002b11   Thumb Code     2  ucos_ii.o(i.OS_Dummy)
    OS_EventTaskRdy                          0x08002b15   Thumb Code   132  ucos_ii.o(i.OS_EventTaskRdy)
    OS_EventTaskRemove                       0x08002ba9   Thumb Code    46  ucos_ii.o(i.OS_EventTaskRemove)
    OS_EventTaskRemoveMulti                  0x08002bd7   Thumb Code    58  ucos_ii.o(i.OS_EventTaskRemoveMulti)
    OS_EventTaskWait                         0x08002c11   Thumb Code   112  ucos_ii.o(i.OS_EventTaskWait)
    OS_EventWaitListInit                     0x08002c8d   Thumb Code    28  ucos_ii.o(i.OS_EventWaitListInit)
    OS_FlagInit                              0x08002ca9   Thumb Code    70  ucos_ii.o(i.OS_FlagInit)
    OS_FlagUnlink                            0x08002cfd   Thumb Code    36  ucos_ii.o(i.OS_FlagUnlink)
    OS_MemClr                                0x08002f41   Thumb Code    18  ucos_ii.o(i.OS_MemClr)
    OS_MemInit                               0x08002f55   Thumb Code    74  ucos_ii.o(i.OS_MemInit)
    OS_QInit                                 0x08002fad   Thumb Code    68  ucos_ii.o(i.OS_QInit)
    OS_Sched                                 0x08002ff9   Thumb Code    98  ucos_ii.o(i.OS_Sched)
    OS_TCBInit                               0x080030a5   Thumb Code   330  ucos_ii.o(i.OS_TCBInit)
    OS_TaskIdle                              0x0800320d   Thumb Code    42  ucos_ii.o(i.OS_TaskIdle)
    OS_TaskReturn                            0x0800323d   Thumb Code    18  ucos_ii.o(i.OS_TaskReturn)
    OS_TaskStat                              0x08003255   Thumb Code   218  ucos_ii.o(i.OS_TaskStat)
    OS_TaskStatStkChk                        0x08003345   Thumb Code    54  ucos_ii.o(i.OS_TaskStatStkChk)
    OS_TaskStkClr                            0x08003381   Thumb Code    26  ucos_ii.o(i.OS_TaskStkClr)
    PPM_Init                                 0x0800339d   Thumb Code   204  ppm.o(i.PPM_Init)
    PWM_Init                                 0x0800346d   Thumb Code   280  pwm.o(i.PWM_Init)
    PWM_SetCompare1                          0x08003591   Thumb Code    14  pwm.o(i.PWM_SetCompare1)
    PWM_SetCompare2                          0x080035a5   Thumb Code    14  pwm.o(i.PWM_SetCompare2)
    PWM_SetCompare3                          0x080035b9   Thumb Code    14  pwm.o(i.PWM_SetCompare3)
    PWM_SetCompare4                          0x080035cd   Thumb Code    14  pwm.o(i.PWM_SetCompare4)
    RCC_AHB1PeriphClockCmd                   0x080035e1   Thumb Code    26  stm32f4xx_rcc.o(i.RCC_AHB1PeriphClockCmd)
    RCC_APB1PeriphClockCmd                   0x08003601   Thumb Code    26  stm32f4xx_rcc.o(i.RCC_APB1PeriphClockCmd)
    RCC_APB2PeriphClockCmd                   0x08003621   Thumb Code    26  stm32f4xx_rcc.o(i.RCC_APB2PeriphClockCmd)
    RCC_GetClocksFreq                        0x08003641   Thumb Code   214  stm32f4xx_rcc.o(i.RCC_GetClocksFreq)
    SVC_Handler                              0x08003729   Thumb Code     2  stm32f4xx_it.o(i.SVC_Handler)
    Serial_Pow                               0x0800372b   Thumb Code    20  serial.o(i.Serial_Pow)
    Serial_SendByte                          0x08003741   Thumb Code    28  serial.o(i.Serial_SendByte)
    Serial_SendFloatSimple                   0x08003761   Thumb Code   150  serial.o(i.Serial_SendFloatSimple)
    Serial_SendNumber                        0x080037f7   Thumb Code    58  serial.o(i.Serial_SendNumber)
    Serial_SendString                        0x08003831   Thumb Code    26  serial.o(i.Serial_SendString)
    Serial_init                              0x0800384d   Thumb Code   196  serial.o(i.Serial_init)
    SysTick_Handler                          0x08003919   Thumb Code    38  os_cpu_c.o(i.SysTick_Handler)
    TIM2_IRQHandler                          0x08003a61   Thumb Code   188  ppm.o(i.TIM2_IRQHandler)
    TIM_Cmd                                  0x08003b3d   Thumb Code    24  stm32f4xx_tim.o(i.TIM_Cmd)
    TIM_GetCapture2                          0x08003b55   Thumb Code     6  stm32f4xx_tim.o(i.TIM_GetCapture2)
    TIM_ICInit                               0x08003b5b   Thumb Code   110  stm32f4xx_tim.o(i.TIM_ICInit)
    TIM_ITConfig                             0x08003bc9   Thumb Code    18  stm32f4xx_tim.o(i.TIM_ITConfig)
    TIM_InternalClockConfig                  0x08003bdb   Thumb Code    12  stm32f4xx_tim.o(i.TIM_InternalClockConfig)
    TIM_OC1Init                              0x08003be9   Thumb Code   114  stm32f4xx_tim.o(i.TIM_OC1Init)
    TIM_OC1PreloadConfig                     0x08003c65   Thumb Code    18  stm32f4xx_tim.o(i.TIM_OC1PreloadConfig)
    TIM_OC2Init                              0x08003c79   Thumb Code   154  stm32f4xx_tim.o(i.TIM_OC2Init)
    TIM_OC2PreloadConfig                     0x08003d1d   Thumb Code    26  stm32f4xx_tim.o(i.TIM_OC2PreloadConfig)
    TIM_OC3Init                              0x08003d39   Thumb Code   150  stm32f4xx_tim.o(i.TIM_OC3Init)
    TIM_OC3PreloadConfig                     0x08003dd9   Thumb Code    18  stm32f4xx_tim.o(i.TIM_OC3PreloadConfig)
    TIM_OC4Init                              0x08003ded   Thumb Code   112  stm32f4xx_tim.o(i.TIM_OC4Init)
    TIM_OC4PreloadConfig                     0x08003e65   Thumb Code    26  stm32f4xx_tim.o(i.TIM_OC4PreloadConfig)
    TIM_SelectInputTrigger                   0x08003e7f   Thumb Code    18  stm32f4xx_tim.o(i.TIM_SelectInputTrigger)
    TIM_SelectSlaveMode                      0x08003e91   Thumb Code    18  stm32f4xx_tim.o(i.TIM_SelectSlaveMode)
    TIM_SetCompare1                          0x08003ea3   Thumb Code     4  stm32f4xx_tim.o(i.TIM_SetCompare1)
    TIM_SetCompare2                          0x08003ea7   Thumb Code     4  stm32f4xx_tim.o(i.TIM_SetCompare2)
    TIM_SetCompare3                          0x08003eab   Thumb Code     4  stm32f4xx_tim.o(i.TIM_SetCompare3)
    TIM_SetCompare4                          0x08003eaf   Thumb Code     4  stm32f4xx_tim.o(i.TIM_SetCompare4)
    TIM_SetIC1Prescaler                      0x08003eb3   Thumb Code    18  stm32f4xx_tim.o(i.TIM_SetIC1Prescaler)
    TIM_SetIC2Prescaler                      0x08003ec5   Thumb Code    26  stm32f4xx_tim.o(i.TIM_SetIC2Prescaler)
    TIM_SetIC3Prescaler                      0x08003edf   Thumb Code    18  stm32f4xx_tim.o(i.TIM_SetIC3Prescaler)
    TIM_SetIC4Prescaler                      0x08003ef1   Thumb Code    26  stm32f4xx_tim.o(i.TIM_SetIC4Prescaler)
    TIM_TimeBaseInit                         0x08003f0d   Thumb Code   104  stm32f4xx_tim.o(i.TIM_TimeBaseInit)
    Task_GetInfo                             0x08003f91   Thumb Code    18  app.o(i.Task_GetInfo)
    Task_SendInfo                            0x08003fa5   Thumb Code   192  app.o(i.Task_SendInfo)
    Task_Start                               0x080040c5   Thumb Code    54  app.o(i.Task_Start)
    Task_motor                               0x08004119   Thumb Code   132  app.o(i.Task_motor)
    USART1_IRQHandler                        0x080041b1   Thumb Code    70  serial.o(i.USART1_IRQHandler)
    USART_ClearITPendingBit                  0x08004209   Thumb Code    30  stm32f4xx_usart.o(i.USART_ClearITPendingBit)
    USART_Cmd                                0x08004227   Thumb Code    24  stm32f4xx_usart.o(i.USART_Cmd)
    USART_GetFlagStatus                      0x0800423f   Thumb Code    26  stm32f4xx_usart.o(i.USART_GetFlagStatus)
    USART_GetITStatus                        0x08004259   Thumb Code    84  stm32f4xx_usart.o(i.USART_GetITStatus)
    USART_ITConfig                           0x080042ad   Thumb Code    74  stm32f4xx_usart.o(i.USART_ITConfig)
    USART_Init                               0x080042f9   Thumb Code   204  stm32f4xx_usart.o(i.USART_Init)
    USART_ReceiveData                        0x080043cd   Thumb Code    10  stm32f4xx_usart.o(i.USART_ReceiveData)
    USART_SendData                           0x080043d7   Thumb Code     8  stm32f4xx_usart.o(i.USART_SendData)
    UsageFault_Handler                       0x080043df   Thumb Code     4  stm32f4xx_it.o(i.UsageFault_Handler)
    __ARM_fpclassify                         0x080043e3   Thumb Code    48  fpclassify.o(i.__ARM_fpclassify)
    __hardfp_asin                            0x08004419   Thumb Code   770  asin.o(i.__hardfp_asin)
    __hardfp_atan                            0x08004779   Thumb Code   622  atan.o(i.__hardfp_atan)
    __hardfp_atan2                           0x08004a51   Thumb Code   432  atan2.o(i.__hardfp_atan2)
    __hardfp_sqrt                            0x08004c41   Thumb Code   122  sqrt.o(i.__hardfp_sqrt)
    __kernel_poly                            0x08004cbb   Thumb Code   248  poly.o(i.__kernel_poly)
    __mathlib_dbl_infnan                     0x08004db3   Thumb Code    20  dunder.o(i.__mathlib_dbl_infnan)
    __mathlib_dbl_infnan2                    0x08004dc7   Thumb Code    20  dunder.o(i.__mathlib_dbl_infnan2)
    __mathlib_dbl_invalid                    0x08004de1   Thumb Code    24  dunder.o(i.__mathlib_dbl_invalid)
    __mathlib_dbl_underflow                  0x08004e01   Thumb Code    24  dunder.o(i.__mathlib_dbl_underflow)
    atan                                     0x08004e21   Thumb Code    16  atan.o(i.atan)
    fabs                                     0x08004e31   Thumb Code    24  fabs.o(i.fabs)
    hardware_Init                            0x08004e49   Thumb Code    36  hardwareinit.o(i.hardware_Init)
    invSqrt                                  0x08004e6d   Thumb Code    56  imu.o(i.invSqrt)
    main                                     0x08004ea9   Thumb Code    30  main.o(i.main)
    quaternion_unit                          0x08004ed1   Thumb Code   100  imu.o(i.quaternion_unit)
    sqrt                                     0x08004f35   Thumb Code   110  sqrt.o(i.sqrt)
    __aeabi_dneg                             0x08004fa3   Thumb Code     0  basic.o(x$fpl$basic)
    _dneg                                    0x08004fa3   Thumb Code     6  basic.o(x$fpl$basic)
    __aeabi_fneg                             0x08004fa9   Thumb Code     0  basic.o(x$fpl$basic)
    _fneg                                    0x08004fa9   Thumb Code     6  basic.o(x$fpl$basic)
    _dabs                                    0x08004faf   Thumb Code     6  basic.o(x$fpl$basic)
    _fabs                                    0x08004fb5   Thumb Code     6  basic.o(x$fpl$basic)
    __aeabi_d2f                              0x08004fbd   Thumb Code     0  d2f.o(x$fpl$d2f)
    _d2f                                     0x08004fbd   Thumb Code    98  d2f.o(x$fpl$d2f)
    __aeabi_dadd                             0x08005021   Thumb Code     0  daddsub_clz.o(x$fpl$dadd)
    _dadd                                    0x08005021   Thumb Code   332  daddsub_clz.o(x$fpl$dadd)
    __aeabi_ddiv                             0x08005171   Thumb Code     0  ddiv.o(x$fpl$ddiv)
    _ddiv                                    0x08005171   Thumb Code   552  ddiv.o(x$fpl$ddiv)
    __aeabi_dmul                             0x08005421   Thumb Code     0  dmul.o(x$fpl$dmul)
    _dmul                                    0x08005421   Thumb Code   332  dmul.o(x$fpl$dmul)
    __fpl_dnaninf                            0x08005575   Thumb Code   156  dnaninf.o(x$fpl$dnaninf)
    __fpl_dretinf                            0x08005611   Thumb Code    12  dretinf.o(x$fpl$dretinf)
    __aeabi_drsub                            0x0800561d   Thumb Code     0  daddsub_clz.o(x$fpl$drsb)
    _drsb                                    0x0800561d   Thumb Code    22  daddsub_clz.o(x$fpl$drsb)
    _dsqrt                                   0x08005635   Thumb Code   404  dsqrt_umaal.o(x$fpl$dsqrt)
    __aeabi_dsub                             0x080057cd   Thumb Code     0  daddsub_clz.o(x$fpl$dsub)
    _dsub                                    0x080057cd   Thumb Code   464  daddsub_clz.o(x$fpl$dsub)
    __aeabi_f2d                              0x080059a1   Thumb Code     0  f2d.o(x$fpl$f2d)
    _f2d                                     0x080059a1   Thumb Code    86  f2d.o(x$fpl$f2d)
    __fpl_fnaninf                            0x080059f7   Thumb Code   140  fnaninf.o(x$fpl$fnaninf)
    _fp_init                                 0x08005a83   Thumb Code    10  fpinit.o(x$fpl$fpinit)
    __fplib_config_fpu_vfp                   0x08005a8b   Thumb Code     0  fpinit.o(x$fpl$fpinit)
    __fplib_config_pureend_doubles           0x08005a8b   Thumb Code     0  fpinit.o(x$fpl$fpinit)
    __fpl_fretinf                            0x08005a8d   Thumb Code    10  fretinf.o(x$fpl$fretinf)
    OLED_F8x16                               0x08005a96   Data        1520  oled.o(.constdata)
    __I$use$fp                               0x08005a96   Number         0  usenofp.o(x$fpl$usenofp)
    OSDebugEn                                0x08006088   Data           2  ucos_ii.o(.constdata)
    OSEndiannessTest                         0x0800608c   Data           4  ucos_ii.o(.constdata)
    OSEventEn                                0x08006090   Data           2  ucos_ii.o(.constdata)
    OSEventMax                               0x08006092   Data           2  ucos_ii.o(.constdata)
    OSEventNameEn                            0x08006094   Data           2  ucos_ii.o(.constdata)
    OSEventSize                              0x08006096   Data           2  ucos_ii.o(.constdata)
    OSEventTblSize                           0x08006098   Data           2  ucos_ii.o(.constdata)
    OSEventMultiEn                           0x0800609a   Data           2  ucos_ii.o(.constdata)
    OSFlagEn                                 0x0800609c   Data           2  ucos_ii.o(.constdata)
    OSFlagGrpSize                            0x0800609e   Data           2  ucos_ii.o(.constdata)
    OSFlagNodeSize                           0x080060a0   Data           2  ucos_ii.o(.constdata)
    OSFlagWidth                              0x080060a2   Data           2  ucos_ii.o(.constdata)
    OSFlagMax                                0x080060a4   Data           2  ucos_ii.o(.constdata)
    OSFlagNameEn                             0x080060a6   Data           2  ucos_ii.o(.constdata)
    OSLowestPrio                             0x080060a8   Data           2  ucos_ii.o(.constdata)
    OSMboxEn                                 0x080060aa   Data           2  ucos_ii.o(.constdata)
    OSMemEn                                  0x080060ac   Data           2  ucos_ii.o(.constdata)
    OSMemMax                                 0x080060ae   Data           2  ucos_ii.o(.constdata)
    OSMemNameEn                              0x080060b0   Data           2  ucos_ii.o(.constdata)
    OSMemSize                                0x080060b2   Data           2  ucos_ii.o(.constdata)
    OSMemTblSize                             0x080060b4   Data           2  ucos_ii.o(.constdata)
    OSMutexEn                                0x080060b6   Data           2  ucos_ii.o(.constdata)
    OSPtrSize                                0x080060b8   Data           2  ucos_ii.o(.constdata)
    OSQEn                                    0x080060ba   Data           2  ucos_ii.o(.constdata)
    OSQMax                                   0x080060bc   Data           2  ucos_ii.o(.constdata)
    OSQSize                                  0x080060be   Data           2  ucos_ii.o(.constdata)
    OSRdyTblSize                             0x080060c0   Data           2  ucos_ii.o(.constdata)
    OSSemEn                                  0x080060c2   Data           2  ucos_ii.o(.constdata)
    OSStkWidth                               0x080060c4   Data           2  ucos_ii.o(.constdata)
    OSTaskCreateEn                           0x080060c6   Data           2  ucos_ii.o(.constdata)
    OSTaskCreateExtEn                        0x080060c8   Data           2  ucos_ii.o(.constdata)
    OSTaskDelEn                              0x080060ca   Data           2  ucos_ii.o(.constdata)
    OSTaskIdleStkSize                        0x080060cc   Data           2  ucos_ii.o(.constdata)
    OSTaskProfileEn                          0x080060ce   Data           2  ucos_ii.o(.constdata)
    OSTaskMax                                0x080060d0   Data           2  ucos_ii.o(.constdata)
    OSTaskNameEn                             0x080060d2   Data           2  ucos_ii.o(.constdata)
    OSTaskStatEn                             0x080060d4   Data           2  ucos_ii.o(.constdata)
    OSTaskStatStkSize                        0x080060d6   Data           2  ucos_ii.o(.constdata)
    OSTaskStatStkChkEn                       0x080060d8   Data           2  ucos_ii.o(.constdata)
    OSTaskSwHookEn                           0x080060da   Data           2  ucos_ii.o(.constdata)
    OSTaskRegTblSize                         0x080060dc   Data           2  ucos_ii.o(.constdata)
    OSTCBPrioTblMax                          0x080060de   Data           2  ucos_ii.o(.constdata)
    OSTCBSize                                0x080060e0   Data           2  ucos_ii.o(.constdata)
    OSTicksPerSec                            0x080060e2   Data           2  ucos_ii.o(.constdata)
    OSTimeTickHookEn                         0x080060e4   Data           2  ucos_ii.o(.constdata)
    OSVersionNbr                             0x080060e6   Data           2  ucos_ii.o(.constdata)
    OS_TLS_TblSize                           0x080060e8   Data           2  ucos_ii.o(.constdata)
    OSTmrEn                                  0x080060ea   Data           2  ucos_ii.o(.constdata)
    OSTmrCfgMax                              0x080060ec   Data           2  ucos_ii.o(.constdata)
    OSTmrCfgNameEn                           0x080060ee   Data           2  ucos_ii.o(.constdata)
    OSTmrCfgWheelSize                        0x080060f0   Data           2  ucos_ii.o(.constdata)
    OSTmrCfgTicksPerSec                      0x080060f2   Data           2  ucos_ii.o(.constdata)
    OSTmrSize                                0x080060f4   Data           2  ucos_ii.o(.constdata)
    OSTmrTblSize                             0x080060f6   Data           2  ucos_ii.o(.constdata)
    OSTmrWheelSize                           0x080060f8   Data           2  ucos_ii.o(.constdata)
    OSTmrWheelTblSize                        0x080060fa   Data           2  ucos_ii.o(.constdata)
    OSDataSize                               0x080060fc   Data           2  ucos_ii.o(.constdata)
    OSUnMapTbl                               0x080060fe   Data         256  ucos_ii.o(.constdata)
    __mathlib_zero                           0x080062e8   Data           8  qnan.o(.constdata)
    Region$$Table$$Base                      0x080062f0   Number         0  anon$$obj.o(Region$$Table)
    Load$$RW_IRAM1$$Base                     0x08006310   Number         0  anon$$obj.o ABSOLUTE
    Region$$Table$$Limit                     0x08006310   Number         0  anon$$obj.o(Region$$Table)
    Image$$RW_IRAM1$$Base                    0x20000000   Number         0  anon$$obj.o ABSOLUTE
    Serial_RxData                            0x20000010   Data           1  serial.o(.data)
    Serial_RxFlag                            0x20000011   Data           1  serial.o(.data)
    Time                                     0x20000014   Data           4  ppm.o(.data)
    finish                                   0x20000018   Data           4  ppm.o(.data)
    ch                                       0x2000001c   Data           4  ppm.o(.data)
    past                                     0x20000020   Data           4  ppm.o(.data)
    delta                                    0x20000024   Data           4  ppm.o(.data)
    ppm_head                                 0x20000028   Data           1  ppm.o(.data)
    ppm_tail                                 0x20000029   Data           1  ppm.o(.data)
    ppm_count                                0x2000002a   Data           1  ppm.o(.data)
    AX                                       0x2000002c   Data           2  app.o(.data)
    AY                                       0x2000002e   Data           2  app.o(.data)
    AZ                                       0x20000030   Data           2  app.o(.data)
    GX                                       0x20000032   Data           2  app.o(.data)
    GY                                       0x20000034   Data           2  app.o(.data)
    GZ                                       0x20000036   Data           2  app.o(.data)
    MX                                       0x20000038   Data           4  app.o(.data)
    MY                                       0x2000003c   Data           4  app.o(.data)
    MZ                                       0x20000040   Data           4  app.o(.data)
    q0                                       0x20000044   Data           4  imu.o(.data)
    q1                                       0x20000048   Data           4  imu.o(.data)
    q2                                       0x2000004c   Data           4  imu.o(.data)
    q3                                       0x20000050   Data           4  imu.o(.data)
    E0                                       0x20000054   Data           4  imu.o(.data)
    E1                                       0x20000058   Data           4  imu.o(.data)
    E2                                       0x2000005c   Data           4  imu.o(.data)
    E3                                       0x20000060   Data           4  imu.o(.data)
    halfT                                    0x20000064   Data           4  imu.o(.data)
    beta                                     0x20000068   Data           4  imu.o(.data)
    zero                                     0x2000006c   Data           4  imu.o(.data)
    OSCtxSwCtr                               0x20000070   Data           4  ucos_ii.o(.data)
    OSEventFreeList                          0x20000074   Data           4  ucos_ii.o(.data)
    OSFlagFreeList                           0x20000078   Data           4  ucos_ii.o(.data)
    OSCPUUsage                               0x2000007c   Data           1  ucos_ii.o(.data)
    OSIdleCtrMax                             0x20000080   Data           4  ucos_ii.o(.data)
    OSIdleCtrRun                             0x20000084   Data           4  ucos_ii.o(.data)
    OSStatRdy                                0x20000088   Data           1  ucos_ii.o(.data)
    OSIntNesting                             0x20000089   Data           1  ucos_ii.o(.data)
    OSLockNesting                            0x2000008a   Data           1  ucos_ii.o(.data)
    OSPrioCur                                0x2000008b   Data           1  ucos_ii.o(.data)
    OSPrioHighRdy                            0x2000008c   Data           1  ucos_ii.o(.data)
    OSRdyGrp                                 0x2000008d   Data           1  ucos_ii.o(.data)
    OSRdyTbl                                 0x2000008e   Data           8  ucos_ii.o(.data)
    OSRunning                                0x20000096   Data           1  ucos_ii.o(.data)
    OSTaskCtr                                0x20000097   Data           1  ucos_ii.o(.data)
    OSIdleCtr                                0x20000098   Data           4  ucos_ii.o(.data)
    OSTCBCur                                 0x2000009c   Data           4  ucos_ii.o(.data)
    OSTCBFreeList                            0x200000a0   Data           4  ucos_ii.o(.data)
    OSTCBHighRdy                             0x200000a4   Data           4  ucos_ii.o(.data)
    OSTCBList                                0x200000a8   Data           4  ucos_ii.o(.data)
    OSTickStepState                          0x200000ac   Data           1  ucos_ii.o(.data)
    OSMemFreeList                            0x200000b0   Data           4  ucos_ii.o(.data)
    OSQFreeList                              0x200000b4   Data           4  ucos_ii.o(.data)
    OSTaskRegNextAvailID                     0x200000b8   Data           1  ucos_ii.o(.data)
    OSTime                                   0x200000bc   Data           4  ucos_ii.o(.data)
    OSTmrFree                                0x200000c0   Data           2  ucos_ii.o(.data)
    OSTmrUsed                                0x200000c2   Data           2  ucos_ii.o(.data)
    OSTmrTime                                0x200000c4   Data           4  ucos_ii.o(.data)
    OSTmrSem                                 0x200000c8   Data           4  ucos_ii.o(.data)
    OSTmrSemSignal                           0x200000cc   Data           4  ucos_ii.o(.data)
    OSTmrFreeList                            0x200000d0   Data           4  ucos_ii.o(.data)
    OS_CPU_ExceptStkBase                     0x200000d4   Data           4  os_cpu_c.o(.data)
    OS_KA_BASEPRI_Boundary                   0x200000dc   Data           4  os_cpu_c.o(.data)
    Image$$RW_IRAM1$$ZI$$Base                0x200000e0   Number         0  anon$$obj.o ABSOLUTE
    PPM_Data                                 0x200000e0   Data          32  ppm.o(.bss)
    ppm_buffer                               0x20000100   Data          10  ppm.o(.bss)
    task_motor_stk                           0x2000010c   Data         512  app.o(.bss)
    task_sendInfo_stk                        0x2000030c   Data         512  app.o(.bss)
    task_getInfo_stk                         0x2000050c   Data         512  app.o(.bss)
    OSEventTbl                               0x2000090c   Data         240  ucos_ii.o(.bss)
    OSFlagTbl                                0x200009fc   Data          80  ucos_ii.o(.bss)
    OSTaskStatStk                            0x20000a4c   Data         512  ucos_ii.o(.bss)
    OSTaskIdleStk                            0x20000c4c   Data         512  ucos_ii.o(.bss)
    OSTCBPrioTbl                             0x20000e4c   Data         256  ucos_ii.o(.bss)
    OSTCBTbl                                 0x20000f4c   Data        2024  ucos_ii.o(.bss)
    OSMemTbl                                 0x20001734   Data         120  ucos_ii.o(.bss)
    OSQTbl                                   0x200017ac   Data          96  ucos_ii.o(.bss)
    OSTmrTbl                                 0x2000180c   Data         640  ucos_ii.o(.bss)
    OSTmrTaskStk                             0x20001a8c   Data         512  ucos_ii.o(.bss)
    OSTmrWheelTbl                            0x20001c8c   Data          56  ucos_ii.o(.bss)
    OS_CPU_ExceptStk                         0x20001cc4   Data        1024  os_cpu_c.o(.bss)
    __libspace_start                         0x200020c4   Data          96  libspace.o(.bss)
    __temporary_stack_top$libspace           0x20002124   Data           0  libspace.o(.bss)



==============================================================================

Memory Map of the image

  Image Entry point : 0x08000189

  Load Region LR_IROM1 (Base: 0x08000000, Size: 0x000063f0, Max: 0x00080000, ABSOLUTE)

    Execution Region ER_IROM1 (Exec base: 0x08000000, Load base: 0x08000000, Size: 0x00006310, Max: 0x00080000, ABSOLUTE)

    Exec Addr    Load Addr    Size         Type   Attr      Idx    E Section Name        Object

    0x08000000   0x08000000   0x00000188   Data   RO            3    RESET               startup_stm32f40_41xxx.o
    0x08000188   0x08000188   0x00000008   Code   RO         6705  * !!!main             c_w.l(__main.o)
    0x08000190   0x08000190   0x00000034   Code   RO         6979    !!!scatter          c_w.l(__scatter.o)
    0x080001c4   0x080001c4   0x0000001a   Code   RO         6981    !!handler_copy      c_w.l(__scatter_copy.o)
    0x080001de   0x080001de   0x00000002   PAD
    0x080001e0   0x080001e0   0x0000001c   Code   RO         6983    !!handler_zi        c_w.l(__scatter_zi.o)
    0x080001fc   0x080001fc   0x00000002   Code   RO         6852    .ARM.Collect$$libinit$$00000000  c_w.l(libinit.o)
    0x080001fe   0x080001fe   0x00000004   Code   RO         6855    .ARM.Collect$$libinit$$00000001  c_w.l(libinit2.o)
    0x08000202   0x08000202   0x00000000   Code   RO         6858    .ARM.Collect$$libinit$$00000004  c_w.l(libinit2.o)
    0x08000202   0x08000202   0x00000000   Code   RO         6861    .ARM.Collect$$libinit$$0000000A  c_w.l(libinit2.o)
    0x08000202   0x08000202   0x00000000   Code   RO         6863    .ARM.Collect$$libinit$$0000000C  c_w.l(libinit2.o)
    0x08000202   0x08000202   0x00000000   Code   RO         6865    .ARM.Collect$$libinit$$0000000E  c_w.l(libinit2.o)
    0x08000202   0x08000202   0x00000000   Code   RO         6868    .ARM.Collect$$libinit$$00000011  c_w.l(libinit2.o)
    0x08000202   0x08000202   0x00000000   Code   RO         6870    .ARM.Collect$$libinit$$00000013  c_w.l(libinit2.o)
    0x08000202   0x08000202   0x00000000   Code   RO         6872    .ARM.Collect$$libinit$$00000015  c_w.l(libinit2.o)
    0x08000202   0x08000202   0x00000000   Code   RO         6874    .ARM.Collect$$libinit$$00000017  c_w.l(libinit2.o)
    0x08000202   0x08000202   0x00000000   Code   RO         6876    .ARM.Collect$$libinit$$00000019  c_w.l(libinit2.o)
    0x08000202   0x08000202   0x00000000   Code   RO         6878    .ARM.Collect$$libinit$$0000001B  c_w.l(libinit2.o)
    0x08000202   0x08000202   0x00000000   Code   RO         6880    .ARM.Collect$$libinit$$0000001D  c_w.l(libinit2.o)
    0x08000202   0x08000202   0x00000000   Code   RO         6882    .ARM.Collect$$libinit$$0000001F  c_w.l(libinit2.o)
    0x08000202   0x08000202   0x00000000   Code   RO         6884    .ARM.Collect$$libinit$$00000021  c_w.l(libinit2.o)
    0x08000202   0x08000202   0x00000000   Code   RO         6886    .ARM.Collect$$libinit$$00000023  c_w.l(libinit2.o)
    0x08000202   0x08000202   0x00000000   Code   RO         6888    .ARM.Collect$$libinit$$00000025  c_w.l(libinit2.o)
    0x08000202   0x08000202   0x00000000   Code   RO         6892    .ARM.Collect$$libinit$$0000002C  c_w.l(libinit2.o)
    0x08000202   0x08000202   0x00000000   Code   RO         6894    .ARM.Collect$$libinit$$0000002E  c_w.l(libinit2.o)
    0x08000202   0x08000202   0x00000000   Code   RO         6896    .ARM.Collect$$libinit$$00000030  c_w.l(libinit2.o)
    0x08000202   0x08000202   0x00000000   Code   RO         6898    .ARM.Collect$$libinit$$00000032  c_w.l(libinit2.o)
    0x08000202   0x08000202   0x00000002   Code   RO         6899    .ARM.Collect$$libinit$$00000033  c_w.l(libinit2.o)
    0x08000204   0x08000204   0x00000002   Code   RO         6919    .ARM.Collect$$libshutdown$$00000000  c_w.l(libshutdown.o)
    0x08000206   0x08000206   0x00000000   Code   RO         6932    .ARM.Collect$$libshutdown$$00000002  c_w.l(libshutdown2.o)
    0x08000206   0x08000206   0x00000000   Code   RO         6934    .ARM.Collect$$libshutdown$$00000004  c_w.l(libshutdown2.o)
    0x08000206   0x08000206   0x00000000   Code   RO         6937    .ARM.Collect$$libshutdown$$00000007  c_w.l(libshutdown2.o)
    0x08000206   0x08000206   0x00000000   Code   RO         6940    .ARM.Collect$$libshutdown$$0000000A  c_w.l(libshutdown2.o)
    0x08000206   0x08000206   0x00000000   Code   RO         6942    .ARM.Collect$$libshutdown$$0000000C  c_w.l(libshutdown2.o)
    0x08000206   0x08000206   0x00000000   Code   RO         6945    .ARM.Collect$$libshutdown$$0000000F  c_w.l(libshutdown2.o)
    0x08000206   0x08000206   0x00000002   Code   RO         6946    .ARM.Collect$$libshutdown$$00000010  c_w.l(libshutdown2.o)
    0x08000208   0x08000208   0x00000000   Code   RO         6751    .ARM.Collect$$rtentry$$00000000  c_w.l(__rtentry.o)
    0x08000208   0x08000208   0x00000000   Code   RO         6819    .ARM.Collect$$rtentry$$00000002  c_w.l(__rtentry2.o)
    0x08000208   0x08000208   0x00000006   Code   RO         6831    .ARM.Collect$$rtentry$$00000004  c_w.l(__rtentry4.o)
    0x0800020e   0x0800020e   0x00000000   Code   RO         6821    .ARM.Collect$$rtentry$$00000009  c_w.l(__rtentry2.o)
    0x0800020e   0x0800020e   0x00000004   Code   RO         6822    .ARM.Collect$$rtentry$$0000000A  c_w.l(__rtentry2.o)
    0x08000212   0x08000212   0x00000000   Code   RO         6824    .ARM.Collect$$rtentry$$0000000C  c_w.l(__rtentry2.o)
    0x08000212   0x08000212   0x00000008   Code   RO         6825    .ARM.Collect$$rtentry$$0000000D  c_w.l(__rtentry2.o)
    0x0800021a   0x0800021a   0x00000002   Code   RO         6853    .ARM.Collect$$rtexit$$00000000  c_w.l(rtexit.o)
    0x0800021c   0x0800021c   0x00000000   Code   RO         6901    .ARM.Collect$$rtexit$$00000002  c_w.l(rtexit2.o)
    0x0800021c   0x0800021c   0x00000004   Code   RO         6902    .ARM.Collect$$rtexit$$00000003  c_w.l(rtexit2.o)
    0x08000220   0x08000220   0x00000006   Code   RO         6903    .ARM.Collect$$rtexit$$00000004  c_w.l(rtexit2.o)
    0x08000226   0x08000226   0x00000002   PAD
    0x08000228   0x08000228   0x00000048   Code   RO            4    .text               startup_stm32f40_41xxx.o
    0x08000270   0x08000270   0x00000038   Code   RO         6548    .text               myscratterload.o
    0x080002a8   0x080002a8   0x000001bc   Code   RO         6552    .text               os_cpu_a.o
    0x08000464   0x08000464   0x00000006   Code   RO         6703    .text               c_w.l(heapauxi.o)
    0x0800046a   0x0800046a   0x00000016   Code   RO         6752    .text               c_w.l(_rserrno.o)
    0x08000480   0x08000480   0x00000008   Code   RO         6836    .text               c_w.l(rt_errno_addr_intlibspace.o)
    0x08000488   0x08000488   0x00000008   Code   RO         6840    .text               c_w.l(libspace.o)
    0x08000490   0x08000490   0x0000004a   Code   RO         6843    .text               c_w.l(sys_stackheap_outer.o)
    0x080004da   0x080004da   0x00000012   Code   RO         6845    .text               c_w.l(exit.o)
    0x080004ec   0x080004ec   0x0000000c   Code   RO         6911    .text               c_w.l(sys_exit.o)
    0x080004f8   0x080004f8   0x00000002   Code   RO         6922    .text               c_w.l(use_no_semi.o)
    0x080004fa   0x080004fa   0x00000000   Code   RO         6924    .text               c_w.l(indicate_semi.o)
    0x080004fa   0x080004fa   0x00000002   Code   RO         6644    i.App_TCBInitHook   myhook.o
    0x080004fc   0x080004fc   0x00000002   Code   RO         6645    i.App_TaskCreateHook  myhook.o
    0x080004fe   0x080004fe   0x00000002   Code   RO         6646    i.App_TaskDelHook   myhook.o
    0x08000500   0x08000500   0x00000002   Code   RO         6647    i.App_TaskIdleHook  myhook.o
    0x08000502   0x08000502   0x00000002   Code   RO         6648    i.App_TaskReturnHook  myhook.o
    0x08000504   0x08000504   0x00000002   Code   RO         6649    i.App_TaskStatHook  myhook.o
    0x08000506   0x08000506   0x00000002   Code   RO         6650    i.App_TaskSwHook    myhook.o
    0x08000508   0x08000508   0x00000002   Code   RO         6651    i.App_TimeTickHook  myhook.o
    0x0800050a   0x0800050a   0x00000004   Code   RO         5571    i.BusFault_Handler  stm32f4xx_it.o
    0x0800050e   0x0800050e   0x00000002   Code   RO         5572    i.DebugMon_Handler  stm32f4xx_it.o
    0x08000510   0x08000510   0x00000014   Code   RO         5174    i.Delay_ms          delay.o
    0x08000524   0x08000524   0x00000034   Code   RO         5023    i.GPIO_INIT         hardwareinit.o
    0x08000558   0x08000558   0x00000090   Code   RO         1893    i.GPIO_Init         stm32f4xx_gpio.o
    0x080005e8   0x080005e8   0x00000046   Code   RO         1894    i.GPIO_PinAFConfig  stm32f4xx_gpio.o
    0x0800062e   0x0800062e   0x0000000a   Code   RO         1905    i.GPIO_WriteBit     stm32f4xx_gpio.o
    0x08000638   0x08000638   0x00000046   Code   RO         5303    i.HMC5883L_Init     hmc5883l.o
    0x0800067e   0x0800067e   0x00000002   PAD
    0x08000680   0x08000680   0x00000054   Code   RO         5305    i.HMC5883L_WaitEvent  hmc5883l.o
    0x080006d4   0x080006d4   0x00000064   Code   RO         5306    i.HMC5883L_WriteReg  hmc5883l.o
    0x08000738   0x08000738   0x00000004   Code   RO         5573    i.HardFault_Handler  stm32f4xx_it.o
    0x0800073c   0x0800073c   0x00000018   Code   RO         2181    i.I2C_AcknowledgeConfig  stm32f4xx_i2c.o
    0x08000754   0x08000754   0x0000002a   Code   RO         2184    i.I2C_CheckEvent    stm32f4xx_i2c.o
    0x0800077e   0x0800077e   0x00000018   Code   RO         2187    i.I2C_Cmd           stm32f4xx_i2c.o
    0x08000796   0x08000796   0x00000018   Code   RO         2195    i.I2C_GenerateSTART  stm32f4xx_i2c.o
    0x080007ae   0x080007ae   0x00000018   Code   RO         2196    i.I2C_GenerateSTOP  stm32f4xx_i2c.o
    0x080007c6   0x080007c6   0x00000002   PAD
    0x080007c8   0x080007c8   0x000000e8   Code   RO         2202    i.I2C_Init          stm32f4xx_i2c.o
    0x080008b0   0x080008b0   0x00000008   Code   RO         2207    i.I2C_ReceiveData   stm32f4xx_i2c.o
    0x080008b8   0x080008b8   0x00000010   Code   RO         2209    i.I2C_Send7bitAddress  stm32f4xx_i2c.o
    0x080008c8   0x080008c8   0x00000004   Code   RO         2210    i.I2C_SendData      stm32f4xx_i2c.o
    0x080008cc   0x080008cc   0x00000930   Code   RO         5726    i.IMU_update        imu.o
    0x080011fc   0x080011fc   0x000000ac   Code   RO         5111    i.MPU6050_GetData   mpu6050.o
    0x080012a8   0x080012a8   0x00000040   Code   RO         5113    i.MPU6050_Init      mpu6050.o
    0x080012e8   0x080012e8   0x00000098   Code   RO         5114    i.MPU6050_ReadReg   mpu6050.o
    0x08001380   0x08001380   0x00000054   Code   RO         5115    i.MPU6050_WaitEvent  mpu6050.o
    0x080013d4   0x080013d4   0x00000064   Code   RO         5116    i.MPU6050_WriteReg  mpu6050.o
    0x08001438   0x08001438   0x000000ac   Code   RO         5307    i.MPU_get_HMCData   hmc5883l.o
    0x080014e4   0x080014e4   0x00000004   Code   RO         5574    i.MemManage_Handler  stm32f4xx_it.o
    0x080014e8   0x080014e8   0x0000008c   Code   RO         5117    i.MyI2C_Init        mpu6050.o
    0x08001574   0x08001574   0x00000002   Code   RO         5575    i.NMI_Handler       stm32f4xx_it.o
    0x08001576   0x08001576   0x00000002   PAD
    0x08001578   0x08001578   0x00000078   Code   RO          149    i.NVIC_Init         misc.o
    0x080015f0   0x080015f0   0x00000014   Code   RO          150    i.NVIC_PriorityGroupConfig  misc.o
    0x08001604   0x08001604   0x0000002a   Code   RO         5359    i.OLED_Clear        oled.o
    0x0800162e   0x0800162e   0x00000002   PAD
    0x08001630   0x08001630   0x00000048   Code   RO         5360    i.OLED_I2C_Init     oled.o
    0x08001678   0x08001678   0x00000054   Code   RO         5361    i.OLED_I2C_SendByte  oled.o
    0x080016cc   0x080016cc   0x00000034   Code   RO         5362    i.OLED_I2C_Start    oled.o
    0x08001700   0x08001700   0x00000028   Code   RO         5363    i.OLED_I2C_Stop     oled.o
    0x08001728   0x08001728   0x000000ae   Code   RO         5364    i.OLED_Init         oled.o
    0x080017d6   0x080017d6   0x00000014   Code   RO         5365    i.OLED_Pow          oled.o
    0x080017ea   0x080017ea   0x00000022   Code   RO         5366    i.OLED_SetCursor    oled.o
    0x0800180c   0x0800180c   0x00000074   Code   RO         5368    i.OLED_ShowChar     oled.o
    0x08001880   0x08001880   0x000000dc   Code   RO         5369    i.OLED_ShowFNum     oled.o
    0x0800195c   0x0800195c   0x00000028   Code   RO         5373    i.OLED_ShowString   oled.o
    0x08001984   0x08001984   0x00000020   Code   RO         5374    i.OLED_WriteCommand  oled.o
    0x080019a4   0x080019a4   0x00000020   Code   RO         5375    i.OLED_WriteData    oled.o
    0x080019c4   0x080019c4   0x0000015c   Code   RO         5767    i.OSDebugInit       ucos_ii.o
    0x08001b20   0x08001b20   0x00000074   Code   RO         5769    i.OSEventNameSet    ucos_ii.o
    0x08001b94   0x08001b94   0x00000038   Code   RO         5780    i.OSInit            ucos_ii.o
    0x08001bcc   0x08001bcc   0x00000044   Code   RO         6555    i.OSInitHookBegin   os_cpu_c.o
    0x08001c10   0x08001c10   0x00000002   Code   RO         6556    i.OSInitHookEnd     os_cpu_c.o
    0x08001c12   0x08001c12   0x00000002   PAD
    0x08001c14   0x08001c14   0x00000024   Code   RO         5781    i.OSIntEnter        ucos_ii.o
    0x08001c38   0x08001c38   0x0000009c   Code   RO         5782    i.OSIntExit         ucos_ii.o
    0x08001cd4   0x08001cd4   0x00000048   Code   RO         5814    i.OSSchedLock       ucos_ii.o
    0x08001d1c   0x08001d1c   0x00000070   Code   RO         5815    i.OSSchedUnlock     ucos_ii.o
    0x08001d8c   0x08001d8c   0x00000060   Code   RO         5817    i.OSSemCreate       ucos_ii.o
    0x08001dec   0x08001dec   0x00000118   Code   RO         5819    i.OSSemPend         ucos_ii.o
    0x08001f04   0x08001f04   0x00000070   Code   RO         5821    i.OSSemPost         ucos_ii.o
    0x08001f74   0x08001f74   0x00000048   Code   RO         5824    i.OSStart           ucos_ii.o
    0x08001fbc   0x08001fbc   0x0000000c   Code   RO         6557    i.OSTCBInitHook     os_cpu_c.o
    0x08001fc8   0x08001fc8   0x000000c8   Code   RO         5827    i.OSTaskCreate      ucos_ii.o
    0x08002090   0x08002090   0x000000dc   Code   RO         5828    i.OSTaskCreateExt   ucos_ii.o
    0x0800216c   0x0800216c   0x0000000c   Code   RO         6558    i.OSTaskCreateHook  os_cpu_c.o
    0x08002178   0x08002178   0x00000188   Code   RO         5829    i.OSTaskDel         ucos_ii.o
    0x08002300   0x08002300   0x0000000c   Code   RO         6559    i.OSTaskDelHook     os_cpu_c.o
    0x0800230c   0x0800230c   0x00000008   Code   RO         6560    i.OSTaskIdleHook    os_cpu_c.o
    0x08002314   0x08002314   0x00000098   Code   RO         5832    i.OSTaskNameSet     ucos_ii.o
    0x080023ac   0x080023ac   0x000000d4   Code   RO         5837    i.OSTaskResume      ucos_ii.o
    0x08002480   0x08002480   0x0000000c   Code   RO         6561    i.OSTaskReturnHook  os_cpu_c.o
    0x0800248c   0x0800248c   0x00000008   Code   RO         6562    i.OSTaskStatHook    os_cpu_c.o
    0x08002494   0x08002494   0x000000b0   Code   RO         5838    i.OSTaskStkChk      ucos_ii.o
    0x08002544   0x08002544   0x000000b0   Code   RO         6563    i.OSTaskStkInit     os_cpu_c.o
    0x080025f4   0x080025f4   0x000000d0   Code   RO         5839    i.OSTaskSuspend     ucos_ii.o
    0x080026c4   0x080026c4   0x00000008   Code   RO         6564    i.OSTaskSwHook      os_cpu_c.o
    0x080026cc   0x080026cc   0x00000084   Code   RO         5840    i.OSTimeDly         ucos_ii.o
    0x08002750   0x08002750   0x00000100   Code   RO         5845    i.OSTimeTick        ucos_ii.o
    0x08002850   0x08002850   0x00000028   Code   RO         6565    i.OSTimeTickHook    os_cpu_c.o
    0x08002878   0x08002878   0x00000014   Code   RO         5850    i.OSTmrSignal       ucos_ii.o
    0x0800288c   0x0800288c   0x000000f4   Code   RO         5856    i.OSTmr_Init        ucos_ii.o
    0x08002980   0x08002980   0x00000050   Code   RO         5857    i.OSTmr_InitTask    ucos_ii.o
    0x080029d0   0x080029d0   0x00000074   Code   RO         5858    i.OSTmr_Link        ucos_ii.o
    0x08002a44   0x08002a44   0x00000084   Code   RO         5859    i.OSTmr_Task        ucos_ii.o
    0x08002ac8   0x08002ac8   0x00000048   Code   RO         5860    i.OSTmr_Unlink      ucos_ii.o
    0x08002b10   0x08002b10   0x00000002   Code   RO         5862    i.OS_Dummy          ucos_ii.o
    0x08002b12   0x08002b12   0x00000002   PAD
    0x08002b14   0x08002b14   0x00000094   Code   RO         5863    i.OS_EventTaskRdy   ucos_ii.o
    0x08002ba8   0x08002ba8   0x0000002e   Code   RO         5864    i.OS_EventTaskRemove  ucos_ii.o
    0x08002bd6   0x08002bd6   0x0000003a   Code   RO         5865    i.OS_EventTaskRemoveMulti  ucos_ii.o
    0x08002c10   0x08002c10   0x0000007c   Code   RO         5866    i.OS_EventTaskWait  ucos_ii.o
    0x08002c8c   0x08002c8c   0x0000001c   Code   RO         5868    i.OS_EventWaitListInit  ucos_ii.o
    0x08002ca8   0x08002ca8   0x00000054   Code   RO         5870    i.OS_FlagInit       ucos_ii.o
    0x08002cfc   0x08002cfc   0x00000024   Code   RO         5872    i.OS_FlagUnlink     ucos_ii.o
    0x08002d20   0x08002d20   0x00000060   Code   RO         5873    i.OS_InitEventList  ucos_ii.o
    0x08002d80   0x08002d80   0x0000005c   Code   RO         5874    i.OS_InitMisc       ucos_ii.o
    0x08002ddc   0x08002ddc   0x00000044   Code   RO         5875    i.OS_InitRdyList    ucos_ii.o
    0x08002e20   0x08002e20   0x00000080   Code   RO         5876    i.OS_InitTCBList    ucos_ii.o
    0x08002ea0   0x08002ea0   0x00000050   Code   RO         5877    i.OS_InitTaskIdle   ucos_ii.o
    0x08002ef0   0x08002ef0   0x00000050   Code   RO         5878    i.OS_InitTaskStat   ucos_ii.o
    0x08002f40   0x08002f40   0x00000012   Code   RO         5879    i.OS_MemClr         ucos_ii.o
    0x08002f52   0x08002f52   0x00000002   PAD
    0x08002f54   0x08002f54   0x00000058   Code   RO         5881    i.OS_MemInit        ucos_ii.o
    0x08002fac   0x08002fac   0x0000004c   Code   RO         5882    i.OS_QInit          ucos_ii.o
    0x08002ff8   0x08002ff8   0x00000080   Code   RO         5883    i.OS_Sched          ucos_ii.o
    0x08003078   0x08003078   0x0000002c   Code   RO         5884    i.OS_SchedNew       ucos_ii.o
    0x080030a4   0x080030a4   0x00000168   Code   RO         5886    i.OS_TCBInit        ucos_ii.o
    0x0800320c   0x0800320c   0x00000030   Code   RO         5887    i.OS_TaskIdle       ucos_ii.o
    0x0800323c   0x0800323c   0x00000018   Code   RO         5888    i.OS_TaskReturn     ucos_ii.o
    0x08003254   0x08003254   0x000000f0   Code   RO         5889    i.OS_TaskStat       ucos_ii.o
    0x08003344   0x08003344   0x0000003c   Code   RO         5890    i.OS_TaskStatStkChk  ucos_ii.o
    0x08003380   0x08003380   0x0000001a   Code   RO         5891    i.OS_TaskStkClr     ucos_ii.o
    0x0800339a   0x0800339a   0x00000002   PAD
    0x0800339c   0x0800339c   0x000000d0   Code   RO         5533    i.PPM_Init          ppm.o
    0x0800346c   0x0800346c   0x00000124   Code   RO         5485    i.PWM_Init          pwm.o
    0x08003590   0x08003590   0x00000014   Code   RO         5486    i.PWM_SetCompare1   pwm.o
    0x080035a4   0x080035a4   0x00000014   Code   RO         5487    i.PWM_SetCompare2   pwm.o
    0x080035b8   0x080035b8   0x00000014   Code   RO         5488    i.PWM_SetCompare3   pwm.o
    0x080035cc   0x080035cc   0x00000014   Code   RO         5489    i.PWM_SetCompare4   pwm.o
    0x080035e0   0x080035e0   0x00000020   Code   RO         2819    i.RCC_AHB1PeriphClockCmd  stm32f4xx_rcc.o
    0x08003600   0x08003600   0x00000020   Code   RO         2828    i.RCC_APB1PeriphClockCmd  stm32f4xx_rcc.o
    0x08003620   0x08003620   0x00000020   Code   RO         2831    i.RCC_APB2PeriphClockCmd  stm32f4xx_rcc.o
    0x08003640   0x08003640   0x000000e8   Code   RO         2840    i.RCC_GetClocksFreq  stm32f4xx_rcc.o
    0x08003728   0x08003728   0x00000002   Code   RO         5576    i.SVC_Handler       stm32f4xx_it.o
    0x0800372a   0x0800372a   0x00000014   Code   RO         5206    i.Serial_Pow        serial.o
    0x0800373e   0x0800373e   0x00000002   PAD
    0x08003740   0x08003740   0x00000020   Code   RO         5208    i.Serial_SendByte   serial.o
    0x08003760   0x08003760   0x00000096   Code   RO         5210    i.Serial_SendFloatSimple  serial.o
    0x080037f6   0x080037f6   0x0000003a   Code   RO         5211    i.Serial_SendNumber  serial.o
    0x08003830   0x08003830   0x0000001a   Code   RO         5212    i.Serial_SendString  serial.o
    0x0800384a   0x0800384a   0x00000002   PAD
    0x0800384c   0x0800384c   0x000000cc   Code   RO         5213    i.Serial_init       serial.o
    0x08003918   0x08003918   0x00000026   Code   RO         6566    i.SysTick_Handler   os_cpu_c.o
    0x0800393e   0x0800393e   0x0000003a   Code   RO         4199    i.TI1_Config        stm32f4xx_tim.o
    0x08003978   0x08003978   0x00000050   Code   RO         4200    i.TI2_Config        stm32f4xx_tim.o
    0x080039c8   0x080039c8   0x00000048   Code   RO         4201    i.TI3_Config        stm32f4xx_tim.o
    0x08003a10   0x08003a10   0x00000050   Code   RO         4202    i.TI4_Config        stm32f4xx_tim.o
    0x08003a60   0x08003a60   0x000000dc   Code   RO         5534    i.TIM2_IRQHandler   ppm.o
    0x08003b3c   0x08003b3c   0x00000018   Code   RO         4215    i.TIM_Cmd           stm32f4xx_tim.o
    0x08003b54   0x08003b54   0x00000006   Code   RO         4231    i.TIM_GetCapture2   stm32f4xx_tim.o
    0x08003b5a   0x08003b5a   0x0000006e   Code   RO         4238    i.TIM_ICInit        stm32f4xx_tim.o
    0x08003bc8   0x08003bc8   0x00000012   Code   RO         4240    i.TIM_ITConfig      stm32f4xx_tim.o
    0x08003bda   0x08003bda   0x0000000c   Code   RO         4242    i.TIM_InternalClockConfig  stm32f4xx_tim.o
    0x08003be6   0x08003be6   0x00000002   PAD
    0x08003be8   0x08003be8   0x0000007c   Code   RO         4244    i.TIM_OC1Init       stm32f4xx_tim.o
    0x08003c64   0x08003c64   0x00000012   Code   RO         4247    i.TIM_OC1PreloadConfig  stm32f4xx_tim.o
    0x08003c76   0x08003c76   0x00000002   PAD
    0x08003c78   0x08003c78   0x000000a4   Code   RO         4249    i.TIM_OC2Init       stm32f4xx_tim.o
    0x08003d1c   0x08003d1c   0x0000001a   Code   RO         4252    i.TIM_OC2PreloadConfig  stm32f4xx_tim.o
    0x08003d36   0x08003d36   0x00000002   PAD
    0x08003d38   0x08003d38   0x000000a0   Code   RO         4254    i.TIM_OC3Init       stm32f4xx_tim.o
    0x08003dd8   0x08003dd8   0x00000012   Code   RO         4257    i.TIM_OC3PreloadConfig  stm32f4xx_tim.o
    0x08003dea   0x08003dea   0x00000002   PAD
    0x08003dec   0x08003dec   0x00000078   Code   RO         4259    i.TIM_OC4Init       stm32f4xx_tim.o
    0x08003e64   0x08003e64   0x0000001a   Code   RO         4261    i.TIM_OC4PreloadConfig  stm32f4xx_tim.o
    0x08003e7e   0x08003e7e   0x00000012   Code   RO         4269    i.TIM_SelectInputTrigger  stm32f4xx_tim.o
    0x08003e90   0x08003e90   0x00000012   Code   RO         4274    i.TIM_SelectSlaveMode  stm32f4xx_tim.o
    0x08003ea2   0x08003ea2   0x00000004   Code   RO         4277    i.TIM_SetCompare1   stm32f4xx_tim.o
    0x08003ea6   0x08003ea6   0x00000004   Code   RO         4278    i.TIM_SetCompare2   stm32f4xx_tim.o
    0x08003eaa   0x08003eaa   0x00000004   Code   RO         4279    i.TIM_SetCompare3   stm32f4xx_tim.o
    0x08003eae   0x08003eae   0x00000004   Code   RO         4280    i.TIM_SetCompare4   stm32f4xx_tim.o
    0x08003eb2   0x08003eb2   0x00000012   Code   RO         4282    i.TIM_SetIC1Prescaler  stm32f4xx_tim.o
    0x08003ec4   0x08003ec4   0x0000001a   Code   RO         4283    i.TIM_SetIC2Prescaler  stm32f4xx_tim.o
    0x08003ede   0x08003ede   0x00000012   Code   RO         4284    i.TIM_SetIC3Prescaler  stm32f4xx_tim.o
    0x08003ef0   0x08003ef0   0x0000001a   Code   RO         4285    i.TIM_SetIC4Prescaler  stm32f4xx_tim.o
    0x08003f0a   0x08003f0a   0x00000002   PAD
    0x08003f0c   0x08003f0c   0x00000084   Code   RO         4287    i.TIM_TimeBaseInit  stm32f4xx_tim.o
    0x08003f90   0x08003f90   0x00000012   Code   RO         5639    i.Task_GetInfo      app.o
    0x08003fa2   0x08003fa2   0x00000002   PAD
    0x08003fa4   0x08003fa4   0x00000120   Code   RO         5640    i.Task_SendInfo     app.o
    0x080040c4   0x080040c4   0x00000054   Code   RO         5641    i.Task_Start        app.o
    0x08004118   0x08004118   0x00000098   Code   RO         5642    i.Task_motor        app.o
    0x080041b0   0x080041b0   0x00000058   Code   RO         5214    i.USART1_IRQHandler  serial.o
    0x08004208   0x08004208   0x0000001e   Code   RO         4766    i.USART_ClearITPendingBit  stm32f4xx_usart.o
    0x08004226   0x08004226   0x00000018   Code   RO         4769    i.USART_Cmd         stm32f4xx_usart.o
    0x0800423e   0x0800423e   0x0000001a   Code   RO         4772    i.USART_GetFlagStatus  stm32f4xx_usart.o
    0x08004258   0x08004258   0x00000054   Code   RO         4773    i.USART_GetITStatus  stm32f4xx_usart.o
    0x080042ac   0x080042ac   0x0000004a   Code   RO         4775    i.USART_ITConfig    stm32f4xx_usart.o
    0x080042f6   0x080042f6   0x00000002   PAD
    0x080042f8   0x080042f8   0x000000d4   Code   RO         4776    i.USART_Init        stm32f4xx_usart.o
    0x080043cc   0x080043cc   0x0000000a   Code   RO         4783    i.USART_ReceiveData  stm32f4xx_usart.o
    0x080043d6   0x080043d6   0x00000008   Code   RO         4786    i.USART_SendData    stm32f4xx_usart.o
    0x080043de   0x080043de   0x00000004   Code   RO         5578    i.UsageFault_Handler  stm32f4xx_it.o
    0x080043e2   0x080043e2   0x00000030   Code   RO         6813    i.__ARM_fpclassify  m_wm.l(fpclassify.o)
    0x08004412   0x08004412   0x00000006   PAD
    0x08004418   0x08004418   0x00000360   Code   RO         6713    i.__hardfp_asin     m_wm.l(asin.o)
    0x08004778   0x08004778   0x000002d8   Code   RO         6779    i.__hardfp_atan     m_wm.l(atan.o)
    0x08004a50   0x08004a50   0x000001f0   Code   RO         6727    i.__hardfp_atan2    m_wm.l(atan2.o)
    0x08004c40   0x08004c40   0x0000007a   Code   RO         6739    i.__hardfp_sqrt     m_wm.l(sqrt.o)
    0x08004cba   0x08004cba   0x000000f8   Code   RO         6815    i.__kernel_poly     m_wm.l(poly.o)
    0x08004db2   0x08004db2   0x00000014   Code   RO         6794    i.__mathlib_dbl_infnan  m_wm.l(dunder.o)
    0x08004dc6   0x08004dc6   0x00000014   Code   RO         6795    i.__mathlib_dbl_infnan2  m_wm.l(dunder.o)
    0x08004dda   0x08004dda   0x00000006   PAD
    0x08004de0   0x08004de0   0x00000020   Code   RO         6796    i.__mathlib_dbl_invalid  m_wm.l(dunder.o)
    0x08004e00   0x08004e00   0x00000020   Code   RO         6799    i.__mathlib_dbl_underflow  m_wm.l(dunder.o)
    0x08004e20   0x08004e20   0x00000010   Code   RO         6781    i.atan              m_wm.l(atan.o)
    0x08004e30   0x08004e30   0x00000018   Code   RO         6809    i.fabs              m_wm.l(fabs.o)
    0x08004e48   0x08004e48   0x00000024   Code   RO         5024    i.hardware_Init     hardwareinit.o
    0x08004e6c   0x08004e6c   0x0000003c   Code   RO         5727    i.invSqrt           imu.o
    0x08004ea8   0x08004ea8   0x00000028   Code   RO         5697    i.main              main.o
    0x08004ed0   0x08004ed0   0x00000064   Code   RO         5728    i.quaternion_unit   imu.o
    0x08004f34   0x08004f34   0x0000006e   Code   RO         6741    i.sqrt              m_wm.l(sqrt.o)
    0x08004fa2   0x08004fa2   0x00000018   Code   RO         6754    x$fpl$basic         fz_wm.l(basic.o)
    0x08004fba   0x08004fba   0x00000002   PAD
    0x08004fbc   0x08004fbc   0x00000062   Code   RO         6707    x$fpl$d2f           fz_wm.l(d2f.o)
    0x0800501e   0x0800501e   0x00000002   PAD
    0x08005020   0x08005020   0x00000150   Code   RO         6756    x$fpl$dadd          fz_wm.l(daddsub_clz.o)
    0x08005170   0x08005170   0x000002b0   Code   RO         6763    x$fpl$ddiv          fz_wm.l(ddiv.o)
    0x08005420   0x08005420   0x00000154   Code   RO         6709    x$fpl$dmul          fz_wm.l(dmul.o)
    0x08005574   0x08005574   0x0000009c   Code   RO         6768    x$fpl$dnaninf       fz_wm.l(dnaninf.o)
    0x08005610   0x08005610   0x0000000c   Code   RO         6770    x$fpl$dretinf       fz_wm.l(dretinf.o)
    0x0800561c   0x0800561c   0x00000016   Code   RO         6757    x$fpl$drsb          fz_wm.l(daddsub_clz.o)
    0x08005632   0x08005632   0x00000002   PAD
    0x08005634   0x08005634   0x00000198   Code   RO         6772    x$fpl$dsqrt         fz_wm.l(dsqrt_umaal.o)
    0x080057cc   0x080057cc   0x000001d4   Code   RO         6758    x$fpl$dsub          fz_wm.l(daddsub_clz.o)
    0x080059a0   0x080059a0   0x00000056   Code   RO         6711    x$fpl$f2d           fz_wm.l(f2d.o)
    0x080059f6   0x080059f6   0x0000008c   Code   RO         6774    x$fpl$fnaninf       fz_wm.l(fnaninf.o)
    0x08005a82   0x08005a82   0x0000000a   Code   RO         6909    x$fpl$fpinit        fz_wm.l(fpinit.o)
    0x08005a8c   0x08005a8c   0x0000000a   Code   RO         6776    x$fpl$fretinf       fz_wm.l(fretinf.o)
    0x08005a96   0x08005a96   0x00000000   Code   RO         6778    x$fpl$usenofp       fz_wm.l(usenofp.o)
    0x08005a96   0x08005a96   0x000005f0   Data   RO         5376    .constdata          oled.o
    0x08006086   0x08006086   0x00000002   PAD
    0x08006088   0x08006088   0x00000176   Data   RO         5893    .constdata          ucos_ii.o
    0x080061fe   0x080061fe   0x00000002   PAD
    0x08006200   0x08006200   0x00000050   Data   RO         6716    .constdata          m_wm.l(asin.o)
    0x08006250   0x08006250   0x00000098   Data   RO         6782    .constdata          m_wm.l(atan.o)
    0x080062e8   0x080062e8   0x00000008   Data   RO         6817    .constdata          m_wm.l(qnan.o)
    0x080062f0   0x080062f0   0x00000020   Data   RO         6977    Region$$Table       anon$$obj.o


    Execution Region RW_IRAM1 (Exec base: 0x20000000, Load base: 0x08006310, Size: 0x00002728, Max: 0x00018000, ABSOLUTE)

    Exec Addr    Load Addr    Size         Type   Attr      Idx    E Section Name        Object

    0x20000000   0x08006310   0x00000010   Data   RW         2872    .data               stm32f4xx_rcc.o
    0x20000010   0x08006320   0x00000002   Data   RW         5215    .data               serial.o
    0x20000012   0x08006322   0x00000002   PAD
    0x20000014   0x08006324   0x00000017   Data   RW         5536    .data               ppm.o
    0x2000002b   0x0800633b   0x00000001   PAD
    0x2000002c   0x0800633c   0x00000018   Data   RW         5644    .data               app.o
    0x20000044   0x08006354   0x0000002c   Data   RW         5729    .data               imu.o
    0x20000070   0x08006380   0x00000064   Data   RW         5894    .data               ucos_ii.o
    0x200000d4   0x080063e4   0x0000000c   Data   RW         6568    .data               os_cpu_c.o
    0x200000e0        -       0x0000002a   Zero   RW         5535    .bss                ppm.o
    0x2000010a   0x080063f0   0x00000002   PAD
    0x2000010c        -       0x00000600   Zero   RW         5643    .bss                app.o
    0x2000070c        -       0x00000200   Zero   RW         5698    .bss                main.o
    0x2000090c        -       0x000013b8   Zero   RW         5892    .bss                ucos_ii.o
    0x20001cc4        -       0x00000400   Zero   RW         6567    .bss                os_cpu_c.o
    0x200020c4        -       0x00000060   Zero   RW         6841    .bss                c_w.l(libspace.o)
    0x20002124   0x080063f0   0x00000004   PAD
    0x20002128        -       0x00000200   Zero   RW            2    HEAP                startup_stm32f40_41xxx.o
    0x20002328        -       0x00000400   Zero   RW            1    STACK               startup_stm32f40_41xxx.o


==============================================================================

Image component sizes


      Code (inc. data)   RO Data    RW Data    ZI Data      Debug   Object Name

       542        146          0         24       1536       3525   app.o
        20          0          0          0          0        539   delay.o
        88          4          0          0          0       2084   hardwareinit.o
       426         48          0          0          0       3103   hmc5883l.o
      2512        116          0         44          0       3503   imu.o
        40         10          0          0        512       1071   main.o
       140         24          0          0          0       1595   misc.o
       712         64          0          0          0       4479   mpu6050.o
        16          0          0          0          0       3976   myhook.o
        56         20          0          0          0        436   myscratterload.o
       958         28       1520          0          0       8650   oled.o
       444         64          0          0          0        416   os_cpu_a.o
       396         32          0         12       1024      16951   os_cpu_c.o
       428         36          0         23         42       2277   ppm.o
       372         36          0          0          0       2979   pwm.o
       578         30          0          2          0      14836   serial.o
        72         28        392          0       1536        924   startup_stm32f40_41xxx.o
       224          0          0          0          0       2443   stm32f4xx_gpio.o
       398         14          0          0          0       6156   stm32f4xx_i2c.o
        22          0          0          0          0       3383   stm32f4xx_it.o
       328         36          0         16          0       4767   stm32f4xx_rcc.o
      1388         66          0          0          0      18708   stm32f4xx_tim.o
       468          8          0          0          0       6299   stm32f4xx_usart.o
         0          0          0          0          0     298996   system_stm32f4xx.o
      6250       1014        374        100       5048      48059   ucos_ii.o

    ----------------------------------------------------------------------
     16912       1824       2322        224       9700     460155   Object Totals
         0          0         32          0          0          0   (incl. Generated)
        34          0          4          3          2          0   (incl. Padding)

    ----------------------------------------------------------------------

      Code (inc. data)   RO Data    RW Data    ZI Data      Debug   Library Member Name

         8          0          0          0          0         68   __main.o
         0          0          0          0          0          0   __rtentry.o
        12          0          0          0          0          0   __rtentry2.o
         6          0          0          0          0          0   __rtentry4.o
        52          8          0          0          0          0   __scatter.o
        26          0          0          0          0          0   __scatter_copy.o
        28          0          0          0          0          0   __scatter_zi.o
        22          0          0          0          0        100   _rserrno.o
        18          0          0          0          0         80   exit.o
         6          0          0          0          0        152   heapauxi.o
         0          0          0          0          0          0   indicate_semi.o
         2          0          0          0          0          0   libinit.o
         6          0          0          0          0          0   libinit2.o
         2          0          0          0          0          0   libshutdown.o
         2          0          0          0          0          0   libshutdown2.o
         8          4          0          0         96         68   libspace.o
         8          4          0          0          0         68   rt_errno_addr_intlibspace.o
         2          0          0          0          0          0   rtexit.o
        10          0          0          0          0          0   rtexit2.o
        12          4          0          0          0         68   sys_exit.o
        74          0          0          0          0         80   sys_stackheap_outer.o
         2          0          0          0          0         68   use_no_semi.o
        24          0          0          0          0        164   basic.o
        98          4          0          0          0        140   d2f.o
       826         16          0          0          0        492   daddsub_clz.o
       688        140          0          0          0        256   ddiv.o
       340         12          0          0          0        152   dmul.o
       156          4          0          0          0        140   dnaninf.o
        12          0          0          0          0        116   dretinf.o
       408         56          0          0          0        168   dsqrt_umaal.o
        86          4          0          0          0        132   f2d.o
       140          4          0          0          0        132   fnaninf.o
        10          0          0          0          0        116   fpinit.o
        10          0          0          0          0        116   fretinf.o
         0          0          0          0          0          0   usenofp.o
       864         94         80          0          0        280   asin.o
       744        106        152          0          0        352   atan.o
       496         64          0          0          0        192   atan2.o
       104         16          0          0          0        496   dunder.o
        24          0          0          0          0        124   fabs.o
        48          0          0          0          0        124   fpclassify.o
       248          0          0          0          0        152   poly.o
         0          0          8          0          0          0   qnan.o
       232          0          0          0          0        296   sqrt.o

    ----------------------------------------------------------------------
      5886        540        240          0        100       4892   Library Totals
        22          0          0          0          4          0   (incl. Padding)

    ----------------------------------------------------------------------

      Code (inc. data)   RO Data    RW Data    ZI Data      Debug   Library Name

       306         20          0          0         96        752   c_w.l
      2798        240          0          0          0       2124   fz_wm.l
      2760        280        240          0          0       2016   m_wm.l

    ----------------------------------------------------------------------
      5886        540        240          0        100       4892   Library Totals

    ----------------------------------------------------------------------

==============================================================================


      Code (inc. data)   RO Data    RW Data    ZI Data      Debug   

     22798       2364       2562        224       9800     444887   Grand Totals
     22798       2364       2562        224       9800     444887   ELF Image Totals
     22798       2364       2562        224          0          0   ROM Totals

==============================================================================

    Total RO  Size (Code + RO Data)                25360 (  24.77kB)
    Total RW  Size (RW Data + ZI Data)             10024 (   9.79kB)
    Total ROM Size (Code + RO Data + RW Data)      25584 (  24.98kB)

==============================================================================

